Archive member included to satisfy reference by file (symbol)

/Applications/STM32CubeIDE.app/Contents/Eclipse/plugins/com.st.stm32cube.ide.mcu.externaltools.gnu-tools-for-stm32.13.3.rel1.macos64_1.0.0.202411102158/tools/bin/../lib/gcc/arm-none-eabi/13.3.1/../../../../arm-none-eabi/lib/thumb/v7e-m+fp/hard/libc_nano.a(libc_a-atof.o)
                              ./Core/Src/library/gps.o (atof)
/Applications/STM32CubeIDE.app/Contents/Eclipse/plugins/com.st.stm32cube.ide.mcu.externaltools.gnu-tools-for-stm32.13.3.rel1.macos64_1.0.0.202411102158/tools/bin/../lib/gcc/arm-none-eabi/13.3.1/../../../../arm-none-eabi/lib/thumb/v7e-m+fp/hard/libc_nano.a(libc_a-atoi.o)
                              ./Core/Src/library/gps.o (atoi)
/Applications/STM32CubeIDE.app/Contents/Eclipse/plugins/com.st.stm32cube.ide.mcu.externaltools.gnu-tools-for-stm32.13.3.rel1.macos64_1.0.0.202411102158/tools/bin/../lib/gcc/arm-none-eabi/13.3.1/../../../../arm-none-eabi/lib/thumb/v7e-m+fp/hard/libc_nano.a(libc_a-exit.o)
                              /Applications/STM32CubeIDE.app/Contents/Eclipse/plugins/com.st.stm32cube.ide.mcu.externaltools.gnu-tools-for-stm32.13.3.rel1.macos64_1.0.0.202411102158/tools/bin/../lib/gcc/arm-none-eabi/13.3.1/../../../../arm-none-eabi/lib/thumb/v7e-m+fp/hard/crt0.o (exit)
/Applications/STM32CubeIDE.app/Contents/Eclipse/plugins/com.st.stm32cube.ide.mcu.externaltools.gnu-tools-for-stm32.13.3.rel1.macos64_1.0.0.202411102158/tools/bin/../lib/gcc/arm-none-eabi/13.3.1/../../../../arm-none-eabi/lib/thumb/v7e-m+fp/hard/libc_nano.a(libc_a-nano-vfprintf_float.o)
                              (_printf_float)
/Applications/STM32CubeIDE.app/Contents/Eclipse/plugins/com.st.stm32cube.ide.mcu.externaltools.gnu-tools-for-stm32.13.3.rel1.macos64_1.0.0.202411102158/tools/bin/../lib/gcc/arm-none-eabi/13.3.1/../../../../arm-none-eabi/lib/thumb/v7e-m+fp/hard/libc_nano.a(libc_a-nano-vfprintf_i.o)
                              /Applications/STM32CubeIDE.app/Contents/Eclipse/plugins/com.st.stm32cube.ide.mcu.externaltools.gnu-tools-for-stm32.13.3.rel1.macos64_1.0.0.202411102158/tools/bin/../lib/gcc/arm-none-eabi/13.3.1/../../../../arm-none-eabi/lib/thumb/v7e-m+fp/hard/libc_nano.a(libc_a-nano-vfprintf_float.o) (_printf_common)
/Applications/STM32CubeIDE.app/Contents/Eclipse/plugins/com.st.stm32cube.ide.mcu.externaltools.gnu-tools-for-stm32.13.3.rel1.macos64_1.0.0.202411102158/tools/bin/../lib/gcc/arm-none-eabi/13.3.1/../../../../arm-none-eabi/lib/thumb/v7e-m+fp/hard/libc_nano.a(libc_a-nano-vfscanf_float.o)
                              (_scanf_float)
/Applications/STM32CubeIDE.app/Contents/Eclipse/plugins/com.st.stm32cube.ide.mcu.externaltools.gnu-tools-for-stm32.13.3.rel1.macos64_1.0.0.202411102158/tools/bin/../lib/gcc/arm-none-eabi/13.3.1/../../../../arm-none-eabi/lib/thumb/v7e-m+fp/hard/libc_nano.a(libc_a-snprintf.o)
                              ./Core/Src/library/gps.o (snprintf)
/Applications/STM32CubeIDE.app/Contents/Eclipse/plugins/com.st.stm32cube.ide.mcu.externaltools.gnu-tools-for-stm32.13.3.rel1.macos64_1.0.0.202411102158/tools/bin/../lib/gcc/arm-none-eabi/13.3.1/../../../../arm-none-eabi/lib/thumb/v7e-m+fp/hard/libc_nano.a(libc_a-sprintf.o)
                              ./Core/Src/main.o (sprintf)
/Applications/STM32CubeIDE.app/Contents/Eclipse/plugins/com.st.stm32cube.ide.mcu.externaltools.gnu-tools-for-stm32.13.3.rel1.macos64_1.0.0.202411102158/tools/bin/../lib/gcc/arm-none-eabi/13.3.1/../../../../arm-none-eabi/lib/thumb/v7e-m+fp/hard/libc_nano.a(libc_a-sscanf.o)
                              ./Core/Src/main.o (sscanf)
/Applications/STM32CubeIDE.app/Contents/Eclipse/plugins/com.st.stm32cube.ide.mcu.externaltools.gnu-tools-for-stm32.13.3.rel1.macos64_1.0.0.202411102158/tools/bin/../lib/gcc/arm-none-eabi/13.3.1/../../../../arm-none-eabi/lib/thumb/v7e-m+fp/hard/libc_nano.a(libc_a-stdio.o)
                              /Applications/STM32CubeIDE.app/Contents/Eclipse/plugins/com.st.stm32cube.ide.mcu.externaltools.gnu-tools-for-stm32.13.3.rel1.macos64_1.0.0.202411102158/tools/bin/../lib/gcc/arm-none-eabi/13.3.1/../../../../arm-none-eabi/lib/thumb/v7e-m+fp/hard/libc_nano.a(libc_a-sscanf.o) (__seofread)
/Applications/STM32CubeIDE.app/Contents/Eclipse/plugins/com.st.stm32cube.ide.mcu.externaltools.gnu-tools-for-stm32.13.3.rel1.macos64_1.0.0.202411102158/tools/bin/../lib/gcc/arm-none-eabi/13.3.1/../../../../arm-none-eabi/lib/thumb/v7e-m+fp/hard/libc_nano.a(libc_a-findfp.o)
                              /Applications/STM32CubeIDE.app/Contents/Eclipse/plugins/com.st.stm32cube.ide.mcu.externaltools.gnu-tools-for-stm32.13.3.rel1.macos64_1.0.0.202411102158/tools/bin/../lib/gcc/arm-none-eabi/13.3.1/../../../../arm-none-eabi/lib/thumb/v7e-m+fp/hard/libc_nano.a(libc_a-exit.o) (__stdio_exit_handler)
[...]
Memory Configuration

Name             Origin             Length             Attributes
CCMRAM           0x10000000         0x00010000         xrw
RAM              0x20000000         0x00020000         xrw
FLASH            0x08000000         0x00080000         xr
*default*        0x00000000         0xffffffff

Linker script and memory map

LOAD /Applications/STM32CubeIDE.app/Contents/Eclipse/plugins/com.st.stm32cube.ide.mcu.externaltools.gnu-tools-for-stm32.13.3.rel1.macos64_1.0.0.202411102158/tools/bin/../lib/gcc/arm-none-eabi/13.3.1/thumb/v7e-m+fp/hard/crti.o
LOAD /Applications/STM32CubeIDE.app/Contents/Eclipse/plugins/com.st.stm32cube.ide.mcu.externaltools.gnu-tools-for-stm32.13.3.rel1.macos64_1.0.0.202411102158/tools/bin/../lib/gcc/arm-none-eabi/13.3.1/thumb/v7e-m+fp/hard/crtbegin.o
LOAD /Applications/STM32CubeIDE.app/Contents/Eclipse/plugins/com.st.stm32cube.ide.mcu.externaltools.gnu-tools-for-stm32.13.3.rel1.macos64_1.0.0.202411102158/tools/bin/../lib/gcc/arm-none-eabi/13.3.1/../../../../arm-none-eabi/lib/thumb/v7e-m+fp/hard/crt0.o
LOAD ./Core/Src/adc.o
LOAD ./Core/Src/dma.o
LOAD ./Core/Src/gpio.o
LOAD ./Core/Src/i2c.o
LOAD ./Core/Src/main.o
LOAD ./Core/Src/spi.o
LOAD ./Core/Src/stm32f4xx_hal_msp.o
LOAD ./Core/Src/stm32f4xx_it.o
LOAD ./Core/Src/syscalls.o
LOAD ./Core/Src/sysmem.o
LOAD ./Core/Src/system_stm32f4xx.o
LOAD ./Core/Src/tim.o
LOAD ./Core/Src/usart.o
LOAD ./Core/Src/library/EEPROM.o
LOAD ./Core/Src/library/INA219.o
LOAD ./Core/Src/library/adxl_345_imu.o
LOAD ./Core/Src/library/airQuality.o
LOAD ./Core/Src/library/encoder.o
LOAD ./Core/Src/library/gps.o
LOAD ./Core/Src/library/motorDriver.o
LOAD ./Core/Src/library/sps30.o
LOAD ./Core/Src/library/bme68x/bme68x.o
LOAD ./Core/Src/library/bme68x/bme68x_necessary_functions.o
LOAD ./Core/Startup/startup_stm32f407vetx.o
LOAD ./Drivers/STM32F4xx_HAL_Driver/Src/stm32f4xx_hal.o
LOAD ./Drivers/STM32F4xx_HAL_Driver/Src/stm32f4xx_hal_adc.o
LOAD ./Drivers/STM32F4xx_HAL_Driver/Src/stm32f4xx_hal_adc_ex.o
LOAD ./Drivers/STM32F4xx_HAL_Driver/Src/stm32f4xx_hal_cortex.o
LOAD ./Drivers/STM32F4xx_HAL_Driver/Src/stm32f4xx_hal_dma.o
LOAD ./Drivers/STM32F4xx_HAL_Driver/Src/stm32f4xx_hal_dma_ex.o
LOAD ./Drivers/STM32F4xx_HAL_Driver/Src/stm32f4xx_hal_exti.o
LOAD ./Drivers/STM32F4xx_HAL_Driver/Src/stm32f4xx_hal_flash.o
LOAD ./Drivers/STM32F4xx_HAL_Driver/Src/stm32f4xx_hal_flash_ex.o
LOAD ./Drivers/STM32F4xx_HAL_Driver/Src/stm32f4xx_hal_flash_ramfunc.o
LOAD ./Drivers/STM32F4xx_HAL_Driver/Src/stm32f4xx_hal_gpio.o
LOAD ./Drivers/STM32F4xx_HAL_Driver/Src/stm32f4xx_hal_i2c.o
LOAD ./Drivers/STM32F4xx_HAL_Driver/Src/stm32f4xx_hal_i2c_ex.o
LOAD ./Drivers/STM32F4xx_HAL_Driver/Src/stm32f4xx_hal_pcd.o
LOAD ./Drivers/STM32F4xx_HAL_Driver/Src/stm32f4xx_hal_pcd_ex.o
LOAD ./Drivers/STM32F4xx_HAL_Driver/Src/stm32f4xx_hal_pwr.o
LOAD ./Drivers/STM32F4xx_HAL_Driver/Src/stm32f4xx_hal_pwr_ex.o
LOAD ./Drivers/STM32F4xx_HAL_Driver/Src/stm32f4xx_hal_rcc.o
LOAD ./Drivers/STM32F4xx_HAL_Driver/Src/stm32f4xx_hal_rcc_ex.o
LOAD ./Drivers/STM32F4xx_HAL_Driver/Src/stm32f4xx_hal_spi.o
LOAD ./Drivers/STM32F4xx_HAL_Driver/Src/stm32f4xx_hal_tim.o
LOAD ./Drivers/STM32F4xx_HAL_Driver/Src/stm32f4xx_hal_tim_ex.o
LOAD ./Drivers/STM32F4xx_HAL_Driver/Src/stm32f4xx_hal_uart.o
LOAD ./Drivers/STM32F4xx_HAL_Driver/Src/stm32f4xx_ll_adc.o
LOAD ./Drivers/STM32F4xx_HAL_Driver/Src/stm32f4xx_ll_usb.o
LOAD ./Middlewares/ST/STM32_USB_Device_Library/Class/CDC/Src/usbd_cdc.o
LOAD ./Middlewares/ST/STM32_USB_Device_Library/Core/Src/usbd_core.o
LOAD ./Middlewares/ST/STM32_USB_Device_Library/Core/Src/usbd_ctlreq.o
LOAD ./Middlewares/ST/STM32_USB_Device_Library/Core/Src/usbd_ioreq.o
LOAD ./USB_DEVICE/App/usb_device.o
LOAD ./USB_DEVICE/App/usbd_cdc_if.o
LOAD ./USB_DEVICE/App/usbd_desc.o
LOAD ./USB_DEVICE/Target/usbd_conf.o
START GROUP
LOAD /Applications/STM32CubeIDE.app/Contents/Eclipse/plugins/com.st.stm32cube.ide.mcu.externaltools.gnu-tools-for-stm32.13.3.rel1.macos64_1.0.0.202411102158/tools/bin/../lib/gcc/arm-none-eabi/13.3.1/../../../../arm-none-eabi/lib/thumb/v7e-m+fp/hard/libc_nano.a
LOAD /Applications/STM32CubeIDE.app/Contents/Eclipse/plugins/com.st.stm32cube.ide.mcu.externaltools.gnu-tools-for-stm32.13.3.rel1.macos64_1.0.0.202411102158/tools/bin/../lib/gcc/arm-none-eabi/13.3.1/../../../../arm-none-eabi/lib/thumb/v7e-m+fp/hard/libm.a
END GROUP
START GROUP
LOAD /Applications/STM32CubeIDE.app/Contents/Eclipse/plugins/com.st.stm32cube.ide.mcu.externaltools.gnu-tools-for-stm32.13.3.rel1.macos64_1.0.0.202411102158/tools/bin/../lib/gcc/arm-none-eabi/13.3.1/thumb/v7e-m+fp/hard/libgcc.a
LOAD /Applications/STM32CubeIDE.app/Contents/Eclipse/plugins/com.st.stm32cube.ide.mcu.externaltools.gnu-tools-for-stm32.13.3.rel1.macos64_1.0.0.202411102158/tools/bin/../lib/gcc/arm-none-eabi/13.3.1/../../../../arm-none-eabi/lib/thumb/v7e-m+fp/hard/libc_nano.a
END GROUP
START GROUP
LOAD /Applications/STM32CubeIDE.app/Contents/Eclipse/plugins/com.st.stm32cube.ide.mcu.externaltools.gnu-tools-for-stm32.13.3.rel1.macos64_1.0.0.202411102158/tools/bin/../lib/gcc/arm-none-eabi/13.3.1/thumb/v7e-m+fp/hard/libgcc.a
LOAD /Applications/STM32CubeIDE.app/Contents/Eclipse/plugins/com.st.stm32cube.ide.mcu.externaltools.gnu-tools-for-stm32.13.3.rel1.macos64_1.0.0.202411102158/tools/bin/../lib/gcc/arm-none-eabi/13.3.1/../../../../arm-none-eabi/lib/thumb/v7e-m+fp/hard/libc_nano.a
LOAD /Applications/STM32CubeIDE.app/Contents/Eclipse/plugins/com.st.stm32cube.ide.mcu.externaltools.gnu-tools-for-stm32.13.3.rel1.macos64_1.0.0.202411102158/tools/bin/../lib/gcc/arm-none-eabi/13.3.1/../../../../arm-none-eabi/lib/thumb/v7e-m+fp/hard/libnosys.a
END GROUP
START GROUP
LOAD /Applications/STM32CubeIDE.app/Contents/Eclipse/plugins/com.st.stm32cube.ide.mcu.externaltools.gnu-tools-for-stm32.13.3.rel1.macos64_1.0.0.202411102158/tools/bin/../lib/gcc/arm-none-eabi/13.3.1/thumb/v7e-m+fp/hard/libgcc.a
LOAD /Applications/STM32CubeIDE.app/Contents/Eclipse/plugins/com.st.stm32cube.ide.mcu.externaltools.gnu-tools-for-stm32.13.3.rel1.macos64_1.0.0.202411102158/tools/bin/../lib/gcc/arm-none-eabi/13.3.1/../../../../arm-none-eabi/lib/thumb/v7e-m+fp/hard/libc_nano.a
LOAD /Applications/STM32CubeIDE.app/Contents/Eclipse/plugins/com.st.stm32cube.ide.mcu.externaltools.gnu-tools-for-stm32.13.3.rel1.macos64_1.0.0.202411102158/tools/bin/../lib/gcc/arm-none-eabi/13.3.1/../../../../arm-none-eabi/lib/thumb/v7e-m+fp/hard/libnosys.a
END GROUP
LOAD /Applications/STM32CubeIDE.app/Contents/Eclipse/plugins/com.st.stm32cube.ide.mcu.externaltools.gnu-tools-for-stm32.13.3.rel1.macos64_1.0.0.202411102158/tools/bin/../lib/gcc/arm-none-eabi/13.3.1/thumb/v7e-m+fp/hard/crtend.o
LOAD /Applications/STM32CubeIDE.app/Contents/Eclipse/plugins/com.st.stm32cube.ide.mcu.externaltools.gnu-tools-for-stm32.13.3.rel1.macos64_1.0.0.202411102158/tools/bin/../lib/gcc/arm-none-eabi/13.3.1/thumb/v7e-m+fp/hard/crtn.o
                0x20020000                        _estack = (ORIGIN (RAM) + LENGTH (RAM))
                0x00000200                        _Min_Heap_Size = 0x200
                0x00000400                        _Min_Stack_Size = 0x400

.isr_vector     0x08000000      0x188
                0x08000000                        . = ALIGN (0x4)
 *(.isr_vector)
 .isr_vector    0x08000000      0x188 ./Core/Startup/startup_stm32f407vetx.o
                0x08000000                g_pfnVectors
                0x08000188                        . = ALIGN (0x4)

.text           0x08000190    0x17eb8
                0x08000190                        . = ALIGN (0x4)
 *(.text)
 .text          0x08000190       0x40 /Applications/STM32CubeIDE.app/Contents/Eclipse/plugins/com.st.stm32cube.ide.mcu.externaltools.gnu-tools-for-stm32.13.3.rel1.macos64_1.0.0.202411102158/tools/bin/../lib/gcc/arm-none-eabi/13.3.1/thumb/v7e-m+fp/hard/crtbegin.o
 .text          0x080001d0       0xa0 /Applications/STM32CubeIDE.app/Contents/Eclipse/plugins/com.st.stm32cube.ide.mcu.externaltools.gnu-tools-for-stm32.13.3.rel1.macos64_1.0.0.202411102158/tools/bin/../lib/gcc/arm-none-eabi/13.3.1/../../../../arm-none-eabi/lib/thumb/v7e-m+fp/hard/libc_nano.a(libc_a-memchr.o)
                0x080001d0                memchr
 .text          0x08000270       0x10 /Applications/STM32CubeIDE.app/Contents/Eclipse/plugins/com.st.stm32cube.ide.mcu.externaltools.gnu-tools-for-stm32.13.3.rel1.macos64_1.0.0.202411102158/tools/bin/../lib/gcc/arm-none-eabi/13.3.1/../../../../arm-none-eabi/lib/thumb/v7e-m+fp/hard/libc_nano.a(libc_a-strlen.o)
                0x08000270                strlen
 .text          0x08000280      0x378 /Applications/STM32CubeIDE.app/Contents/Eclipse/plugins/com.st.stm32cube.ide.mcu.externaltools.gnu-tools-for-stm32.13.3.rel1.macos64_1.0.0.202411102158/tools/bin/../lib/gcc/arm-none-eabi/13.3.1/thumb/v7e-m+fp/hard/libgcc.a(_arm_addsubdf3.o)
                0x08000280                __aeabi_drsub
                0x08000288                __subdf3
                0x08000288                __aeabi_dsub
                0x0800028c                __aeabi_dadd
                0x0800028c                __adddf3
                0x08000504                __aeabi_ui2d
                0x08000504                __floatunsidf
                0x08000524                __floatsidf
                0x08000524                __aeabi_i2d
                0x08000548                __extendsfdf2
                0x08000548                __aeabi_f2d
                0x0800058c                __aeabi_ul2d
                0x0800058c                __floatundidf
                0x0800059c                __aeabi_l2d
                0x0800059c                __floatdidf
 .text          0x080005f8      0x424 /Applications/STM32CubeIDE.app/Contents/Eclipse/plugins/com.st.stm32cube.ide.mcu.externaltools.gnu-tools-for-stm32.13.3.rel1.macos64_1.0.0.202411102158/tools/bin/../lib/gcc/arm-none-eabi/13.3.1/thumb/v7e-m+fp/hard/libgcc.a(_arm_muldivdf3.o)
                0x080005f8                __aeabi_dmul
                0x080005f8                __muldf3
                0x0800084c                __aeabi_ddiv
                0x0800084c                __divdf3
 .text          0x08000a1c      0x110 /Applications/STM32CubeIDE.app/Contents/Eclipse/plugins/com.st.stm32cube.ide.mcu.externaltools.gnu-tools-for-stm32.13.3.rel1.macos64_1.0.0.202411102158/tools/bin/../lib/gcc/arm-none-eabi/13.3.1/thumb/v7e-m+fp/hard/libgcc.a(_arm_cmpdf2.o)
                0x08000a1c                __gedf2
                0x08000a1c                __gtdf2
                0x08000a24                __ledf2
                0x08000a24                __ltdf2
                0x08000a2c                __cmpdf2
                0x08000a2c                __eqdf2
                0x08000a2c                __nedf2
                0x08000aa8                __aeabi_cdrcmple
                0x08000ab8                __aeabi_cdcmple
                0x08000ab8                __aeabi_cdcmpeq
                0x08000ac8                __aeabi_dcmpeq
                0x08000adc                __aeabi_dcmplt
                0x08000af0                __aeabi_dcmple
                0x08000b04                __aeabi_dcmpge
                0x08000b18                __aeabi_dcmpgt
 .text          0x08000b2c       0x2c /Applications/STM32CubeIDE.app/Contents/Eclipse/plugins/com.st.stm32cube.ide.mcu.externaltools.gnu-tools-for-stm32.13.3.rel1.macos64_1.0.0.202411102158/tools/bin/../lib/gcc/arm-none-eabi/13.3.1/thumb/v7e-m+fp/hard/libgcc.a(_arm_unorddf2.o)
                0x08000b2c                __aeabi_dcmpun
                0x08000b2c                __unorddf2
 .text          0x08000b58       0x50 /Applications/STM32CubeIDE.app/Contents/Eclipse/plugins/com.st.stm32cube.ide.mcu.externaltools.gnu-tools-for-stm32.13.3.rel1.macos64_1.0.0.202411102158/tools/bin/../lib/gcc/arm-none-eabi/13.3.1/thumb/v7e-m+fp/hard/libgcc.a(_arm_fixdfsi.o)
                0x08000b58                __fixdfsi
                0x08000b58                __aeabi_d2iz
 .text          0x08000ba8       0x40 /Applications/STM32CubeIDE.app/Contents/Eclipse/plugins/com.st.stm32cube.ide.mcu.externaltools.gnu-tools-for-stm32.13.3.rel1.macos64_1.0.0.202411102158/tools/bin/../lib/gcc/arm-none-eabi/13.3.1/thumb/v7e-m+fp/hard/libgcc.a(_arm_fixunsdfsi.o)
                0x08000ba8                __fixunsdfsi
                0x08000ba8                __aeabi_d2uiz
 .text          0x08000be8       0xa0 /Applications/STM32CubeIDE.app/Contents/Eclipse/plugins/com.st.stm32cube.ide.mcu.externaltools.gnu-tools-for-stm32.13.3.rel1.macos64_1.0.0.202411102158/tools/bin/../lib/gcc/arm-none-eabi/13.3.1/thumb/v7e-m+fp/hard/libgcc.a(_arm_truncdfsf2.o)
                0x08000be8                __aeabi_d2f
                0x08000be8                __truncdfsf2
 .text          0x08000c88       0x30 /Applications/STM32CubeIDE.app/Contents/Eclipse/plugins/com.st.stm32cube.ide.mcu.externaltools.gnu-tools-for-stm32.13.3.rel1.macos64_1.0.0.202411102158/tools/bin/../lib/gcc/arm-none-eabi/13.3.1/thumb/v7e-m+fp/hard/libgcc.a(_aeabi_uldivmod.o)
                0x08000c88                __aeabi_uldivmod
 .text          0x08000cb8       0x30 /Applications/STM32CubeIDE.app/Contents/Eclipse/plugins/com.st.stm32cube.ide.mcu.externaltools.gnu-tools-for-stm32.13.3.rel1.macos64_1.0.0.202411102158/tools/bin/../lib/gcc/arm-none-eabi/13.3.1/thumb/v7e-m+fp/hard/libgcc.a(_fixdfdi.o)
                0x08000cb8                __aeabi_d2lz
                0x08000cb8                __fixdfdi
 .text          0x08000ce8       0x3c /Applications/STM32CubeIDE.app/Contents/Eclipse/plugins/com.st.stm32cube.ide.mcu.externaltools.gnu-tools-for-stm32.13.3.rel1.macos64_1.0.0.202411102158/tools/bin/../lib/gcc/arm-none-eabi/13.3.1/thumb/v7e-m+fp/hard/libgcc.a(_fixunsdfdi.o)
                0x08000ce8                __aeabi_d2ulz
                0x08000ce8                __fixunsdfdi
 .text          0x08000d24      0x2f8 /Applications/STM32CubeIDE.app/Contents/Eclipse/plugins/com.st.stm32cube.ide.mcu.externaltools.gnu-tools-for-stm32.13.3.rel1.macos64_1.0.0.202411102158/tools/bin/../lib/gcc/arm-none-eabi/13.3.1/thumb/v7e-m+fp/hard/libgcc.a(_udivmoddi4.o)
                0x08000d24                __udivmoddi4
 .text          0x0800101c        0x4 /Applications/STM32CubeIDE.app/Contents/Eclipse/plugins/com.st.stm32cube.ide.mcu.externaltools.gnu-tools-for-stm32.13.3.rel1.macos64_1.0.0.202411102158/tools/bin/../lib/gcc/arm-none-eabi/13.3.1/thumb/v7e-m+fp/hard/libgcc.a(_dvmd_tls.o)
                0x0800101c                __aeabi_ldiv0
                0x0800101c                __aeabi_idiv0
 *(.text*)
 .text.MX_ADC1_Init
                0x08001020       0xa4 ./Core/Src/adc.o
                0x08001020                MX_ADC1_Init
 .text.HAL_ADC_MspInit
                0x080010c4       0x88 ./Core/Src/adc.o
                0x080010c4                HAL_ADC_MspInit
 .text.MX_DMA_Init
                0x0800114c       0x40 ./Core/Src/dma.o
                0x0800114c                MX_DMA_Init
 .text.MX_GPIO_Init
                0x0800118c      0x268 ./Core/Src/gpio.o
                0x0800118c                MX_GPIO_Init
 .text.MX_I2C1_Init
                0x080013f4       0x5c ./Core/Src/i2c.o
                0x080013f4                MX_I2C1_Init
 .text.MX_I2C2_Init
                0x08001450       0x5c ./Core/Src/i2c.o
                0x08001450                MX_I2C2_Init
 .text.MX_I2C3_Init
                0x080014ac       0x5c ./Core/Src/i2c.o
                0x080014ac                MX_I2C3_Init
 .text.HAL_I2C_MspInit
                0x08001508      0x1a8 ./Core/Src/i2c.o
                0x08001508                HAL_I2C_MspInit
 .text.get_battery_percentage
                0x080016b0      0x154 ./Core/Src/main.o
                0x080016b0                get_battery_percentage
 .text._write   0x08001804       0x28 ./Core/Src/main.o
                0x08001804                _write
 .text.Process_Serial_Input
                0x0800182c      0x34c ./Core/Src/main.o
                0x0800182c                Process_Serial_Input
 .text.main     0x08001b78      0x8e0 ./Core/Src/main.o
                0x08001b78                main
 .text.SystemClock_Config
                0x08002458       0xd4 ./Core/Src/main.o
                0x08002458                SystemClock_Config
 .text.HAL_GPIO_EXTI_Callback
                0x0800252c       0x16 ./Core/Src/main.o
                0x0800252c                HAL_GPIO_EXTI_Callback
 *fill*         0x08002542        0x2 
 .text.HAL_TIM_PeriodElapsedCallback
                0x08002544       0x70 ./Core/Src/main.o
                0x08002544                HAL_TIM_PeriodElapsedCallback
 .text.MX_TIM6_Init
                0x080025b4       0x68 ./Core/Src/main.o
                0x080025b4                MX_TIM6_Init
 .text.Error_Handler
                0x0800261c        0xc ./Core/Src/main.o
                0x0800261c                Error_Handler
 .text.MX_SPI1_Init
                0x08002628       0x6c ./Core/Src/spi.o
                0x08002628                MX_SPI1_Init
 .text.HAL_SPI_MspInit
                0x08002694       0xd0 ./Core/Src/spi.o
                0x08002694                HAL_SPI_MspInit
 .text.HAL_MspInit
                0x08002764       0x50 ./Core/Src/stm32f4xx_hal_msp.o
                0x08002764                HAL_MspInit
 .text.NMI_Handler
                0x080027b4        0x8 ./Core/Src/stm32f4xx_it.o
                0x080027b4                NMI_Handler
 .text.HardFault_Handler
                0x080027bc        0x8 ./Core/Src/stm32f4xx_it.o
                0x080027bc                HardFault_Handler
 .text.MemManage_Handler
                0x080027c4        0x8 ./Core/Src/stm32f4xx_it.o
                0x080027c4                MemManage_Handler
 .text.BusFault_Handler
                0x080027cc        0x8 ./Core/Src/stm32f4xx_it.o
                0x080027cc                BusFault_Handler
 .text.UsageFault_Handler
                0x080027d4        0x8 ./Core/Src/stm32f4xx_it.o
                0x080027d4                UsageFault_Handler
 .text.SVC_Handler
                0x080027dc        0xe ./Core/Src/stm32f4xx_it.o
                0x080027dc                SVC_Handler
 .text.DebugMon_Handler
                0x080027ea        0xe ./Core/Src/stm32f4xx_it.o
                0x080027ea                DebugMon_Handler
 .text.PendSV_Handler
                0x080027f8        0xe ./Core/Src/stm32f4xx_it.o
                0x080027f8                PendSV_Handler
 .text.SysTick_Handler
                0x08002806        0xc ./Core/Src/stm32f4xx_it.o
                0x08002806                SysTick_Handler
 .text.EXTI0_IRQHandler
                0x08002812        0xe ./Core/Src/stm32f4xx_it.o
                0x08002812                EXTI0_IRQHandler
 .text.EXTI3_IRQHandler
                0x08002820        0xe ./Core/Src/stm32f4xx_it.o
                0x08002820                EXTI3_IRQHandler
 .text.EXTI4_IRQHandler
                0x0800282e        0xe ./Core/Src/stm32f4xx_it.o
                0x0800282e                EXTI4_IRQHandler
 .text.DMA1_Stream1_IRQHandler
                0x0800283c       0x14 ./Core/Src/stm32f4xx_it.o
                0x0800283c                DMA1_Stream1_IRQHandler
 .text.EXTI9_5_IRQHandler
                0x08002850       0x22 ./Core/Src/stm32f4xx_it.o
                0x08002850                EXTI9_5_IRQHandler
 *fill*         0x08002872        0x2 
 .text.TIM1_BRK_TIM9_IRQHandler
                0x08002874       0x14 ./Core/Src/stm32f4xx_it.o
                0x08002874                TIM1_BRK_TIM9_IRQHandler
 .text.TIM1_UP_TIM10_IRQHandler
                0x08002888       0x14 ./Core/Src/stm32f4xx_it.o
                0x08002888                TIM1_UP_TIM10_IRQHandler
 .text.TIM1_TRG_COM_TIM11_IRQHandler
                0x0800289c       0x14 ./Core/Src/stm32f4xx_it.o
                0x0800289c                TIM1_TRG_COM_TIM11_IRQHandler
 .text.TIM1_CC_IRQHandler
                0x080028b0       0x14 ./Core/Src/stm32f4xx_it.o
                0x080028b0                TIM1_CC_IRQHandler
 .text.TIM3_IRQHandler
                0x080028c4       0x14 ./Core/Src/stm32f4xx_it.o
                0x080028c4                TIM3_IRQHandler
 .text.TIM6_DAC_IRQHandler
                0x080028d8       0x14 ./Core/Src/stm32f4xx_it.o
                0x080028d8                TIM6_DAC_IRQHandler
 .text.USART2_IRQHandler
                0x080028ec       0x14 ./Core/Src/stm32f4xx_it.o
                0x080028ec                USART2_IRQHandler
 .text.USART3_IRQHandler
                0x08002900       0x14 ./Core/Src/stm32f4xx_it.o
                0x08002900                USART3_IRQHandler
 .text.EXTI15_10_IRQHandler
                0x08002914       0x20 ./Core/Src/stm32f4xx_it.o
                0x08002914                EXTI15_10_IRQHandler
 .text.OTG_FS_IRQHandler
                0x08002934       0x14 ./Core/Src/stm32f4xx_it.o
                0x08002934                OTG_FS_IRQHandler
 .text._getpid  0x08002948       0x10 ./Core/Src/syscalls.o
                0x08002948                _getpid
 .text._kill    0x08002958       0x20 ./Core/Src/syscalls.o
                0x08002958                _kill
 .text._exit    0x08002978       0x16 ./Core/Src/syscalls.o
                0x08002978                _exit
 .text._read    0x0800298e       0x3a ./Core/Src/syscalls.o
                0x0800298e                _read
 .text._close   0x080029c8       0x18 ./Core/Src/syscalls.o
                0x080029c8                _close
 .text._fstat   0x080029e0       0x20 ./Core/Src/syscalls.o
                0x080029e0                _fstat
 .text._isatty  0x08002a00       0x16 ./Core/Src/syscalls.o
                0x08002a00                _isatty
 .text._lseek   0x08002a16       0x1a ./Core/Src/syscalls.o
                0x08002a16                _lseek
 .text._sbrk    0x08002a30       0x6c ./Core/Src/sysmem.o
                0x08002a30                _sbrk
 .text.SystemInit
                0x08002a9c       0x24 ./Core/Src/system_stm32f4xx.o
                0x08002a9c                SystemInit
 .text.MX_TIM1_Init
                0x08002ac0      0x188 ./Core/Src/tim.o
                0x08002ac0                MX_TIM1_Init
 .text.MX_TIM3_Init
                0x08002c48      0x130 ./Core/Src/tim.o
                0x08002c48                MX_TIM3_Init
 .text.MX_TIM12_Init
                0x08002d78       0xa0 ./Core/Src/tim.o
                0x08002d78                MX_TIM12_Init
 .text.HAL_TIM_Base_MspInit
                0x08002e18       0xf8 ./Core/Src/tim.o
                0x08002e18                HAL_TIM_Base_MspInit
 .text.HAL_TIM_PWM_MspInit
                0x08002f10       0x44 ./Core/Src/tim.o
                0x08002f10                HAL_TIM_PWM_MspInit
 .text.HAL_TIM_MspPostInit
                0x08002f54      0x154 ./Core/Src/tim.o
                0x08002f54                HAL_TIM_MspPostInit
 .text.MX_UART4_Init
                0x080030a8       0x54 ./Core/Src/usart.o
                0x080030a8                MX_UART4_Init
 .text.MX_USART2_UART_Init
                0x080030fc       0x54 ./Core/Src/usart.o
                0x080030fc                MX_USART2_UART_Init
 .text.MX_USART3_UART_Init
                0x08003150       0x54 ./Core/Src/usart.o
                0x08003150                MX_USART3_UART_Init
 .text.MX_USART6_UART_Init
                0x080031a4       0x54 ./Core/Src/usart.o
                0x080031a4                MX_USART6_UART_Init
 .text.HAL_UART_MspInit
                0x080031f8      0x254 ./Core/Src/usart.o
                0x080031f8                HAL_UART_MspInit
 .text.Read16   0x0800344c       0x46 ./Core/Src/library/INA219.o
                0x0800344c                Read16
 .text.Write16  0x08003492       0x4a ./Core/Src/library/INA219.o
                0x08003492                Write16
 .text.INA219_ReadBusVoltage
                0x080034dc       0x26 ./Core/Src/library/INA219.o
                0x080034dc                INA219_ReadBusVoltage
 *fill*         0x08003502        0x2 
 .text.INA219_HealthCheck
                0x08003504       0x90 ./Core/Src/library/INA219.o
                0x08003504                INA219_HealthCheck
 .text.INA219_Reset
                0x08003594       0x22 ./Core/Src/library/INA219.o
                0x08003594                INA219_Reset
 .text.INA219_setCalibration
                0x080035b6       0x20 ./Core/Src/library/INA219.o
                0x080035b6                INA219_setCalibration
 .text.INA219_setConfig
                0x080035d6       0x20 ./Core/Src/library/INA219.o
                0x080035d6                INA219_setConfig
 *fill*         0x080035f6        0x2 
 .text.INA219_setCalibration_32V_2A
                0x080035f8       0x4c ./Core/Src/library/INA219.o
                0x080035f8                INA219_setCalibration_32V_2A
 .text.INA219_Init
                0x08003644       0x8c ./Core/Src/library/INA219.o
                0x08003644                INA219_Init
 .text.adxl_write
                0x080036d0       0x38 ./Core/Src/library/adxl_345_imu.o
                0x080036d0                adxl_write
 .text.adxl_read_values
                0x08003708       0x34 ./Core/Src/library/adxl_345_imu.o
                0x08003708                adxl_read_values
 .text.adxl_read_address
                0x0800373c       0x34 ./Core/Src/library/adxl_345_imu.o
                0x0800373c                adxl_read_address
 .text.adxl_init
                0x08003770       0x26 ./Core/Src/library/adxl_345_imu.o
                0x08003770                adxl_init
 *fill*         0x08003796        0x2 
 .text.adxl_readx
                0x08003798       0x30 ./Core/Src/library/adxl_345_imu.o
                0x08003798                adxl_readx
 .text.adxl_ready
                0x080037c8       0x30 ./Core/Src/library/adxl_345_imu.o
                0x080037c8                adxl_ready
 .text.adxl_readz
                0x080037f8       0x30 ./Core/Src/library/adxl_345_imu.o
                0x080037f8                adxl_readz
 .text.nmea_checksum_ok
                0x08003828       0xf8 ./Core/Src/library/gps.o
 .text.rstrip_crlf
                0x08003920       0x4c ./Core/Src/library/gps.o
 .text.append_bytes
                0x0800396c       0x52 ./Core/Src/library/gps.o
 .text.append_str
                0x080039be       0x34 ./Core/Src/library/gps.o
 *fill*         0x080039f2        0x2 
 .text.append_int32
                0x080039f4       0x8c ./Core/Src/library/gps.o
 .text.append_ftoa_fixed
                0x08003a80      0x204 ./Core/Src/library/gps.o
 .text.parse_lat_ddmm
                0x08003c84       0xe0 ./Core/Src/library/gps.o
 .text.parse_lon_dddmm
                0x08003d64       0xe0 ./Core/Src/library/gps.o
 .text.split_fields
                0x08003e44       0x88 ./Core/Src/library/gps.o
 .text.summary_init
                0x08003ecc       0x42 ./Core/Src/library/gps.o
 *fill*         0x08003f0e        0x2 
 .text.parse_sentence
                0x08003f10      0x4cc ./Core/Src/library/gps.o
 .text.format_summary
                0x080043dc      0x49c ./Core/Src/library/gps.o
 .text.get_gps_data
                0x08004878      0x1f8 ./Core/Src/library/gps.o
                0x08004878                get_gps_data
 .text.HAL_UARTEx_RxEventCallback
                0x08004a70       0x90 ./Core/Src/library/gps.o
                0x08004a70                HAL_UARTEx_RxEventCallback
 .text.Motor_Init
                0x08004b00       0x60 ./Core/Src/library/motorDriver.o
                0x08004b00                Motor_Init
 .text.Motor_Move
                0x08004b60      0x1f4 ./Core/Src/library/motorDriver.o
                0x08004b60                Motor_Move
 .text.Sensirion_CalcCRC
                0x08004d54       0x72 ./Core/Src/library/sps30.o
 .text.BytesToFloat
                0x08004dc6       0x5a ./Core/Src/library/sps30.o
 .text.SPS30_Init
                0x08004e20       0x3a ./Core/Src/library/sps30.o
                0x08004e20                SPS30_Init
 .text.SPS30_StartMeasurement
                0x08004e5a       0x46 ./Core/Src/library/sps30.o
                0x08004e5a                SPS30_StartMeasurement
 .text.SPS30_ReadDataReady
                0x08004ea0       0x5a ./Core/Src/library/sps30.o
                0x08004ea0                SPS30_ReadDataReady
 .text.SPS30_ReadMeasurement
                0x08004efa      0x118 ./Core/Src/library/sps30.o
                0x08004efa                SPS30_ReadMeasurement
 .text.bme68x_init
                0x08005012       0x68 ./Core/Src/library/bme68x/bme68x.o
                0x08005012                bme68x_init
 .text.bme68x_set_regs
                0x0800507a      0x11e ./Core/Src/library/bme68x/bme68x.o
                0x0800507a                bme68x_set_regs
 .text.bme68x_get_regs
                0x08005198       0x88 ./Core/Src/library/bme68x/bme68x.o
                0x08005198                bme68x_get_regs
 .text.bme68x_soft_reset
                0x08005220       0x86 ./Core/Src/library/bme68x/bme68x.o
                0x08005220                bme68x_soft_reset
 *fill*         0x080052a6        0x2 
 .text.bme68x_set_conf
                0x080052a8      0x214 ./Core/Src/library/bme68x/bme68x.o
                0x080052a8                bme68x_set_conf
 .text.bme68x_set_op_mode
                0x080054bc       0xc2 ./Core/Src/library/bme68x/bme68x.o
                0x080054bc                bme68x_set_op_mode
 .text.bme68x_get_op_mode
                0x0800557e       0x40 ./Core/Src/library/bme68x/bme68x.o
                0x0800557e                bme68x_get_op_mode
 *fill*         0x080055be        0x2 
 .text.bme68x_get_meas_dur
                0x080055c0       0xe8 ./Core/Src/library/bme68x/bme68x.o
                0x080055c0                bme68x_get_meas_dur
 .text.bme68x_get_data
                0x080056a8      0x1fc ./Core/Src/library/bme68x/bme68x.o
                0x080056a8                bme68x_get_data
 .text.bme68x_set_heatr_conf
                0x080058a4      0x114 ./Core/Src/library/bme68x/bme68x.o
                0x080058a4                bme68x_set_heatr_conf
 .text.calc_temperature
                0x080059b8      0x10c ./Core/Src/library/bme68x/bme68x.o
 .text.calc_pressure
                0x08005ac4      0x284 ./Core/Src/library/bme68x/bme68x.o
 .text.calc_humidity
                0x08005d48      0x198 ./Core/Src/library/bme68x/bme68x.o
 .text.calc_gas_resistance_low
                0x08005ee0      0x144 ./Core/Src/library/bme68x/bme68x.o
 .text.calc_gas_resistance_high
                0x08006024       0x74 ./Core/Src/library/bme68x/bme68x.o
 .text.calc_res_heat
                0x08006098      0x160 ./Core/Src/library/bme68x/bme68x.o
 .text.calc_gas_wait
                0x080061f8       0x4a ./Core/Src/library/bme68x/bme68x.o
 .text.read_field_data
                0x08006242      0x286 ./Core/Src/library/bme68x/bme68x.o
 .text.read_all_field_data
                0x080064c8      0x44a ./Core/Src/library/bme68x/bme68x.o
 .text.set_mem_page
                0x08006912       0xca ./Core/Src/library/bme68x/bme68x.o
 .text.get_mem_page
                0x080069dc       0x5e ./Core/Src/library/bme68x/bme68x.o
 .text.boundary_check
                0x08006a3a       0x5a ./Core/Src/library/bme68x/bme68x.o
 .text.null_ptr_check
                0x08006a94       0x3e ./Core/Src/library/bme68x/bme68x.o
 .text.set_conf
                0x08006ad2      0x2a6 ./Core/Src/library/bme68x/bme68x.o
 .text.calc_heatr_dur_shared
                0x08006d78       0x6c ./Core/Src/library/bme68x/bme68x.o
 .text.sort_sensor_data
                0x08006de4       0xac ./Core/Src/library/bme68x/bme68x.o
 .text.swap_fields
                0x08006e90       0x48 ./Core/Src/library/bme68x/bme68x.o
 .text.get_calib_data
                0x08006ed8      0x21e ./Core/Src/library/bme68x/bme68x.o
 .text.read_variant_id
                0x080070f6       0x3a ./Core/Src/library/bme68x/bme68x.o
 .text.bme68x_start
                0x08007130       0x98 ./Core/Src/library/bme68x/bme68x_necessary_functions.o
                0x08007130                bme68x_start
 .text.bme68x_single_measure
                0x080071c8       0x7c ./Core/Src/library/bme68x/bme68x_necessary_functions.o
                0x080071c8                bme68x_single_measure
 .text.bme68x_i2c_write
                0x08007244       0x54 ./Core/Src/library/bme68x/bme68x_necessary_functions.o
                0x08007244                bme68x_i2c_write
 .text.bme68x_i2c_read
                0x08007298       0x54 ./Core/Src/library/bme68x/bme68x_necessary_functions.o
                0x08007298                bme68x_i2c_read
 .text.bme68x_delay_us
                0x080072ec       0x58 ./Core/Src/library/bme68x/bme68x_necessary_functions.o
                0x080072ec                bme68x_delay_us
 .text.bme68x_interface_init
                0x08007344       0x98 ./Core/Src/library/bme68x/bme68x_necessary_functions.o
                0x08007344                bme68x_interface_init
 .text.bme68x_GetGasReference
                0x080073dc       0x6c ./Core/Src/library/bme68x/bme68x_necessary_functions.o
                0x080073dc                bme68x_GetGasReference
 .text.bme68x_GetHumidityScore
                0x08007448      0x178 ./Core/Src/library/bme68x/bme68x_necessary_functions.o
                0x08007448                bme68x_GetHumidityScore
 .text.bme68x_GetGasScore
                0x080075c0      0x134 ./Core/Src/library/bme68x/bme68x_necessary_functions.o
                0x080075c0                bme68x_GetGasScore
 .text.bme68x_iaq
                0x080076f4       0x8c ./Core/Src/library/bme68x/bme68x_necessary_functions.o
                0x080076f4                bme68x_iaq
 .text.Reset_Handler
                0x08007780       0x50 ./Core/Startup/startup_stm32f407vetx.o
                0x08007780                Reset_Handler
 .text.Default_Handler
                0x080077d0        0x2 ./Core/Startup/startup_stm32f407vetx.o
                0x080077d0                DMA1_Stream3_IRQHandler
                0x080077d0                HASH_RNG_IRQHandler
                0x080077d0                EXTI2_IRQHandler
                0x080077d0                TIM8_CC_IRQHandler
                0x080077d0                DMA2_Stream5_IRQHandler
                0x080077d0                DMA1_Stream5_IRQHandler
                0x080077d0                PVD_IRQHandler
                0x080077d0                SDIO_IRQHandler
                0x080077d0                TAMP_STAMP_IRQHandler
                0x080077d0                CAN2_RX1_IRQHandler
                0x080077d0                TIM8_TRG_COM_TIM14_IRQHandler
                0x080077d0                TIM8_UP_TIM13_IRQHandler
                0x080077d0                I2C3_ER_IRQHandler
                0x080077d0                I2C2_EV_IRQHandler
                0x080077d0                DMA1_Stream2_IRQHandler
                0x080077d0                CAN1_RX0_IRQHandler
                0x080077d0                FPU_IRQHandler
                0x080077d0                OTG_HS_WKUP_IRQHandler
                0x080077d0                CAN2_SCE_IRQHandler
                0x080077d0                DMA2_Stream2_IRQHandler
                0x080077d0                SPI1_IRQHandler
                0x080077d0                DCMI_IRQHandler
                0x080077d0                CAN2_RX0_IRQHandler
                0x080077d0                DMA2_Stream3_IRQHandler
                0x080077d0                USART6_IRQHandler
                0x080077d0                CAN1_RX1_IRQHandler
                0x080077d0                UART5_IRQHandler
                0x080077d0                DMA2_Stream0_IRQHandler
                0x080077d0                TIM4_IRQHandler
                0x080077d0                I2C1_EV_IRQHandler
                0x080077d0                DMA1_Stream6_IRQHandler
                0x080077d0                UART4_IRQHandler
                0x080077d0                RCC_IRQHandler
                0x080077d0                TIM8_BRK_TIM12_IRQHandler
                0x080077d0                Default_Handler
                0x080077d0                ADC_IRQHandler
                0x080077d0                DMA1_Stream7_IRQHandler
                0x080077d0                TIM7_IRQHandler
                0x080077d0                CAN2_TX_IRQHandler
                0x080077d0                TIM5_IRQHandler
                0x080077d0                DMA2_Stream7_IRQHandler
                0x080077d0                I2C3_EV_IRQHandler
                0x080077d0                RTC_WKUP_IRQHandler
                0x080077d0                ETH_WKUP_IRQHandler
                0x080077d0                SPI2_IRQHandler
                0x080077d0                OTG_HS_EP1_IN_IRQHandler
                0x080077d0                DMA1_Stream0_IRQHandler
                0x080077d0                CAN1_TX_IRQHandler
                0x080077d0                FSMC_IRQHandler
                0x080077d0                ETH_IRQHandler
                0x080077d0                OTG_HS_EP1_OUT_IRQHandler
                0x080077d0                WWDG_IRQHandler
                0x080077d0                TIM2_IRQHandler
                0x080077d0                OTG_FS_WKUP_IRQHandler
                0x080077d0                OTG_HS_IRQHandler
                0x080077d0                EXTI1_IRQHandler
                0x080077d0                I2C2_ER_IRQHandler
                0x080077d0                DMA2_Stream1_IRQHandler
                0x080077d0                CAN1_SCE_IRQHandler
                0x080077d0                FLASH_IRQHandler
                0x080077d0                DMA2_Stream4_IRQHandler
                0x080077d0                USART1_IRQHandler
                0x080077d0                SPI3_IRQHandler
                0x080077d0                DMA1_Stream4_IRQHandler
                0x080077d0                I2C1_ER_IRQHandler
                0x080077d0                DMA2_Stream6_IRQHandler
                0x080077d0                RTC_Alarm_IRQHandler
 *fill*         0x080077d2        0x2 
 .text.HAL_Init
                0x080077d4       0x44 ./Drivers/STM32F4xx_HAL_Driver/Src/stm32f4xx_hal.o
                0x080077d4                HAL_Init
 .text.HAL_InitTick
                0x08007818       0x60 ./Drivers/STM32F4xx_HAL_Driver/Src/stm32f4xx_hal.o
                0x08007818                HAL_InitTick
 .text.HAL_IncTick
                0x08007878       0x28 ./Drivers/STM32F4xx_HAL_Driver/Src/stm32f4xx_hal.o
                0x08007878                HAL_IncTick
 .text.HAL_GetTick
                0x080078a0       0x18 ./Drivers/STM32F4xx_HAL_Driver/Src/stm32f4xx_hal.o
                0x080078a0                HAL_GetTick
 .text.HAL_Delay
                0x080078b8       0x48 ./Drivers/STM32F4xx_HAL_Driver/Src/stm32f4xx_hal.o
                0x080078b8                HAL_Delay
 .text.HAL_ADC_Init
                0x08007900       0x86 ./Drivers/STM32F4xx_HAL_Driver/Src/stm32f4xx_hal_adc.o
                0x08007900                HAL_ADC_Init
 *fill*         0x08007986        0x2 
 .text.HAL_ADC_ConfigChannel
                0x08007988      0x244 ./Drivers/STM32F4xx_HAL_Driver/Src/stm32f4xx_hal_adc.o
                0x08007988                HAL_ADC_ConfigChannel
 .text.ADC_Init
                0x08007bcc      0x1f8 ./Drivers/STM32F4xx_HAL_Driver/Src/stm32f4xx_hal_adc.o
 .text.__NVIC_SetPriorityGrouping
                0x08007dc4       0x48 ./Drivers/STM32F4xx_HAL_Driver/Src/stm32f4xx_hal_cortex.o
 .text.__NVIC_GetPriorityGrouping
                0x08007e0c       0x1c ./Drivers/STM32F4xx_HAL_Driver/Src/stm32f4xx_hal_cortex.o
 .text.__NVIC_EnableIRQ
                0x08007e28       0x3c ./Drivers/STM32F4xx_HAL_Driver/Src/stm32f4xx_hal_cortex.o
 .text.__NVIC_SetPriority
                0x08007e64       0x54 ./Drivers/STM32F4xx_HAL_Driver/Src/stm32f4xx_hal_cortex.o
 .text.NVIC_EncodePriority
                0x08007eb8       0x66 ./Drivers/STM32F4xx_HAL_Driver/Src/stm32f4xx_hal_cortex.o
 *fill*         0x08007f1e        0x2 
 .text.SysTick_Config
                0x08007f20       0x44 ./Drivers/STM32F4xx_HAL_Driver/Src/stm32f4xx_hal_cortex.o
 .text.HAL_NVIC_SetPriorityGrouping
                0x08007f64       0x16 ./Drivers/STM32F4xx_HAL_Driver/Src/stm32f4xx_hal_cortex.o
                0x08007f64                HAL_NVIC_SetPriorityGrouping
 .text.HAL_NVIC_SetPriority
                0x08007f7a       0x38 ./Drivers/STM32F4xx_HAL_Driver/Src/stm32f4xx_hal_cortex.o
                0x08007f7a                HAL_NVIC_SetPriority
 .text.HAL_NVIC_EnableIRQ
                0x08007fb2       0x1c ./Drivers/STM32F4xx_HAL_Driver/Src/stm32f4xx_hal_cortex.o
                0x08007fb2                HAL_NVIC_EnableIRQ
 .text.HAL_SYSTICK_Config
                0x08007fce       0x18 ./Drivers/STM32F4xx_HAL_Driver/Src/stm32f4xx_hal_cortex.o
                0x08007fce                HAL_SYSTICK_Config
 *fill*         0x08007fe6        0x2 
 .text.HAL_DMA_Init
                0x08007fe8      0x15c ./Drivers/STM32F4xx_HAL_Driver/Src/stm32f4xx_hal_dma.o
                0x08007fe8                HAL_DMA_Init
 .text.HAL_DMA_Start_IT
                0x08008144       0xb0 ./Drivers/STM32F4xx_HAL_Driver/Src/stm32f4xx_hal_dma.o
                0x08008144                HAL_DMA_Start_IT
 .text.HAL_DMA_Abort
                0x080081f4       0xe0 ./Drivers/STM32F4xx_HAL_Driver/Src/stm32f4xx_hal_dma.o
                0x080081f4                HAL_DMA_Abort
 .text.HAL_DMA_Abort_IT
                0x080082d4       0x44 ./Drivers/STM32F4xx_HAL_Driver/Src/stm32f4xx_hal_dma.o
                0x080082d4                HAL_DMA_Abort_IT
 .text.HAL_DMA_IRQHandler
                0x08008318      0x314 ./Drivers/STM32F4xx_HAL_Driver/Src/stm32f4xx_hal_dma.o
                0x08008318                HAL_DMA_IRQHandler
 .text.DMA_SetConfig
                0x0800862c       0x5c ./Drivers/STM32F4xx_HAL_Driver/Src/stm32f4xx_hal_dma.o
 .text.DMA_CalcBaseAndBitshift
                0x08008688       0x6c ./Drivers/STM32F4xx_HAL_Driver/Src/stm32f4xx_hal_dma.o
 .text.DMA_CheckFifoParam
                0x080086f4       0xf8 ./Drivers/STM32F4xx_HAL_Driver/Src/stm32f4xx_hal_dma.o
 .text.HAL_GPIO_Init
                0x080087ec      0x338 ./Drivers/STM32F4xx_HAL_Driver/Src/stm32f4xx_hal_gpio.o
                0x080087ec                HAL_GPIO_Init
 .text.HAL_GPIO_DeInit
                0x08008b24      0x1f8 ./Drivers/STM32F4xx_HAL_Driver/Src/stm32f4xx_hal_gpio.o
                0x08008b24                HAL_GPIO_DeInit
 .text.HAL_GPIO_WritePin
                0x08008d1c       0x32 ./Drivers/STM32F4xx_HAL_Driver/Src/stm32f4xx_hal_gpio.o
                0x08008d1c                HAL_GPIO_WritePin
 *fill*         0x08008d4e        0x2 
 .text.HAL_GPIO_EXTI_IRQHandler
                0x08008d50       0x30 ./Drivers/STM32F4xx_HAL_Driver/Src/stm32f4xx_hal_gpio.o
                0x08008d50                HAL_GPIO_EXTI_IRQHandler
 .text.HAL_I2C_Init
                0x08008d80      0x288 ./Drivers/STM32F4xx_HAL_Driver/Src/stm32f4xx_hal_i2c.o
                0x08008d80                HAL_I2C_Init
 .text.HAL_I2C_Master_Transmit
                0x08009008      0x1fc ./Drivers/STM32F4xx_HAL_Driver/Src/stm32f4xx_hal_i2c.o
                0x08009008                HAL_I2C_Master_Transmit
 .text.HAL_I2C_Master_Receive
                0x08009204      0x464 ./Drivers/STM32F4xx_HAL_Driver/Src/stm32f4xx_hal_i2c.o
                0x08009204                HAL_I2C_Master_Receive
 .text.HAL_I2C_Mem_Write
                0x08009668      0x1f4 ./Drivers/STM32F4xx_HAL_Driver/Src/stm32f4xx_hal_i2c.o
                0x08009668                HAL_I2C_Mem_Write
 .text.HAL_I2C_Mem_Read
                0x0800985c      0x464 ./Drivers/STM32F4xx_HAL_Driver/Src/stm32f4xx_hal_i2c.o
                0x0800985c                HAL_I2C_Mem_Read
 .text.HAL_I2C_IsDeviceReady
                0x08009cc0      0x25c ./Drivers/STM32F4xx_HAL_Driver/Src/stm32f4xx_hal_i2c.o
                0x08009cc0                HAL_I2C_IsDeviceReady
 .text.I2C_MasterRequestWrite
                0x08009f1c      0x104 ./Drivers/STM32F4xx_HAL_Driver/Src/stm32f4xx_hal_i2c.o
 .text.I2C_MasterRequestRead
                0x0800a020      0x19c ./Drivers/STM32F4xx_HAL_Driver/Src/stm32f4xx_hal_i2c.o
 .text.I2C_RequestMemoryWrite
                0x0800a1bc      0x12c ./Drivers/STM32F4xx_HAL_Driver/Src/stm32f4xx_hal_i2c.o
 .text.I2C_RequestMemoryRead
                0x0800a2e8      0x1d0 ./Drivers/STM32F4xx_HAL_Driver/Src/stm32f4xx_hal_i2c.o
 .text.I2C_WaitOnFlagUntilTimeout
                0x0800a4b8       0xf4 ./Drivers/STM32F4xx_HAL_Driver/Src/stm32f4xx_hal_i2c.o
 .text.I2C_WaitOnMasterAddressFlagUntilTimeout
                0x0800a5ac      0x140 ./Drivers/STM32F4xx_HAL_Driver/Src/stm32f4xx_hal_i2c.o
 .text.I2C_WaitOnTXEFlagUntilTimeout
                0x0800a6ec       0x90 ./Drivers/STM32F4xx_HAL_Driver/Src/stm32f4xx_hal_i2c.o
 .text.I2C_WaitOnBTFFlagUntilTimeout
                0x0800a77c       0x90 ./Drivers/STM32F4xx_HAL_Driver/Src/stm32f4xx_hal_i2c.o
 .text.I2C_WaitOnRXNEFlagUntilTimeout
                0x0800a80c       0xba ./Drivers/STM32F4xx_HAL_Driver/Src/stm32f4xx_hal_i2c.o
 .text.I2C_IsAcknowledgeFailed
                0x0800a8c6       0x5e ./Drivers/STM32F4xx_HAL_Driver/Src/stm32f4xx_hal_i2c.o
 .text.HAL_PCD_Init
                0x0800a924      0x21e ./Drivers/STM32F4xx_HAL_Driver/Src/stm32f4xx_hal_pcd.o
                0x0800a924                HAL_PCD_Init
 .text.HAL_PCD_Start
                0x0800ab42       0x6a ./Drivers/STM32F4xx_HAL_Driver/Src/stm32f4xx_hal_pcd.o
                0x0800ab42                HAL_PCD_Start
 .text.HAL_PCD_IRQHandler
                0x0800abac      0x942 ./Drivers/STM32F4xx_HAL_Driver/Src/stm32f4xx_hal_pcd.o
                0x0800abac                HAL_PCD_IRQHandler
 .text.HAL_PCD_SetAddress
                0x0800b4ee       0x48 ./Drivers/STM32F4xx_HAL_Driver/Src/stm32f4xx_hal_pcd.o
                0x0800b4ee                HAL_PCD_SetAddress
 .text.HAL_PCD_EP_Open
                0x0800b536       0xd4 ./Drivers/STM32F4xx_HAL_Driver/Src/stm32f4xx_hal_pcd.o
                0x0800b536                HAL_PCD_EP_Open
 .text.HAL_PCD_EP_Close
                0x0800b60a       0x94 ./Drivers/STM32F4xx_HAL_Driver/Src/stm32f4xx_hal_pcd.o
                0x0800b60a                HAL_PCD_EP_Close
 .text.HAL_PCD_EP_Receive
                0x0800b69e       0x76 ./Drivers/STM32F4xx_HAL_Driver/Src/stm32f4xx_hal_pcd.o
                0x0800b69e                HAL_PCD_EP_Receive
 .text.HAL_PCD_EP_GetRxCount
                0x0800b714       0x30 ./Drivers/STM32F4xx_HAL_Driver/Src/stm32f4xx_hal_pcd.o
                0x0800b714                HAL_PCD_EP_GetRxCount
 .text.HAL_PCD_EP_Transmit
                0x0800b744       0x74 ./Drivers/STM32F4xx_HAL_Driver/Src/stm32f4xx_hal_pcd.o
                0x0800b744                HAL_PCD_EP_Transmit
 .text.HAL_PCD_EP_SetStall
                0x0800b7b8       0xc6 ./Drivers/STM32F4xx_HAL_Driver/Src/stm32f4xx_hal_pcd.o
                0x0800b7b8                HAL_PCD_EP_SetStall
 .text.HAL_PCD_EP_ClrStall
                0x0800b87e       0xac ./Drivers/STM32F4xx_HAL_Driver/Src/stm32f4xx_hal_pcd.o
                0x0800b87e                HAL_PCD_EP_ClrStall
 .text.HAL_PCD_EP_Abort
                0x0800b92a       0x62 ./Drivers/STM32F4xx_HAL_Driver/Src/stm32f4xx_hal_pcd.o
                0x0800b92a                HAL_PCD_EP_Abort
 .text.PCD_WriteEmptyTxFifo
                0x0800b98c      0x118 ./Drivers/STM32F4xx_HAL_Driver/Src/stm32f4xx_hal_pcd.o
 .text.PCD_EP_OutXfrComplete_int
                0x0800baa4      0x1d0 ./Drivers/STM32F4xx_HAL_Driver/Src/stm32f4xx_hal_pcd.o
 .text.PCD_EP_OutSetupPacket_int
                0x0800bc74       0x8c ./Drivers/STM32F4xx_HAL_Driver/Src/stm32f4xx_hal_pcd.o
 .text.HAL_PCDEx_SetTxFiFo
                0x0800bd00       0x8e ./Drivers/STM32F4xx_HAL_Driver/Src/stm32f4xx_hal_pcd_ex.o
                0x0800bd00                HAL_PCDEx_SetTxFiFo
 .text.HAL_PCDEx_SetRxFiFo
                0x0800bd8e       0x22 ./Drivers/STM32F4xx_HAL_Driver/Src/stm32f4xx_hal_pcd_ex.o
                0x0800bd8e                HAL_PCDEx_SetRxFiFo
 .text.HAL_PCDEx_LPM_Callback
                0x0800bdb0       0x18 ./Drivers/STM32F4xx_HAL_Driver/Src/stm32f4xx_hal_pcd_ex.o
                0x0800bdb0                HAL_PCDEx_LPM_Callback
 .text.HAL_RCC_OscConfig
                0x0800bdc8      0x4f0 ./Drivers/STM32F4xx_HAL_Driver/Src/stm32f4xx_hal_rcc.o
                0x0800bdc8                HAL_RCC_OscConfig
 .text.HAL_RCC_ClockConfig
                0x0800c2b8      0x1cc ./Drivers/STM32F4xx_HAL_Driver/Src/stm32f4xx_hal_rcc.o
                0x0800c2b8                HAL_RCC_ClockConfig
 .text.HAL_RCC_GetSysClockFreq
                0x0800c484      0x18c ./Drivers/STM32F4xx_HAL_Driver/Src/stm32f4xx_hal_rcc.o
                0x0800c484                HAL_RCC_GetSysClockFreq
 .text.HAL_RCC_GetHCLKFreq
                0x0800c610       0x18 ./Drivers/STM32F4xx_HAL_Driver/Src/stm32f4xx_hal_rcc.o
                0x0800c610                HAL_RCC_GetHCLKFreq
 .text.HAL_RCC_GetPCLK1Freq
                0x0800c628       0x28 ./Drivers/STM32F4xx_HAL_Driver/Src/stm32f4xx_hal_rcc.o
                0x0800c628                HAL_RCC_GetPCLK1Freq
 .text.HAL_RCC_GetPCLK2Freq
                0x0800c650       0x28 ./Drivers/STM32F4xx_HAL_Driver/Src/stm32f4xx_hal_rcc.o
                0x0800c650                HAL_RCC_GetPCLK2Freq
 .text.HAL_SPI_Init
                0x0800c678      0x112 ./Drivers/STM32F4xx_HAL_Driver/Src/stm32f4xx_hal_spi.o
                0x0800c678                HAL_SPI_Init
 .text.HAL_TIM_Base_Init
                0x0800c78a       0x9e ./Drivers/STM32F4xx_HAL_Driver/Src/stm32f4xx_hal_tim.o
                0x0800c78a                HAL_TIM_Base_Init
 .text.HAL_TIM_Base_Start_IT
                0x0800c828       0xe0 ./Drivers/STM32F4xx_HAL_Driver/Src/stm32f4xx_hal_tim.o
                0x0800c828                HAL_TIM_Base_Start_IT
 .text.HAL_TIM_PWM_Init
                0x0800c908       0x9e ./Drivers/STM32F4xx_HAL_Driver/Src/stm32f4xx_hal_tim.o
                0x0800c908                HAL_TIM_PWM_Init
 *fill*         0x0800c9a6        0x2 
 .text.HAL_TIM_PWM_Start
                0x0800c9a8      0x190 ./Drivers/STM32F4xx_HAL_Driver/Src/stm32f4xx_hal_tim.o
                0x0800c9a8                HAL_TIM_PWM_Start
 .text.HAL_TIM_IRQHandler
                0x0800cb38      0x1e0 ./Drivers/STM32F4xx_HAL_Driver/Src/stm32f4xx_hal_tim.o
                0x0800cb38                HAL_TIM_IRQHandler
 .text.HAL_TIM_PWM_ConfigChannel
                0x0800cd18      0x184 ./Drivers/STM32F4xx_HAL_Driver/Src/stm32f4xx_hal_tim.o
                0x0800cd18                HAL_TIM_PWM_ConfigChannel
 .text.HAL_TIM_ConfigClockSource
                0x0800ce9c      0x18e ./Drivers/STM32F4xx_HAL_Driver/Src/stm32f4xx_hal_tim.o
                0x0800ce9c                HAL_TIM_ConfigClockSource
 .text.HAL_TIM_OC_DelayElapsedCallback
                0x0800d02a       0x14 ./Drivers/STM32F4xx_HAL_Driver/Src/stm32f4xx_hal_tim.o
                0x0800d02a                HAL_TIM_OC_DelayElapsedCallback
 .text.HAL_TIM_IC_CaptureCallback
                0x0800d03e       0x14 ./Drivers/STM32F4xx_HAL_Driver/Src/stm32f4xx_hal_tim.o
                0x0800d03e                HAL_TIM_IC_CaptureCallback
 .text.HAL_TIM_PWM_PulseFinishedCallback
                0x0800d052       0x14 ./Drivers/STM32F4xx_HAL_Driver/Src/stm32f4xx_hal_tim.o
                0x0800d052                HAL_TIM_PWM_PulseFinishedCallback
 .text.HAL_TIM_TriggerCallback
                0x0800d066       0x14 ./Drivers/STM32F4xx_HAL_Driver/Src/stm32f4xx_hal_tim.o
                0x0800d066                HAL_TIM_TriggerCallback
 *fill*         0x0800d07a        0x2 
 .text.TIM_Base_SetConfig
                0x0800d07c      0x14c ./Drivers/STM32F4xx_HAL_Driver/Src/stm32f4xx_hal_tim.o
                0x0800d07c                TIM_Base_SetConfig
 .text.TIM_OC1_SetConfig
                0x0800d1c8       0xe0 ./Drivers/STM32F4xx_HAL_Driver/Src/stm32f4xx_hal_tim.o
 .text.TIM_OC2_SetConfig
                0x0800d2a8       0xec ./Drivers/STM32F4xx_HAL_Driver/Src/stm32f4xx_hal_tim.o
                0x0800d2a8                TIM_OC2_SetConfig
 .text.TIM_OC3_SetConfig
                0x0800d394       0xe8 ./Drivers/STM32F4xx_HAL_Driver/Src/stm32f4xx_hal_tim.o
 .text.TIM_OC4_SetConfig
                0x0800d47c       0xac ./Drivers/STM32F4xx_HAL_Driver/Src/stm32f4xx_hal_tim.o
 .text.TIM_TI1_ConfigInputStage
                0x0800d528       0x5e ./Drivers/STM32F4xx_HAL_Driver/Src/stm32f4xx_hal_tim.o
 .text.TIM_TI2_ConfigInputStage
                0x0800d586       0x60 ./Drivers/STM32F4xx_HAL_Driver/Src/stm32f4xx_hal_tim.o
 .text.TIM_ITRx_SetConfig
                0x0800d5e6       0x36 ./Drivers/STM32F4xx_HAL_Driver/Src/stm32f4xx_hal_tim.o
 .text.TIM_ETR_SetConfig
                0x0800d61c       0x40 ./Drivers/STM32F4xx_HAL_Driver/Src/stm32f4xx_hal_tim.o
                0x0800d61c                TIM_ETR_SetConfig
 .text.TIM_CCxChannelCmd
                0x0800d65c       0x4a ./Drivers/STM32F4xx_HAL_Driver/Src/stm32f4xx_hal_tim.o
                0x0800d65c                TIM_CCxChannelCmd
 *fill*         0x0800d6a6        0x2 
 .text.HAL_TIMEx_MasterConfigSynchronization
                0x0800d6a8       0xf8 ./Drivers/STM32F4xx_HAL_Driver/Src/stm32f4xx_hal_tim_ex.o
                0x0800d6a8                HAL_TIMEx_MasterConfigSynchronization
 .text.HAL_TIMEx_ConfigBreakDeadTime
                0x0800d7a0       0xa4 ./Drivers/STM32F4xx_HAL_Driver/Src/stm32f4xx_hal_tim_ex.o
                0x0800d7a0                HAL_TIMEx_ConfigBreakDeadTime
 .text.HAL_TIMEx_CommutCallback
                0x0800d844       0x14 ./Drivers/STM32F4xx_HAL_Driver/Src/stm32f4xx_hal_tim_ex.o
                0x0800d844                HAL_TIMEx_CommutCallback
 .text.HAL_TIMEx_BreakCallback
                0x0800d858       0x14 ./Drivers/STM32F4xx_HAL_Driver/Src/stm32f4xx_hal_tim_ex.o
                0x0800d858                HAL_TIMEx_BreakCallback
 .text.HAL_UART_Init
                0x0800d86c       0xa0 ./Drivers/STM32F4xx_HAL_Driver/Src/stm32f4xx_hal_uart.o
                0x0800d86c                HAL_UART_Init
 .text.HAL_UART_Transmit
                0x0800d90c      0x116 ./Drivers/STM32F4xx_HAL_Driver/Src/stm32f4xx_hal_uart.o
                0x0800d90c                HAL_UART_Transmit
 .text.HAL_UARTEx_ReceiveToIdle_DMA
                0x0800da22       0xb2 ./Drivers/STM32F4xx_HAL_Driver/Src/stm32f4xx_hal_uart.o
                0x0800da22                HAL_UARTEx_ReceiveToIdle_DMA
 .text.HAL_UART_IRQHandler
                0x0800dad4      0x554 ./Drivers/STM32F4xx_HAL_Driver/Src/stm32f4xx_hal_uart.o
                0x0800dad4                HAL_UART_IRQHandler
 .text.HAL_UART_TxCpltCallback
                0x0800e028       0x14 ./Drivers/STM32F4xx_HAL_Driver/Src/stm32f4xx_hal_uart.o
                0x0800e028                HAL_UART_TxCpltCallback
 .text.HAL_UART_RxCpltCallback
                0x0800e03c       0x14 ./Drivers/STM32F4xx_HAL_Driver/Src/stm32f4xx_hal_uart.o
                0x0800e03c                HAL_UART_RxCpltCallback
 .text.HAL_UART_RxHalfCpltCallback
                0x0800e050       0x14 ./Drivers/STM32F4xx_HAL_Driver/Src/stm32f4xx_hal_uart.o
                0x0800e050                HAL_UART_RxHalfCpltCallback
 .text.HAL_UART_ErrorCallback
                0x0800e064       0x14 ./Drivers/STM32F4xx_HAL_Driver/Src/stm32f4xx_hal_uart.o
                0x0800e064                HAL_UART_ErrorCallback
 .text.UART_DMAReceiveCplt
                0x0800e078      0x12c ./Drivers/STM32F4xx_HAL_Driver/Src/stm32f4xx_hal_uart.o
 .text.UART_DMARxHalfCplt
                0x0800e1a4       0x3c ./Drivers/STM32F4xx_HAL_Driver/Src/stm32f4xx_hal_uart.o
 .text.UART_DMAError
                0x0800e1e0       0x94 ./Drivers/STM32F4xx_HAL_Driver/Src/stm32f4xx_hal_uart.o
 .text.UART_WaitOnFlagUntilTimeout
                0x0800e274       0xb2 ./Drivers/STM32F4xx_HAL_Driver/Src/stm32f4xx_hal_uart.o
 *fill*         0x0800e326        0x2 
 .text.UART_Start_Receive_DMA
                0x0800e328      0x14c ./Drivers/STM32F4xx_HAL_Driver/Src/stm32f4xx_hal_uart.o
                0x0800e328                UART_Start_Receive_DMA
 .text.UART_EndTxTransfer
                0x0800e474       0x50 ./Drivers/STM32F4xx_HAL_Driver/Src/stm32f4xx_hal_uart.o
 .text.UART_EndRxTransfer
                0x0800e4c4       0xc6 ./Drivers/STM32F4xx_HAL_Driver/Src/stm32f4xx_hal_uart.o
 .text.UART_DMAAbortOnError
                0x0800e58a       0x22 ./Drivers/STM32F4xx_HAL_Driver/Src/stm32f4xx_hal_uart.o
 .text.UART_Transmit_IT
                0x0800e5ac       0xa0 ./Drivers/STM32F4xx_HAL_Driver/Src/stm32f4xx_hal_uart.o
 .text.UART_EndTransmit_IT
                0x0800e64c       0x30 ./Drivers/STM32F4xx_HAL_Driver/Src/stm32f4xx_hal_uart.o
 .text.UART_Receive_IT
                0x0800e67c      0x17c ./Drivers/STM32F4xx_HAL_Driver/Src/stm32f4xx_hal_uart.o
 .text.UART_SetConfig
                0x0800e7f8      0x4e8 ./Drivers/STM32F4xx_HAL_Driver/Src/stm32f4xx_hal_uart.o
 .text.USB_CoreInit
                0x0800ece0       0xc8 ./Drivers/STM32F4xx_HAL_Driver/Src/stm32f4xx_ll_usb.o
                0x0800ece0                USB_CoreInit
 .text.USB_SetTurnaroundTime
                0x0800eda8      0x144 ./Drivers/STM32F4xx_HAL_Driver/Src/stm32f4xx_ll_usb.o
                0x0800eda8                USB_SetTurnaroundTime
 .text.USB_EnableGlobalInt
                0x0800eeec       0x22 ./Drivers/STM32F4xx_HAL_Driver/Src/stm32f4xx_ll_usb.o
                0x0800eeec                USB_EnableGlobalInt
 .text.USB_DisableGlobalInt
                0x0800ef0e       0x22 ./Drivers/STM32F4xx_HAL_Driver/Src/stm32f4xx_ll_usb.o
                0x0800ef0e                USB_DisableGlobalInt
 .text.USB_SetCurrentMode
                0x0800ef30       0x98 ./Drivers/STM32F4xx_HAL_Driver/Src/stm32f4xx_ll_usb.o
                0x0800ef30                USB_SetCurrentMode
 .text.USB_DevInit
                0x0800efc8      0x2c8 ./Drivers/STM32F4xx_HAL_Driver/Src/stm32f4xx_ll_usb.o
                0x0800efc8                USB_DevInit
 .text.USB_FlushTxFifo
                0x0800f290       0x64 ./Drivers/STM32F4xx_HAL_Driver/Src/stm32f4xx_ll_usb.o
                0x0800f290                USB_FlushTxFifo
 .text.USB_FlushRxFifo
                0x0800f2f4       0x5c ./Drivers/STM32F4xx_HAL_Driver/Src/stm32f4xx_ll_usb.o
                0x0800f2f4                USB_FlushRxFifo
 .text.USB_SetDevSpeed
                0x0800f350       0x32 ./Drivers/STM32F4xx_HAL_Driver/Src/stm32f4xx_ll_usb.o
                0x0800f350                USB_SetDevSpeed
 .text.USB_GetDevSpeed
                0x0800f382       0x4a ./Drivers/STM32F4xx_HAL_Driver/Src/stm32f4xx_ll_usb.o
                0x0800f382                USB_GetDevSpeed
 .text.USB_ActivateEndpoint
                0x0800f3cc      0x10e ./Drivers/STM32F4xx_HAL_Driver/Src/stm32f4xx_ll_usb.o
                0x0800f3cc                USB_ActivateEndpoint
 *fill*         0x0800f4da        0x2 
 .text.USB_DeactivateEndpoint
                0x0800f4dc      0x1b8 ./Drivers/STM32F4xx_HAL_Driver/Src/stm32f4xx_ll_usb.o
                0x0800f4dc                USB_DeactivateEndpoint
 .text.USB_EPStartXfer
                0x0800f694      0x53c ./Drivers/STM32F4xx_HAL_Driver/Src/stm32f4xx_ll_usb.o
                0x0800f694                USB_EPStartXfer
 .text.USB_EPStopXfer
                0x0800fbd0      0x154 ./Drivers/STM32F4xx_HAL_Driver/Src/stm32f4xx_ll_usb.o
                0x0800fbd0                USB_EPStopXfer
 .text.USB_WritePacket
                0x0800fd24       0x7c ./Drivers/STM32F4xx_HAL_Driver/Src/stm32f4xx_ll_usb.o
                0x0800fd24                USB_WritePacket
 .text.USB_ReadPacket
                0x0800fda0       0xb0 ./Drivers/STM32F4xx_HAL_Driver/Src/stm32f4xx_ll_usb.o
                0x0800fda0                USB_ReadPacket
 .text.USB_EPSetStall
                0x0800fe50       0xdc ./Drivers/STM32F4xx_HAL_Driver/Src/stm32f4xx_ll_usb.o
                0x0800fe50                USB_EPSetStall
 .text.USB_EPClearStall
                0x0800ff2c       0xcc ./Drivers/STM32F4xx_HAL_Driver/Src/stm32f4xx_ll_usb.o
                0x0800ff2c                USB_EPClearStall
 .text.USB_SetDevAddress
                0x0800fff8       0x4c ./Drivers/STM32F4xx_HAL_Driver/Src/stm32f4xx_ll_usb.o
                0x0800fff8                USB_SetDevAddress
 .text.USB_DevConnect
                0x08010044       0x42 ./Drivers/STM32F4xx_HAL_Driver/Src/stm32f4xx_ll_usb.o
                0x08010044                USB_DevConnect
 .text.USB_DevDisconnect
                0x08010086       0x42 ./Drivers/STM32F4xx_HAL_Driver/Src/stm32f4xx_ll_usb.o
                0x08010086                USB_DevDisconnect
 .text.USB_ReadInterrupts
                0x080100c8       0x26 ./Drivers/STM32F4xx_HAL_Driver/Src/stm32f4xx_ll_usb.o
                0x080100c8                USB_ReadInterrupts
 .text.USB_ReadDevAllOutEpInterrupt
                0x080100ee       0x34 ./Drivers/STM32F4xx_HAL_Driver/Src/stm32f4xx_ll_usb.o
                0x080100ee                USB_ReadDevAllOutEpInterrupt
 .text.USB_ReadDevAllInEpInterrupt
                0x08010122       0x34 ./Drivers/STM32F4xx_HAL_Driver/Src/stm32f4xx_ll_usb.o
                0x08010122                USB_ReadDevAllInEpInterrupt
 .text.USB_ReadDevOutEPInterrupt
                0x08010156       0x3c ./Drivers/STM32F4xx_HAL_Driver/Src/stm32f4xx_ll_usb.o
                0x08010156                USB_ReadDevOutEPInterrupt
 .text.USB_ReadDevInEPInterrupt
                0x08010192       0x5c ./Drivers/STM32F4xx_HAL_Driver/Src/stm32f4xx_ll_usb.o
                0x08010192                USB_ReadDevInEPInterrupt
 .text.USB_GetMode
                0x080101ee       0x1c ./Drivers/STM32F4xx_HAL_Driver/Src/stm32f4xx_ll_usb.o
                0x080101ee                USB_GetMode
 .text.USB_ActivateSetup
                0x0801020a       0x46 ./Drivers/STM32F4xx_HAL_Driver/Src/stm32f4xx_ll_usb.o
                0x0801020a                USB_ActivateSetup
 .text.USB_EP0_OutStart
                0x08010250       0xbc ./Drivers/STM32F4xx_HAL_Driver/Src/stm32f4xx_ll_usb.o
                0x08010250                USB_EP0_OutStart
 .text.USB_CoreReset
                0x0801030c       0x70 ./Drivers/STM32F4xx_HAL_Driver/Src/stm32f4xx_ll_usb.o
 .text.USBD_CDC_Init
                0x0801037c      0x1f0 ./Middlewares/ST/STM32_USB_Device_Library/Class/CDC/Src/usbd_cdc.o
 .text.USBD_CDC_DeInit
                0x0801056c      0x104 ./Middlewares/ST/STM32_USB_Device_Library/Class/CDC/Src/usbd_cdc.o
 .text.USBD_CDC_Setup
                0x08010670      0x1b8 ./Middlewares/ST/STM32_USB_Device_Library/Class/CDC/Src/usbd_cdc.o
 .text.USBD_CDC_DataIn
                0x08010828       0xfe ./Middlewares/ST/STM32_USB_Device_Library/Class/CDC/Src/usbd_cdc.o
 .text.USBD_CDC_DataOut
                0x08010926       0x70 ./Middlewares/ST/STM32_USB_Device_Library/Class/CDC/Src/usbd_cdc.o
 .text.USBD_CDC_EP0_RxReady
                0x08010996       0x74 ./Middlewares/ST/STM32_USB_Device_Library/Class/CDC/Src/usbd_cdc.o
 *fill*         0x08010a0a        0x2 
 .text.USBD_CDC_GetFSCfgDesc
                0x08010a0c       0x70 ./Middlewares/ST/STM32_USB_Device_Library/Class/CDC/Src/usbd_cdc.o
 .text.USBD_CDC_GetHSCfgDesc
                0x08010a7c       0x70 ./Middlewares/ST/STM32_USB_Device_Library/Class/CDC/Src/usbd_cdc.o
 .text.USBD_CDC_GetOtherSpeedCfgDesc
                0x08010aec       0x70 ./Middlewares/ST/STM32_USB_Device_Library/Class/CDC/Src/usbd_cdc.o
 .text.USBD_CDC_GetDeviceQualifierDescriptor
                0x08010b5c       0x20 ./Middlewares/ST/STM32_USB_Device_Library/Class/CDC/Src/usbd_cdc.o
                0x08010b5c                USBD_CDC_GetDeviceQualifierDescriptor
 .text.USBD_CDC_RegisterInterface
                0x08010b7c       0x34 ./Middlewares/ST/STM32_USB_Device_Library/Class/CDC/Src/usbd_cdc.o
                0x08010b7c                USBD_CDC_RegisterInterface
 .text.USBD_CDC_SetTxBuffer
                0x08010bb0       0x44 ./Middlewares/ST/STM32_USB_Device_Library/Class/CDC/Src/usbd_cdc.o
                0x08010bb0                USBD_CDC_SetTxBuffer
 .text.USBD_CDC_SetRxBuffer
                0x08010bf4       0x3a ./Middlewares/ST/STM32_USB_Device_Library/Class/CDC/Src/usbd_cdc.o
                0x08010bf4                USBD_CDC_SetRxBuffer
 *fill*         0x08010c2e        0x2 
 .text.USBD_CDC_TransmitPacket
                0x08010c30       0x80 ./Middlewares/ST/STM32_USB_Device_Library/Class/CDC/Src/usbd_cdc.o
                0x08010c30                USBD_CDC_TransmitPacket
 .text.USBD_CDC_ReceivePacket
                0x08010cb0       0x6c ./Middlewares/ST/STM32_USB_Device_Library/Class/CDC/Src/usbd_cdc.o
                0x08010cb0                USBD_CDC_ReceivePacket
 .text.USBD_Init
                0x08010d1c       0x60 ./Middlewares/ST/STM32_USB_Device_Library/Core/Src/usbd_core.o
                0x08010d1c                USBD_Init
 .text.USBD_RegisterClass
                0x08010d7c       0x6c ./Middlewares/ST/STM32_USB_Device_Library/Core/Src/usbd_core.o
                0x08010d7c                USBD_RegisterClass
 .text.USBD_Start
                0x08010de8       0x18 ./Middlewares/ST/STM32_USB_Device_Library/Core/Src/usbd_core.o
                0x08010de8                USBD_Start
 .text.USBD_RunTestMode
                0x08010e00       0x16 ./Middlewares/ST/STM32_USB_Device_Library/Core/Src/usbd_core.o
                0x08010e00                USBD_RunTestMode
 .text.USBD_SetClassConfig
                0x08010e16       0x38 ./Middlewares/ST/STM32_USB_Device_Library/Core/Src/usbd_core.o
                0x08010e16                USBD_SetClassConfig
 .text.USBD_ClrClassConfig
                0x08010e4e       0x34 ./Middlewares/ST/STM32_USB_Device_Library/Core/Src/usbd_core.o
                0x08010e4e                USBD_ClrClassConfig
 .text.USBD_LL_SetupStage
                0x08010e82       0xaa ./Middlewares/ST/STM32_USB_Device_Library/Core/Src/usbd_core.o
                0x08010e82                USBD_LL_SetupStage
 .text.USBD_LL_DataOutStage
                0x08010f2c      0x178 ./Middlewares/ST/STM32_USB_Device_Library/Core/Src/usbd_core.o
                0x08010f2c                USBD_LL_DataOutStage
 .text.USBD_LL_DataInStage
                0x080110a4      0x176 ./Middlewares/ST/STM32_USB_Device_Library/Core/Src/usbd_core.o
                0x080110a4                USBD_LL_DataInStage
 .text.USBD_LL_Reset
                0x0801121a       0xa6 ./Middlewares/ST/STM32_USB_Device_Library/Core/Src/usbd_core.o
                0x0801121a                USBD_LL_Reset
 .text.USBD_LL_SetSpeed
                0x080112c0       0x20 ./Middlewares/ST/STM32_USB_Device_Library/Core/Src/usbd_core.o
                0x080112c0                USBD_LL_SetSpeed
 .text.USBD_LL_Suspend
                0x080112e0       0x38 ./Middlewares/ST/STM32_USB_Device_Library/Core/Src/usbd_core.o
                0x080112e0                USBD_LL_Suspend
 .text.USBD_LL_Resume
                0x08011318       0x30 ./Middlewares/ST/STM32_USB_Device_Library/Core/Src/usbd_core.o
                0x08011318                USBD_LL_Resume
 .text.USBD_LL_SOF
                0x08011348       0x40 ./Middlewares/ST/STM32_USB_Device_Library/Core/Src/usbd_core.o
                0x08011348                USBD_LL_SOF
 .text.USBD_LL_IsoINIncomplete
                0x08011388       0x64 ./Middlewares/ST/STM32_USB_Device_Library/Core/Src/usbd_core.o
                0x08011388                USBD_LL_IsoINIncomplete
 .text.USBD_LL_IsoOUTIncomplete
                0x080113ec       0x64 ./Middlewares/ST/STM32_USB_Device_Library/Core/Src/usbd_core.o
                0x080113ec                USBD_LL_IsoOUTIncomplete
 .text.USBD_LL_DevConnected
                0x08011450       0x16 ./Middlewares/ST/STM32_USB_Device_Library/Core/Src/usbd_core.o
                0x08011450                USBD_LL_DevConnected
 .text.USBD_LL_DevDisconnected
                0x08011466       0x46 ./Middlewares/ST/STM32_USB_Device_Library/Core/Src/usbd_core.o
                0x08011466                USBD_LL_DevDisconnected
 .text.USBD_CoreFindIF
                0x080114ac       0x1a ./Middlewares/ST/STM32_USB_Device_Library/Core/Src/usbd_core.o
                0x080114ac                USBD_CoreFindIF
 .text.USBD_CoreFindEP
                0x080114c6       0x1a ./Middlewares/ST/STM32_USB_Device_Library/Core/Src/usbd_core.o
                0x080114c6                USBD_CoreFindEP
 .text.USBD_GetEpDesc
                0x080114e0       0x70 ./Middlewares/ST/STM32_USB_Device_Library/Core/Src/usbd_core.o
                0x080114e0                USBD_GetEpDesc
 .text.USBD_GetNextDesc
                0x08011550       0x38 ./Middlewares/ST/STM32_USB_Device_Library/Core/Src/usbd_core.o
                0x08011550                USBD_GetNextDesc
 .text.SWAPBYTE
                0x08011588       0x3e ./Middlewares/ST/STM32_USB_Device_Library/Core/Src/usbd_ctlreq.o
 *fill*         0x080115c6        0x2 
 .text.USBD_StdDevReq
                0x080115c8       0xe4 ./Middlewares/ST/STM32_USB_Device_Library/Core/Src/usbd_ctlreq.o
                0x080115c8                USBD_StdDevReq
 .text.USBD_StdItfReq
                0x080116ac       0xd8 ./Middlewares/ST/STM32_USB_Device_Library/Core/Src/usbd_ctlreq.o
                0x080116ac                USBD_StdItfReq
 .text.USBD_StdEPReq
                0x08011784      0x33e ./Middlewares/ST/STM32_USB_Device_Library/Core/Src/usbd_ctlreq.o
                0x08011784                USBD_StdEPReq
 *fill*         0x08011ac2        0x2 
 .text.USBD_GetDescriptor
                0x08011ac4      0x2d4 ./Middlewares/ST/STM32_USB_Device_Library/Core/Src/usbd_ctlreq.o
 .text.USBD_SetAddress
                0x08011d98       0x88 ./Middlewares/ST/STM32_USB_Device_Library/Core/Src/usbd_ctlreq.o
 .text.USBD_SetConfig
                0x08011e20      0x154 ./Middlewares/ST/STM32_USB_Device_Library/Core/Src/usbd_ctlreq.o
 .text.USBD_GetConfig
                0x08011f74       0x6c ./Middlewares/ST/STM32_USB_Device_Library/Core/Src/usbd_ctlreq.o
 .text.USBD_GetStatus
                0x08011fe0       0x68 ./Middlewares/ST/STM32_USB_Device_Library/Core/Src/usbd_ctlreq.o
 .text.USBD_SetFeature
                0x08012048       0x52 ./Middlewares/ST/STM32_USB_Device_Library/Core/Src/usbd_ctlreq.o
 .text.USBD_ClrFeature
                0x0801209a       0x44 ./Middlewares/ST/STM32_USB_Device_Library/Core/Src/usbd_ctlreq.o
 .text.USBD_ParseSetupRequest
                0x080120de       0x74 ./Middlewares/ST/STM32_USB_Device_Library/Core/Src/usbd_ctlreq.o
                0x080120de                USBD_ParseSetupRequest
 .text.USBD_CtlError
                0x08012152       0x22 ./Middlewares/ST/STM32_USB_Device_Library/Core/Src/usbd_ctlreq.o
                0x08012152                USBD_CtlError
 .text.USBD_GetString
                0x08012174       0xa4 ./Middlewares/ST/STM32_USB_Device_Library/Core/Src/usbd_ctlreq.o
                0x08012174                USBD_GetString
 .text.USBD_GetLen
                0x08012218       0x34 ./Middlewares/ST/STM32_USB_Device_Library/Core/Src/usbd_ctlreq.o
 .text.USBD_CtlSendData
                0x0801224c       0x3c ./Middlewares/ST/STM32_USB_Device_Library/Core/Src/usbd_ioreq.o
                0x0801224c                USBD_CtlSendData
 .text.USBD_CtlContinueSendData
                0x08012288       0x22 ./Middlewares/ST/STM32_USB_Device_Library/Core/Src/usbd_ioreq.o
                0x08012288                USBD_CtlContinueSendData
 .text.USBD_CtlPrepareRx
                0x080122aa       0x42 ./Middlewares/ST/STM32_USB_Device_Library/Core/Src/usbd_ioreq.o
                0x080122aa                USBD_CtlPrepareRx
 .text.USBD_CtlContinueRx
                0x080122ec       0x22 ./Middlewares/ST/STM32_USB_Device_Library/Core/Src/usbd_ioreq.o
                0x080122ec                USBD_CtlContinueRx
 .text.USBD_CtlSendStatus
                0x0801230e       0x26 ./Middlewares/ST/STM32_USB_Device_Library/Core/Src/usbd_ioreq.o
                0x0801230e                USBD_CtlSendStatus
 .text.USBD_CtlReceiveStatus
                0x08012334       0x26 ./Middlewares/ST/STM32_USB_Device_Library/Core/Src/usbd_ioreq.o
                0x08012334                USBD_CtlReceiveStatus
 *fill*         0x0801235a        0x2 
 .text.MX_USB_DEVICE_Init
                0x0801235c       0x60 ./USB_DEVICE/App/usb_device.o
                0x0801235c                MX_USB_DEVICE_Init
 .text.CDC_Init_FS
                0x080123bc       0x28 ./USB_DEVICE/App/usbd_cdc_if.o
 .text.CDC_DeInit_FS
                0x080123e4       0x10 ./USB_DEVICE/App/usbd_cdc_if.o
 .text.CDC_Control_FS
                0x080123f4       0xbc ./USB_DEVICE/App/usbd_cdc_if.o
 .text.CDC_Receive_FS
                0x080124b0       0x70 ./USB_DEVICE/App/usbd_cdc_if.o
                0x080124b0                CDC_Receive_FS
 .text.CDC_Transmit_FS
                0x08012520       0x4c ./USB_DEVICE/App/usbd_cdc_if.o
                0x08012520                CDC_Transmit_FS
 .text.CDC_TransmitCplt_FS
                0x0801256c       0x22 ./USB_DEVICE/App/usbd_cdc_if.o
 *fill*         0x0801258e        0x2 
 .text.VCP_read
                0x08012590       0x58 ./USB_DEVICE/App/usbd_cdc_if.o
                0x08012590                VCP_read
 .text.VCP_available
                0x080125e8       0x48 ./USB_DEVICE/App/usbd_cdc_if.o
                0x080125e8                VCP_available
 .text.VCP_is_tx_busy
                0x08012630       0x30 ./USB_DEVICE/App/usbd_cdc_if.o
                0x08012630                VCP_is_tx_busy
 .text.VCP_read_buffer
                0x08012660       0x42 ./USB_DEVICE/App/usbd_cdc_if.o
                0x08012660                VCP_read_buffer
 *fill*         0x080126a2        0x2 
 .text.USBD_FS_DeviceDescriptor
                0x080126a4       0x24 ./USB_DEVICE/App/usbd_desc.o
                0x080126a4                USBD_FS_DeviceDescriptor
 .text.USBD_FS_LangIDStrDescriptor
                0x080126c8       0x24 ./USB_DEVICE/App/usbd_desc.o
                0x080126c8                USBD_FS_LangIDStrDescriptor
 .text.USBD_FS_ProductStrDescriptor
                0x080126ec       0x3c ./USB_DEVICE/App/usbd_desc.o
                0x080126ec                USBD_FS_ProductStrDescriptor
 .text.USBD_FS_ManufacturerStrDescriptor
                0x08012728       0x28 ./USB_DEVICE/App/usbd_desc.o
                0x08012728                USBD_FS_ManufacturerStrDescriptor
 .text.USBD_FS_SerialStrDescriptor
                0x08012750       0x24 ./USB_DEVICE/App/usbd_desc.o
                0x08012750                USBD_FS_SerialStrDescriptor
 .text.USBD_FS_ConfigStrDescriptor
                0x08012774       0x3c ./USB_DEVICE/App/usbd_desc.o
                0x08012774                USBD_FS_ConfigStrDescriptor
 .text.USBD_FS_InterfaceStrDescriptor
                0x080127b0       0x3c ./USB_DEVICE/App/usbd_desc.o
                0x080127b0                USBD_FS_InterfaceStrDescriptor
 .text.Get_SerialNum
                0x080127ec       0x58 ./USB_DEVICE/App/usbd_desc.o
 .text.IntToUnicode
                0x08012844       0x7e ./USB_DEVICE/App/usbd_desc.o
 *fill*         0x080128c2        0x2 
 .text.HAL_PCD_MspInit
                0x080128c4       0xa8 ./USB_DEVICE/Target/usbd_conf.o
                0x080128c4                HAL_PCD_MspInit
 .text.HAL_PCD_SetupStageCallback
                0x0801296c       0x24 ./USB_DEVICE/Target/usbd_conf.o
                0x0801296c                HAL_PCD_SetupStageCallback
 .text.HAL_PCD_DataOutStageCallback
                0x08012990       0x36 ./USB_DEVICE/Target/usbd_conf.o
                0x08012990                HAL_PCD_DataOutStageCallback
 .text.HAL_PCD_DataInStageCallback
                0x080129c6       0x34 ./USB_DEVICE/Target/usbd_conf.o
                0x080129c6                HAL_PCD_DataInStageCallback
 .text.HAL_PCD_SOFCallback
                0x080129fa       0x1c ./USB_DEVICE/Target/usbd_conf.o
                0x080129fa                HAL_PCD_SOFCallback
 .text.HAL_PCD_ResetCallback
                0x08012a16       0x50 ./USB_DEVICE/Target/usbd_conf.o
                0x08012a16                HAL_PCD_ResetCallback
 *fill*         0x08012a66        0x2 
 .text.HAL_PCD_SuspendCallback
                0x08012a68       0x4c ./USB_DEVICE/Target/usbd_conf.o
                0x08012a68                HAL_PCD_SuspendCallback
 .text.HAL_PCD_ResumeCallback
                0x08012ab4       0x1c ./USB_DEVICE/Target/usbd_conf.o
                0x08012ab4                HAL_PCD_ResumeCallback
 .text.HAL_PCD_ISOOUTIncompleteCallback
                0x08012ad0       0x24 ./USB_DEVICE/Target/usbd_conf.o
                0x08012ad0                HAL_PCD_ISOOUTIncompleteCallback
 .text.HAL_PCD_ISOINIncompleteCallback
                0x08012af4       0x24 ./USB_DEVICE/Target/usbd_conf.o
                0x08012af4                HAL_PCD_ISOINIncompleteCallback
 .text.HAL_PCD_ConnectCallback
                0x08012b18       0x1c ./USB_DEVICE/Target/usbd_conf.o
                0x08012b18                HAL_PCD_ConnectCallback
 .text.HAL_PCD_DisconnectCallback
                0x08012b34       0x1c ./USB_DEVICE/Target/usbd_conf.o
                0x08012b34                HAL_PCD_DisconnectCallback
 .text.USBD_LL_Init
                0x08012b50       0x98 ./USB_DEVICE/Target/usbd_conf.o
                0x08012b50                USBD_LL_Init
 .text.USBD_LL_Start
                0x08012be8       0x36 ./USB_DEVICE/Target/usbd_conf.o
                0x08012be8                USBD_LL_Start
 .text.USBD_LL_OpenEP
                0x08012c1e       0x4c ./USB_DEVICE/Target/usbd_conf.o
                0x08012c1e                USBD_LL_OpenEP
 .text.USBD_LL_CloseEP
                0x08012c6a       0x3e ./USB_DEVICE/Target/usbd_conf.o
                0x08012c6a                USBD_LL_CloseEP
 .text.USBD_LL_StallEP
                0x08012ca8       0x3e ./USB_DEVICE/Target/usbd_conf.o
                0x08012ca8                USBD_LL_StallEP
 .text.USBD_LL_ClearStallEP
                0x08012ce6       0x3e ./USB_DEVICE/Target/usbd_conf.o
                0x08012ce6                USBD_LL_ClearStallEP
 .text.USBD_LL_IsStallEP
                0x08012d24       0x58 ./USB_DEVICE/Target/usbd_conf.o
                0x08012d24                USBD_LL_IsStallEP
 .text.USBD_LL_SetUSBAddress
                0x08012d7c       0x3e ./USB_DEVICE/Target/usbd_conf.o
                0x08012d7c                USBD_LL_SetUSBAddress
 .text.USBD_LL_Transmit
                0x08012dba       0x42 ./USB_DEVICE/Target/usbd_conf.o
                0x08012dba                USBD_LL_Transmit
 .text.USBD_LL_PrepareReceive
                0x08012dfc       0x42 ./USB_DEVICE/Target/usbd_conf.o
                0x08012dfc                USBD_LL_PrepareReceive
 .text.USBD_LL_GetRxDataSize
                0x08012e3e       0x26 ./USB_DEVICE/Target/usbd_conf.o
                0x08012e3e                USBD_LL_GetRxDataSize
 .text.USBD_static_malloc
                0x08012e64       0x1c ./USB_DEVICE/Target/usbd_conf.o
                0x08012e64                USBD_static_malloc
 .text.USBD_static_free
                0x08012e80       0x14 ./USB_DEVICE/Target/usbd_conf.o
                0x08012e80                USBD_static_free
 .text.USBD_Get_USB_Status
                0x08012e94       0x58 ./USB_DEVICE/Target/usbd_conf.o
                0x08012e94                USBD_Get_USB_Status
 .text.atof     0x08012eec        0x6 /Applications/STM32CubeIDE.app/Contents/Eclipse/plugins/com.st.stm32cube.ide.mcu.externaltools.gnu-tools-for-stm32.13.3.rel1.macos64_1.0.0.202411102158/tools/bin/../lib/gcc/arm-none-eabi/13.3.1/../../../../arm-none-eabi/lib/thumb/v7e-m+fp/hard/libc_nano.a(libc_a-atof.o)
                0x08012eec                atof
 .text.atoi     0x08012ef2        0x8 /Applications/STM32CubeIDE.app/Contents/Eclipse/plugins/com.st.stm32cube.ide.mcu.externaltools.gnu-tools-for-stm32.13.3.rel1.macos64_1.0.0.202411102158/tools/bin/../lib/gcc/arm-none-eabi/13.3.1/../../../../arm-none-eabi/lib/thumb/v7e-m+fp/hard/libc_nano.a(libc_a-atoi.o)
                0x08012ef2                atoi
 .text.__cvt    0x08012efa       0xca /Applications/STM32CubeIDE.app/Contents/Eclipse/plugins/com.st.stm32cube.ide.mcu.externaltools.gnu-tools-for-stm32.13.3.rel1.macos64_1.0.0.202411102158/tools/bin/../lib/gcc/arm-none-eabi/13.3.1/../../../../arm-none-eabi/lib/thumb/v7e-m+fp/hard/libc_nano.a(libc_a-nano-vfprintf_float.o)
                0x08012efa                __cvt
 .text.__exponent
                0x08012fc4       0x74 /Applications/STM32CubeIDE.app/Contents/Eclipse/plugins/com.st.stm32cube.ide.mcu.externaltools.gnu-tools-for-stm32.13.3.rel1.macos64_1.0.0.202411102158/tools/bin/../lib/gcc/arm-none-eabi/13.3.1/../../../../arm-none-eabi/lib/thumb/v7e-m+fp/hard/libc_nano.a(libc_a-nano-vfprintf_float.o)
                0x08012fc4                __exponent
 .text._printf_float
                0x08013038      0x454 /Applications/STM32CubeIDE.app/Contents/Eclipse/plugins/com.st.stm32cube.ide.mcu.externaltools.gnu-tools-for-stm32.13.3.rel1.macos64_1.0.0.202411102158/tools/bin/../lib/gcc/arm-none-eabi/13.3.1/../../../../arm-none-eabi/lib/thumb/v7e-m+fp/hard/libc_nano.a(libc_a-nano-vfprintf_float.o)
                0x08013038                _printf_float
 .text._printf_common
                0x0801348c       0xda /Applications/STM32CubeIDE.app/Contents/Eclipse/plugins/com.st.stm32cube.ide.mcu.externaltools.gnu-tools-for-stm32.13.3.rel1.macos64_1.0.0.202411102158/tools/bin/../lib/gcc/arm-none-eabi/13.3.1/../../../../arm-none-eabi/lib/thumb/v7e-m+fp/hard/libc_nano.a(libc_a-nano-vfprintf_i.o)
                0x0801348c                _printf_common
 *fill*         0x08013566        0x2 
 .text._printf_i
                0x08013568      0x23c /Applications/STM32CubeIDE.app/Contents/Eclipse/plugins/com.st.stm32cube.ide.mcu.externaltools.gnu-tools-for-stm32.13.3.rel1.macos64_1.0.0.202411102158/tools/bin/../lib/gcc/arm-none-eabi/13.3.1/../../../../arm-none-eabi/lib/thumb/v7e-m+fp/hard/libc_nano.a(libc_a-nano-vfprintf_i.o)
                0x08013568                _printf_i
 .text._scanf_float
                0x080137a4      0x41c /Applications/STM32CubeIDE.app/Contents/Eclipse/plugins/com.st.stm32cube.ide.mcu.externaltools.gnu-tools-for-stm32.13.3.rel1.macos64_1.0.0.202411102158/tools/bin/../lib/gcc/arm-none-eabi/13.3.1/../../../../arm-none-eabi/lib/thumb/v7e-m+fp/hard/libc_nano.a(libc_a-nano-vfscanf_float.o)
                0x080137a4                _scanf_float
 .text.snprintf
                0x08013bc0       0x6c /Applications/STM32CubeIDE.app/Contents/Eclipse/plugins/com.st.stm32cube.ide.mcu.externaltools.gnu-tools-for-stm32.13.3.rel1.macos64_1.0.0.202411102158/tools/bin/../lib/gcc/arm-none-eabi/13.3.1/../../../../arm-none-eabi/lib/thumb/v7e-m+fp/hard/libc_nano.a(libc_a-snprintf.o)
                0x08013bc0                snprintf
                0x08013bc0                sniprintf
 .text.sprintf  0x08013c2c       0x44 /Applications/STM32CubeIDE.app/Contents/Eclipse/plugins/com.st.stm32cube.ide.mcu.externaltools.gnu-tools-for-stm32.13.3.rel1.macos64_1.0.0.202411102158/tools/bin/../lib/gcc/arm-none-eabi/13.3.1/../../../../arm-none-eabi/lib/thumb/v7e-m+fp/hard/libc_nano.a(libc_a-sprintf.o)
                0x08013c2c                sprintf
                0x08013c2c                siprintf
 .text.sscanf   0x08013c70       0x58 /Applications/STM32CubeIDE.app/Contents/Eclipse/plugins/com.st.stm32cube.ide.mcu.externaltools.gnu-tools-for-stm32.13.3.rel1.macos64_1.0.0.202411102158/tools/bin/../lib/gcc/arm-none-eabi/13.3.1/../../../../arm-none-eabi/lib/thumb/v7e-m+fp/hard/libc_nano.a(libc_a-sscanf.o)
                0x08013c70                sscanf
                0x08013c70                siscanf
 .text.__sread  0x08013cc8       0x22 /Applications/STM32CubeIDE.app/Contents/Eclipse/plugins/com.st.stm32cube.ide.mcu.externaltools.gnu-tools-for-stm32.13.3.rel1.macos64_1.0.0.202411102158/tools/bin/../lib/gcc/arm-none-eabi/13.3.1/../../../../arm-none-eabi/lib/thumb/v7e-m+fp/hard/libc_nano.a(libc_a-stdio.o)
                0x08013cc8                __sread
 .text.__seofread
                0x08013cea        0x4 /Applications/STM32CubeIDE.app/Contents/Eclipse/plugins/com.st.stm32cube.ide.mcu.externaltools.gnu-tools-for-stm32.13.3.rel1.macos64_1.0.0.202411102158/tools/bin/../lib/gcc/arm-none-eabi/13.3.1/../../../../arm-none-eabi/lib/thumb/v7e-m+fp/hard/libc_nano.a(libc_a-stdio.o)
                0x08013cea                __seofread
 .text.__swrite
                0x08013cee       0x38 /Applications/STM32CubeIDE.app/Contents/Eclipse/plugins/com.st.stm32cube.ide.mcu.externaltools.gnu-tools-for-stm32.13.3.rel1.macos64_1.0.0.202411102158/tools/bin/../lib/gcc/arm-none-eabi/13.3.1/../../../../arm-none-eabi/lib/thumb/v7e-m+fp/hard/libc_nano.a(libc_a-stdio.o)
                0x08013cee                __swrite
 .text.__sseek  0x08013d26       0x24 /Applications/STM32CubeIDE.app/Contents/Eclipse/plugins/com.st.stm32cube.ide.mcu.externaltools.gnu-tools-for-stm32.13.3.rel1.macos64_1.0.0.202411102158/tools/bin/../lib/gcc/arm-none-eabi/13.3.1/../../../../arm-none-eabi/lib/thumb/v7e-m+fp/hard/libc_nano.a(libc_a-stdio.o)
                0x08013d26                __sseek
 .text.__sclose
                0x08013d4a        0x8 /Applications/STM32CubeIDE.app/Contents/Eclipse/plugins/com.st.stm32cube.ide.mcu.externaltools.gnu-tools-for-stm32.13.3.rel1.macos64_1.0.0.202411102158/tools/bin/../lib/gcc/arm-none-eabi/13.3.1/../../../../arm-none-eabi/lib/thumb/v7e-m+fp/hard/libc_nano.a(libc_a-stdio.o)
                0x08013d4a                __sclose
 *fill*         0x08013d52        0x2 
 .text.std      0x08013d54       0x6c /Applications/STM32CubeIDE.app/Contents/Eclipse/plugins/com.st.stm32cube.ide.mcu.externaltools.gnu-tools-for-stm32.13.3.rel1.macos64_1.0.0.202411102158/tools/bin/../lib/gcc/arm-none-eabi/13.3.1/../../../../arm-none-eabi/lib/thumb/v7e-m+fp/hard/libc_nano.a(libc_a-findfp.o)
 .text.stdio_exit_handler
                0x08013dc0       0x18 /Applications/STM32CubeIDE.app/Contents/Eclipse/plugins/com.st.stm32cube.ide.mcu.externaltools.gnu-tools-for-stm32.13.3.rel1.macos64_1.0.0.202411102158/tools/bin/../lib/gcc/arm-none-eabi/13.3.1/../../../../arm-none-eabi/lib/thumb/v7e-m+fp/hard/libc_nano.a(libc_a-findfp.o)
 .text.cleanup_stdio
                0x08013dd8       0x40 /Applications/STM32CubeIDE.app/Contents/Eclipse/plugins/com.st.stm32cube.ide.mcu.externaltools.gnu-tools-for-stm32.13.3.rel1.macos64_1.0.0.202411102158/tools/bin/../lib/gcc/arm-none-eabi/13.3.1/../../../../arm-none-eabi/lib/thumb/v7e-m+fp/hard/libc_nano.a(libc_a-findfp.o)
 .text.global_stdio_init.part.0
                0x08013e18       0x3c /Applications/STM32CubeIDE.app/Contents/Eclipse/plugins/com.st.stm32cube.ide.mcu.externaltools.gnu-tools-for-stm32.13.3.rel1.macos64_1.0.0.202411102158/tools/bin/../lib/gcc/arm-none-eabi/13.3.1/../../../../arm-none-eabi/lib/thumb/v7e-m+fp/hard/libc_nano.a(libc_a-findfp.o)
 .text.__sfp_lock_acquire
                0x08013e54        0xc /Applications/STM32CubeIDE.app/Contents/Eclipse/plugins/com.st.stm32cube.ide.mcu.externaltools.gnu-tools-for-stm32.13.3.rel1.macos64_1.0.0.202411102158/tools/bin/../lib/gcc/arm-none-eabi/13.3.1/../../../../arm-none-eabi/lib/thumb/v7e-m+fp/hard/libc_nano.a(libc_a-findfp.o)
                0x08013e54                __sfp_lock_acquire
 .text.__sfp_lock_release
                0x08013e60        0xc /Applications/STM32CubeIDE.app/Contents/Eclipse/plugins/com.st.stm32cube.ide.mcu.externaltools.gnu-tools-for-stm32.13.3.rel1.macos64_1.0.0.202411102158/tools/bin/../lib/gcc/arm-none-eabi/13.3.1/../../../../arm-none-eabi/lib/thumb/v7e-m+fp/hard/libc_nano.a(libc_a-findfp.o)
                0x08013e60                __sfp_lock_release
 .text.__sinit  0x08013e6c       0x30 /Applications/STM32CubeIDE.app/Contents/Eclipse/plugins/com.st.stm32cube.ide.mcu.externaltools.gnu-tools-for-stm32.13.3.rel1.macos64_1.0.0.202411102158/tools/bin/../lib/gcc/arm-none-eabi/13.3.1/../../../../arm-none-eabi/lib/thumb/v7e-m+fp/hard/libc_nano.a(libc_a-findfp.o)
                0x08013e6c                __sinit
 .text.sulp     0x08013e9c       0x3c /Applications/STM32CubeIDE.app/Contents/Eclipse/plugins/com.st.stm32cube.ide.mcu.externaltools.gnu-tools-for-stm32.13.3.rel1.macos64_1.0.0.202411102158/tools/bin/../lib/gcc/arm-none-eabi/13.3.1/../../../../arm-none-eabi/lib/thumb/v7e-m+fp/hard/libc_nano.a(libc_a-strtod.o)
 .text._strtod_l
                0x08013ed8      0xbc8 /Applications/STM32CubeIDE.app/Contents/Eclipse/plugins/com.st.stm32cube.ide.mcu.externaltools.gnu-tools-for-stm32.13.3.rel1.macos64_1.0.0.202411102158/tools/bin/../lib/gcc/arm-none-eabi/13.3.1/../../../../arm-none-eabi/lib/thumb/v7e-m+fp/hard/libc_nano.a(libc_a-strtod.o)
                0x08013ed8                _strtod_l
 .text._strtod_r
                0x08014aa0        0xc /Applications/STM32CubeIDE.app/Contents/Eclipse/plugins/com.st.stm32cube.ide.mcu.externaltools.gnu-tools-for-stm32.13.3.rel1.macos64_1.0.0.202411102158/tools/bin/../lib/gcc/arm-none-eabi/13.3.1/../../../../arm-none-eabi/lib/thumb/v7e-m+fp/hard/libc_nano.a(libc_a-strtod.o)
                0x08014aa0                _strtod_r
 .text.strtod   0x08014aac       0x18 /Applications/STM32CubeIDE.app/Contents/Eclipse/plugins/com.st.stm32cube.ide.mcu.externaltools.gnu-tools-for-stm32.13.3.rel1.macos64_1.0.0.202411102158/tools/bin/../lib/gcc/arm-none-eabi/13.3.1/../../../../arm-none-eabi/lib/thumb/v7e-m+fp/hard/libc_nano.a(libc_a-strtod.o)
                0x08014aac                strtod
 .text._strtol_l.isra.0
                0x08014ac4       0xf4 /Applications/STM32CubeIDE.app/Contents/Eclipse/plugins/com.st.stm32cube.ide.mcu.externaltools.gnu-tools-for-stm32.13.3.rel1.macos64_1.0.0.202411102158/tools/bin/../lib/gcc/arm-none-eabi/13.3.1/../../../../arm-none-eabi/lib/thumb/v7e-m+fp/hard/libc_nano.a(libc_a-strtol.o)
 .text._strtol_r
                0x08014bb8        0x4 /Applications/STM32CubeIDE.app/Contents/Eclipse/plugins/com.st.stm32cube.ide.mcu.externaltools.gnu-tools-for-stm32.13.3.rel1.macos64_1.0.0.202411102158/tools/bin/../lib/gcc/arm-none-eabi/13.3.1/../../../../arm-none-eabi/lib/thumb/v7e-m+fp/hard/libc_nano.a(libc_a-strtol.o)
                0x08014bb8                _strtol_r
 .text.strtol   0x08014bbc       0x14 /Applications/STM32CubeIDE.app/Contents/Eclipse/plugins/com.st.stm32cube.ide.mcu.externaltools.gnu-tools-for-stm32.13.3.rel1.macos64_1.0.0.202411102158/tools/bin/../lib/gcc/arm-none-eabi/13.3.1/../../../../arm-none-eabi/lib/thumb/v7e-m+fp/hard/libc_nano.a(libc_a-strtol.o)
                0x08014bbc                strtol
 .text._fwalk_sglue
                0x08014bd0       0x3c /Applications/STM32CubeIDE.app/Contents/Eclipse/plugins/com.st.stm32cube.ide.mcu.externaltools.gnu-tools-for-stm32.13.3.rel1.macos64_1.0.0.202411102158/tools/bin/../lib/gcc/arm-none-eabi/13.3.1/../../../../arm-none-eabi/lib/thumb/v7e-m+fp/hard/libc_nano.a(libc_a-fwalk.o)
                0x08014bd0                _fwalk_sglue
 .text.printf   0x08014c0c       0x24 /Applications/STM32CubeIDE.app/Contents/Eclipse/plugins/com.st.stm32cube.ide.mcu.externaltools.gnu-tools-for-stm32.13.3.rel1.macos64_1.0.0.202411102158/tools/bin/../lib/gcc/arm-none-eabi/13.3.1/../../../../arm-none-eabi/lib/thumb/v7e-m+fp/hard/libc_nano.a(libc_a-printf.o)
                0x08014c0c                printf
                0x08014c0c                iprintf
 .text._puts_r  0x08014c30       0xaa /Applications/STM32CubeIDE.app/Contents/Eclipse/plugins/com.st.stm32cube.ide.mcu.externaltools.gnu-tools-for-stm32.13.3.rel1.macos64_1.0.0.202411102158/tools/bin/../lib/gcc/arm-none-eabi/13.3.1/../../../../arm-none-eabi/lib/thumb/v7e-m+fp/hard/libc_nano.a(libc_a-puts.o)
                0x08014c30                _puts_r
 *fill*         0x08014cda        0x2 
 .text.puts     0x08014cdc       0x10 /Applications/STM32CubeIDE.app/Contents/Eclipse/plugins/com.st.stm32cube.ide.mcu.externaltools.gnu-tools-for-stm32.13.3.rel1.macos64_1.0.0.202411102158/tools/bin/../lib/gcc/arm-none-eabi/13.3.1/../../../../arm-none-eabi/lib/thumb/v7e-m+fp/hard/libc_nano.a(libc_a-puts.o)
                0x08014cdc                puts
 .text.memmove  0x08014cec       0x34 /Applications/STM32CubeIDE.app/Contents/Eclipse/plugins/com.st.stm32cube.ide.mcu.externaltools.gnu-tools-for-stm32.13.3.rel1.macos64_1.0.0.202411102158/tools/bin/../lib/gcc/arm-none-eabi/13.3.1/../../../../arm-none-eabi/lib/thumb/v7e-m+fp/hard/libc_nano.a(libc_a-memmove.o)
                0x08014cec                memmove
 .text.memset   0x08014d20       0x10 /Applications/STM32CubeIDE.app/Contents/Eclipse/plugins/com.st.stm32cube.ide.mcu.externaltools.gnu-tools-for-stm32.13.3.rel1.macos64_1.0.0.202411102158/tools/bin/../lib/gcc/arm-none-eabi/13.3.1/../../../../arm-none-eabi/lib/thumb/v7e-m+fp/hard/libc_nano.a(libc_a-memset.o)
                0x08014d20                memset
 .text.strchr   0x08014d30       0x1a /Applications/STM32CubeIDE.app/Contents/Eclipse/plugins/com.st.stm32cube.ide.mcu.externaltools.gnu-tools-for-stm32.13.3.rel1.macos64_1.0.0.202411102158/tools/bin/../lib/gcc/arm-none-eabi/13.3.1/../../../../arm-none-eabi/lib/thumb/v7e-m+fp/hard/libc_nano.a(libc_a-strchr.o)
                0x08014d30                strchr
 .text.strncmp  0x08014d4a       0x24 /Applications/STM32CubeIDE.app/Contents/Eclipse/plugins/com.st.stm32cube.ide.mcu.externaltools.gnu-tools-for-stm32.13.3.rel1.macos64_1.0.0.202411102158/tools/bin/../lib/gcc/arm-none-eabi/13.3.1/../../../../arm-none-eabi/lib/thumb/v7e-m+fp/hard/libc_nano.a(libc_a-strncmp.o)
                0x08014d4a                strncmp
 .text.strncpy  0x08014d6e       0x26 /Applications/STM32CubeIDE.app/Contents/Eclipse/plugins/com.st.stm32cube.ide.mcu.externaltools.gnu-tools-for-stm32.13.3.rel1.macos64_1.0.0.202411102158/tools/bin/../lib/gcc/arm-none-eabi/13.3.1/../../../../arm-none-eabi/lib/thumb/v7e-m+fp/hard/libc_nano.a(libc_a-strncpy.o)
                0x08014d6e                strncpy
 .text.strpbrk  0x08014d94       0x22 /Applications/STM32CubeIDE.app/Contents/Eclipse/plugins/com.st.stm32cube.ide.mcu.externaltools.gnu-tools-for-stm32.13.3.rel1.macos64_1.0.0.202411102158/tools/bin/../lib/gcc/arm-none-eabi/13.3.1/../../../../arm-none-eabi/lib/thumb/v7e-m+fp/hard/libc_nano.a(libc_a-strpbrk.o)
                0x08014d94                strpbrk