Archive member included to satisfy reference by file (symbol)

/Applications/STM32CubeIDE.app/Contents/Eclipse/plugins/com.st.stm32cube.ide.mcu.externaltools.gnu-tools-for-stm32.13.3.rel1.macos64_1.0.0.202411102158/tools/bin/../lib/gcc/arm-none-eabi/13.3.1/../../../../arm-none-eabi/lib/thumb/v7e-m+fp/hard/libc_nano.a(libc_a-atof.o)
                              ./Core/Src/library/gps.o (atof)
/Applications/STM32CubeIDE.app/Contents/Eclipse/plugins/com.st.stm32cube.ide.mcu.externaltools.gnu-tools-for-stm32.13.3.rel1.macos64_1.0.0.202411102158/tools/bin/../lib/gcc/arm-none-eabi/13.3.1/../../../../arm-none-eabi/lib/thumb/v7e-m+fp/hard/libc_nano.a(libc_a-atoi.o)
                              ./Core/Src/library/gps.o (atoi)
/Applications/STM32CubeIDE.app/Contents/Eclipse/plugins/com.st.stm32cube.ide.mcu.externaltools.gnu-tools-for-stm32.13.3.rel1.macos64_1.0.0.202411102158/tools/bin/../lib/gcc/arm-none-eabi/13.3.1/../../../../arm-none-eabi/lib/thumb/v7e-m+fp/hard/libc_nano.a(libc_a-exit.o)
                              /Applications/STM32CubeIDE.app/Contents/Eclipse/plugins/com.st.stm32cube.ide.mcu.externaltools.gnu-tools-for-stm32.13.3.rel1.macos64_1.0.0.202411102158/tools/bin/../lib/gcc/arm-none-eabi/13.3.1/../../../../arm-none-eabi/lib/thumb/v7e-m+fp/hard/crt0.o (exit)
/Applications/STM32CubeIDE.app/Contents/Eclipse/plugins/com.st.stm32cube.ide.mcu.externaltools.gnu-tools-for-stm32.13.3.rel1.macos64_1.0.0.202411102158/tools/bin/../lib/gcc/arm-none-eabi/13.3.1/../../../../arm-none-eabi/lib/thumb/v7e-m+fp/hard/libc_nano.a(libc_a-nano-vfprintf_float.o)
                              (_printf_float)
/Applications/STM32CubeIDE.app/Contents/Eclipse/plugins/com.st.stm32cube.ide.mcu.externaltools.gnu-tools-for-stm32.13.3.rel1.macos64_1.0.0.202411102158/tools/bin/../lib/gcc/arm-none-eabi/13.3.1/../../../../arm-none-eabi/lib/thumb/v7e-m+fp/hard/libc_nano.a(libc_a-nano-vfprintf_i.o)
                              /Applications/STM32CubeIDE.app/Contents/Eclipse/plugins/com.st.stm32cube.ide.mcu.externaltools.gnu-tools-for-stm32.13.3.rel1.macos64_1.0.0.202411102158/tools/bin/../lib/gcc/arm-none-eabi/13.3.1/../../../../arm-none-eabi/lib/thumb/v7e-m+fp/hard/libc_nano.a(libc_a-nano-vfprintf_float.o) (_printf_common)
/Applications/STM32CubeIDE.app/Contents/Eclipse/plugins/com.st.stm32cube.ide.mcu.externaltools.gnu-tools-for-stm32.13.3.rel1.macos64_1.0.0.202411102158/tools/bin/../lib/gcc/arm-none-eabi/13.3.1/../../../../arm-none-eabi/lib/thumb/v7e-m+fp/hard/libc_nano.a(libc_a-nano-vfscanf_float.o)
                              (_scanf_float)
/Applications/STM32CubeIDE.app/Contents/Eclipse/plugins/com.st.stm32cube.ide.mcu.externaltools.gnu-tools-for-stm32.13.3.rel1.macos64_1.0.0.202411102158/tools/bin/../lib/gcc/arm-none-eabi/13.3.1/../../../../arm-none-eabi/lib/thumb/v7e-m+fp/hard/libc_nano.a(libc_a-snprintf.o)
                              ./Core/Src/main.o (snprintf)
/Applications/STM32CubeIDE.app/Contents/Eclipse/plugins/com.st.stm32cube.ide.mcu.externaltools.gnu-tools-for-stm32.13.3.rel1.macos64_1.0.0.202411102158/tools/bin/../lib/gcc/arm-none-eabi/13.3.1/../../../../arm-none-eabi/lib/thumb/v7e-m+fp/hard/libc_nano.a(libc_a-sprintf.o)
                              ./Core/Src/main.o (sprintf)
/Applications/STM32CubeIDE.app/Contents/Eclipse/plugins/com.st.stm32cube.ide.mcu.externaltools.gnu-tools-for-stm32.13.3.rel1.macos64_1.0.0.202411102158/tools/bin/../lib/gcc/arm-none-eabi/13.3.1/../../../../arm-none-eabi/lib/thumb/v7e-m+fp/hard/libc_nano.a(libc_a-sscanf.o)
                              ./Core/Src/main.o (sscanf)
/Applications/STM32CubeIDE.app/Contents/Eclipse/plugins/com.st.stm32cube.ide.mcu.externaltools.gnu-tools-for-stm32.13.3.rel1.macos64_1.0.0.202411102158/tools/bin/../lib/gcc/arm-none-eabi/13.3.1/../../../../arm-none-eabi/lib/thumb/v7e-m+fp/hard/libc_nano.a(libc_a-stdio.o)
                              /Applications/STM32CubeIDE.app/Contents/Eclipse/plugins/com.st.stm32cube.ide.mcu.externaltools.gnu-tools-for-stm32.13.3.rel1.macos64_1.0.0.202411102158/tools/bin/../lib/gcc/arm-none-eabi/13.3.1/../../../../arm-none-eabi/lib/thumb/v7e-m+fp/hard/libc_nano.a(libc_a-sscanf.o) (__seofread)
/Applications/STM32CubeIDE.app/Contents/Eclipse/plugins/com.st.stm32cube.ide.mcu.externaltools.gnu-tools-for-stm32.13.3.rel1.macos64_1.0.0.202411102158/tools/bin/../lib/gcc/arm-none-eabi/13.3.1/../../../../arm-none-eabi/lib/thumb/v7e-m+fp/hard/libc_nano.a(libc_a-findfp.o)
                              /Applications/STM32CubeIDE.app/Contents/Eclipse/plugins/com.st.stm32cube.ide.mcu.externaltools.gnu-tools-for-stm32.13.3.rel1.macos64_1.0.0.202411102158/tools/bin/../lib/gcc/arm-none-eabi/13.3.1/../../../../arm-none-eabi/lib/thumb/v7e-m+fp/hard/libc_nano.a(libc_a-exit.o) (__stdio_exit_handler)
[...]
Memory Configuration

Name             Origin             Length             Attributes
CCMRAM           0x10000000         0x00010000         xrw
RAM              0x20000000         0x00020000         xrw
FLASH            0x08000000         0x00080000         xr
*default*        0x00000000         0xffffffff

Linker script and memory map

LOAD /Applications/STM32CubeIDE.app/Contents/Eclipse/plugins/com.st.stm32cube.ide.mcu.externaltools.gnu-tools-for-stm32.13.3.rel1.macos64_1.0.0.202411102158/tools/bin/../lib/gcc/arm-none-eabi/13.3.1/thumb/v7e-m+fp/hard/crti.o
LOAD /Applications/STM32CubeIDE.app/Contents/Eclipse/plugins/com.st.stm32cube.ide.mcu.externaltools.gnu-tools-for-stm32.13.3.rel1.macos64_1.0.0.202411102158/tools/bin/../lib/gcc/arm-none-eabi/13.3.1/thumb/v7e-m+fp/hard/crtbegin.o
LOAD /Applications/STM32CubeIDE.app/Contents/Eclipse/plugins/com.st.stm32cube.ide.mcu.externaltools.gnu-tools-for-stm32.13.3.rel1.macos64_1.0.0.202411102158/tools/bin/../lib/gcc/arm-none-eabi/13.3.1/../../../../arm-none-eabi/lib/thumb/v7e-m+fp/hard/crt0.o
LOAD ./Core/Src/adc.o
LOAD ./Core/Src/dma.o
LOAD ./Core/Src/gpio.o
LOAD ./Core/Src/i2c.o
LOAD ./Core/Src/main.o
LOAD ./Core/Src/spi.o
LOAD ./Core/Src/stm32f4xx_hal_msp.o
LOAD ./Core/Src/stm32f4xx_it.o
LOAD ./Core/Src/syscalls.o
LOAD ./Core/Src/sysmem.o
LOAD ./Core/Src/system_stm32f4xx.o
LOAD ./Core/Src/tim.o
LOAD ./Core/Src/usart.o
LOAD ./Core/Src/library/BNO055.o
LOAD ./Core/Src/library/EEPROM.o
LOAD ./Core/Src/library/INA219.o
LOAD ./Core/Src/library/adxl_345_imu.o
LOAD ./Core/Src/library/airQuality.o
LOAD ./Core/Src/library/encoder.o
LOAD ./Core/Src/library/gps.o
LOAD ./Core/Src/library/motorDriver.o
LOAD ./Core/Src/library/sps30.o
LOAD ./Core/Src/library/bme68x/bme68x.o
LOAD ./Core/Src/library/bme68x/bme68x_necessary_functions.o
LOAD ./Core/Startup/startup_stm32f407vetx.o
LOAD ./Drivers/STM32F4xx_HAL_Driver/Src/stm32f4xx_hal.o
LOAD ./Drivers/STM32F4xx_HAL_Driver/Src/stm32f4xx_hal_adc.o
LOAD ./Drivers/STM32F4xx_HAL_Driver/Src/stm32f4xx_hal_adc_ex.o
LOAD ./Drivers/STM32F4xx_HAL_Driver/Src/stm32f4xx_hal_cortex.o
LOAD ./Drivers/STM32F4xx_HAL_Driver/Src/stm32f4xx_hal_dma.o
LOAD ./Drivers/STM32F4xx_HAL_Driver/Src/stm32f4xx_hal_dma_ex.o
LOAD ./Drivers/STM32F4xx_HAL_Driver/Src/stm32f4xx_hal_exti.o
LOAD ./Drivers/STM32F4xx_HAL_Driver/Src/stm32f4xx_hal_flash.o
LOAD ./Drivers/STM32F4xx_HAL_Driver/Src/stm32f4xx_hal_flash_ex.o
LOAD ./Drivers/STM32F4xx_HAL_Driver/Src/stm32f4xx_hal_flash_ramfunc.o
LOAD ./Drivers/STM32F4xx_HAL_Driver/Src/stm32f4xx_hal_gpio.o
LOAD ./Drivers/STM32F4xx_HAL_Driver/Src/stm32f4xx_hal_i2c.o
LOAD ./Drivers/STM32F4xx_HAL_Driver/Src/stm32f4xx_hal_i2c_ex.o
LOAD ./Drivers/STM32F4xx_HAL_Driver/Src/stm32f4xx_hal_pcd.o
LOAD ./Drivers/STM32F4xx_HAL_Driver/Src/stm32f4xx_hal_pcd_ex.o
LOAD ./Drivers/STM32F4xx_HAL_Driver/Src/stm32f4xx_hal_pwr.o
LOAD ./Drivers/STM32F4xx_HAL_Driver/Src/stm32f4xx_hal_pwr_ex.o
LOAD ./Drivers/STM32F4xx_HAL_Driver/Src/stm32f4xx_hal_rcc.o
LOAD ./Drivers/STM32F4xx_HAL_Driver/Src/stm32f4xx_hal_rcc_ex.o
LOAD ./Drivers/STM32F4xx_HAL_Driver/Src/stm32f4xx_hal_spi.o
LOAD ./Drivers/STM32F4xx_HAL_Driver/Src/stm32f4xx_hal_tim.o
LOAD ./Drivers/STM32F4xx_HAL_Driver/Src/stm32f4xx_hal_tim_ex.o
LOAD ./Drivers/STM32F4xx_HAL_Driver/Src/stm32f4xx_hal_uart.o
LOAD ./Drivers/STM32F4xx_HAL_Driver/Src/stm32f4xx_ll_adc.o
LOAD ./Drivers/STM32F4xx_HAL_Driver/Src/stm32f4xx_ll_usb.o
LOAD ./Middlewares/ST/STM32_USB_Device_Library/Class/CDC/Src/usbd_cdc.o
LOAD ./Middlewares/ST/STM32_USB_Device_Library/Core/Src/usbd_core.o
LOAD ./Middlewares/ST/STM32_USB_Device_Library/Core/Src/usbd_ctlreq.o
LOAD ./Middlewares/ST/STM32_USB_Device_Library/Core/Src/usbd_ioreq.o
LOAD ./USB_DEVICE/App/usb_device.o
LOAD ./USB_DEVICE/App/usbd_cdc_if.o
LOAD ./USB_DEVICE/App/usbd_desc.o
LOAD ./USB_DEVICE/Target/usbd_conf.o
START GROUP
LOAD /Applications/STM32CubeIDE.app/Contents/Eclipse/plugins/com.st.stm32cube.ide.mcu.externaltools.gnu-tools-for-stm32.13.3.rel1.macos64_1.0.0.202411102158/tools/bin/../lib/gcc/arm-none-eabi/13.3.1/../../../../arm-none-eabi/lib/thumb/v7e-m+fp/hard/libc_nano.a
LOAD /Applications/STM32CubeIDE.app/Contents/Eclipse/plugins/com.st.stm32cube.ide.mcu.externaltools.gnu-tools-for-stm32.13.3.rel1.macos64_1.0.0.202411102158/tools/bin/../lib/gcc/arm-none-eabi/13.3.1/../../../../arm-none-eabi/lib/thumb/v7e-m+fp/hard/libm.a
END GROUP
START GROUP
LOAD /Applications/STM32CubeIDE.app/Contents/Eclipse/plugins/com.st.stm32cube.ide.mcu.externaltools.gnu-tools-for-stm32.13.3.rel1.macos64_1.0.0.202411102158/tools/bin/../lib/gcc/arm-none-eabi/13.3.1/thumb/v7e-m+fp/hard/libgcc.a
LOAD /Applications/STM32CubeIDE.app/Contents/Eclipse/plugins/com.st.stm32cube.ide.mcu.externaltools.gnu-tools-for-stm32.13.3.rel1.macos64_1.0.0.202411102158/tools/bin/../lib/gcc/arm-none-eabi/13.3.1/../../../../arm-none-eabi/lib/thumb/v7e-m+fp/hard/libc_nano.a
END GROUP
START GROUP
LOAD /Applications/STM32CubeIDE.app/Contents/Eclipse/plugins/com.st.stm32cube.ide.mcu.externaltools.gnu-tools-for-stm32.13.3.rel1.macos64_1.0.0.202411102158/tools/bin/../lib/gcc/arm-none-eabi/13.3.1/thumb/v7e-m+fp/hard/libgcc.a
LOAD /Applications/STM32CubeIDE.app/Contents/Eclipse/plugins/com.st.stm32cube.ide.mcu.externaltools.gnu-tools-for-stm32.13.3.rel1.macos64_1.0.0.202411102158/tools/bin/../lib/gcc/arm-none-eabi/13.3.1/../../../../arm-none-eabi/lib/thumb/v7e-m+fp/hard/libc_nano.a
LOAD /Applications/STM32CubeIDE.app/Contents/Eclipse/plugins/com.st.stm32cube.ide.mcu.externaltools.gnu-tools-for-stm32.13.3.rel1.macos64_1.0.0.202411102158/tools/bin/../lib/gcc/arm-none-eabi/13.3.1/../../../../arm-none-eabi/lib/thumb/v7e-m+fp/hard/libnosys.a
END GROUP
START GROUP
LOAD /Applications/STM32CubeIDE.app/Contents/Eclipse/plugins/com.st.stm32cube.ide.mcu.externaltools.gnu-tools-for-stm32.13.3.rel1.macos64_1.0.0.202411102158/tools/bin/../lib/gcc/arm-none-eabi/13.3.1/thumb/v7e-m+fp/hard/libgcc.a
LOAD /Applications/STM32CubeIDE.app/Contents/Eclipse/plugins/com.st.stm32cube.ide.mcu.externaltools.gnu-tools-for-stm32.13.3.rel1.macos64_1.0.0.202411102158/tools/bin/../lib/gcc/arm-none-eabi/13.3.1/../../../../arm-none-eabi/lib/thumb/v7e-m+fp/hard/libc_nano.a
LOAD /Applications/STM32CubeIDE.app/Contents/Eclipse/plugins/com.st.stm32cube.ide.mcu.externaltools.gnu-tools-for-stm32.13.3.rel1.macos64_1.0.0.202411102158/tools/bin/../lib/gcc/arm-none-eabi/13.3.1/../../../../arm-none-eabi/lib/thumb/v7e-m+fp/hard/libnosys.a
END GROUP
LOAD /Applications/STM32CubeIDE.app/Contents/Eclipse/plugins/com.st.stm32cube.ide.mcu.externaltools.gnu-tools-for-stm32.13.3.rel1.macos64_1.0.0.202411102158/tools/bin/../lib/gcc/arm-none-eabi/13.3.1/thumb/v7e-m+fp/hard/crtend.o
LOAD /Applications/STM32CubeIDE.app/Contents/Eclipse/plugins/com.st.stm32cube.ide.mcu.externaltools.gnu-tools-for-stm32.13.3.rel1.macos64_1.0.0.202411102158/tools/bin/../lib/gcc/arm-none-eabi/13.3.1/thumb/v7e-m+fp/hard/crtn.o
                0x20020000                        _estack = (ORIGIN (RAM) + LENGTH (RAM))
                0x00000200                        _Min_Heap_Size = 0x200
                0x00000400                        _Min_Stack_Size = 0x400

.isr_vector     0x08000000      0x188
                0x08000000                        . = ALIGN (0x4)
 *(.isr_vector)
 .isr_vector    0x08000000      0x188 ./Core/Startup/startup_stm32f407vetx.o
                0x08000000                g_pfnVectors
                0x08000188                        . = ALIGN (0x4)

.text           0x08000190    0x18fd0
                0x08000190                        . = ALIGN (0x4)
 *(.text)
 .text          0x08000190       0x40 /Applications/STM32CubeIDE.app/Contents/Eclipse/plugins/com.st.stm32cube.ide.mcu.externaltools.gnu-tools-for-stm32.13.3.rel1.macos64_1.0.0.202411102158/tools/bin/../lib/gcc/arm-none-eabi/13.3.1/thumb/v7e-m+fp/hard/crtbegin.o
 .text          0x080001d0       0xa0 /Applications/STM32CubeIDE.app/Contents/Eclipse/plugins/com.st.stm32cube.ide.mcu.externaltools.gnu-tools-for-stm32.13.3.rel1.macos64_1.0.0.202411102158/tools/bin/../lib/gcc/arm-none-eabi/13.3.1/../../../../arm-none-eabi/lib/thumb/v7e-m+fp/hard/libc_nano.a(libc_a-memchr.o)
                0x080001d0                memchr
 .text          0x08000270       0x10 /Applications/STM32CubeIDE.app/Contents/Eclipse/plugins/com.st.stm32cube.ide.mcu.externaltools.gnu-tools-for-stm32.13.3.rel1.macos64_1.0.0.202411102158/tools/bin/../lib/gcc/arm-none-eabi/13.3.1/../../../../arm-none-eabi/lib/thumb/v7e-m+fp/hard/libc_nano.a(libc_a-strlen.o)
                0x08000270                strlen
 .text          0x08000280      0x378 /Applications/STM32CubeIDE.app/Contents/Eclipse/plugins/com.st.stm32cube.ide.mcu.externaltools.gnu-tools-for-stm32.13.3.rel1.macos64_1.0.0.202411102158/tools/bin/../lib/gcc/arm-none-eabi/13.3.1/thumb/v7e-m+fp/hard/libgcc.a(_arm_addsubdf3.o)
                0x08000280                __aeabi_drsub
                0x08000288                __subdf3
                0x08000288                __aeabi_dsub
                0x0800028c                __aeabi_dadd
                0x0800028c                __adddf3
                0x08000504                __aeabi_ui2d
                0x08000504                __floatunsidf
                0x08000524                __floatsidf
                0x08000524                __aeabi_i2d
                0x08000548                __extendsfdf2
                0x08000548                __aeabi_f2d
                0x0800058c                __aeabi_ul2d
                0x0800058c                __floatundidf
                0x0800059c                __aeabi_l2d
                0x0800059c                __floatdidf
 .text          0x080005f8      0x424 /Applications/STM32CubeIDE.app/Contents/Eclipse/plugins/com.st.stm32cube.ide.mcu.externaltools.gnu-tools-for-stm32.13.3.rel1.macos64_1.0.0.202411102158/tools/bin/../lib/gcc/arm-none-eabi/13.3.1/thumb/v7e-m+fp/hard/libgcc.a(_arm_muldivdf3.o)
                0x080005f8                __aeabi_dmul
                0x080005f8                __muldf3
                0x0800084c                __aeabi_ddiv
                0x0800084c                __divdf3
 .text          0x08000a1c      0x110 /Applications/STM32CubeIDE.app/Contents/Eclipse/plugins/com.st.stm32cube.ide.mcu.externaltools.gnu-tools-for-stm32.13.3.rel1.macos64_1.0.0.202411102158/tools/bin/../lib/gcc/arm-none-eabi/13.3.1/thumb/v7e-m+fp/hard/libgcc.a(_arm_cmpdf2.o)
                0x08000a1c                __gedf2
                0x08000a1c                __gtdf2
                0x08000a24                __ledf2
                0x08000a24                __ltdf2
                0x08000a2c                __cmpdf2
                0x08000a2c                __eqdf2
                0x08000a2c                __nedf2
                0x08000aa8                __aeabi_cdrcmple
                0x08000ab8                __aeabi_cdcmple
                0x08000ab8                __aeabi_cdcmpeq
                0x08000ac8                __aeabi_dcmpeq
                0x08000adc                __aeabi_dcmplt
                0x08000af0                __aeabi_dcmple
                0x08000b04                __aeabi_dcmpge
                0x08000b18                __aeabi_dcmpgt
 .text          0x08000b2c       0x2c /Applications/STM32CubeIDE.app/Contents/Eclipse/plugins/com.st.stm32cube.ide.mcu.externaltools.gnu-tools-for-stm32.13.3.rel1.macos64_1.0.0.202411102158/tools/bin/../lib/gcc/arm-none-eabi/13.3.1/thumb/v7e-m+fp/hard/libgcc.a(_arm_unorddf2.o)
                0x08000b2c                __aeabi_dcmpun
                0x08000b2c                __unorddf2
 .text          0x08000b58       0x50 /Applications/STM32CubeIDE.app/Contents/Eclipse/plugins/com.st.stm32cube.ide.mcu.externaltools.gnu-tools-for-stm32.13.3.rel1.macos64_1.0.0.202411102158/tools/bin/../lib/gcc/arm-none-eabi/13.3.1/thumb/v7e-m+fp/hard/libgcc.a(_arm_fixdfsi.o)
                0x08000b58                __fixdfsi
                0x08000b58                __aeabi_d2iz
 .text          0x08000ba8       0x40 /Applications/STM32CubeIDE.app/Contents/Eclipse/plugins/com.st.stm32cube.ide.mcu.externaltools.gnu-tools-for-stm32.13.3.rel1.macos64_1.0.0.202411102158/tools/bin/../lib/gcc/arm-none-eabi/13.3.1/thumb/v7e-m+fp/hard/libgcc.a(_arm_fixunsdfsi.o)
                0x08000ba8                __fixunsdfsi
                0x08000ba8                __aeabi_d2uiz
 .text          0x08000be8       0xa0 /Applications/STM32CubeIDE.app/Contents/Eclipse/plugins/com.st.stm32cube.ide.mcu.externaltools.gnu-tools-for-stm32.13.3.rel1.macos64_1.0.0.202411102158/tools/bin/../lib/gcc/arm-none-eabi/13.3.1/thumb/v7e-m+fp/hard/libgcc.a(_arm_truncdfsf2.o)
                0x08000be8                __aeabi_d2f
                0x08000be8                __truncdfsf2
 .text          0x08000c88       0x30 /Applications/STM32CubeIDE.app/Contents/Eclipse/plugins/com.st.stm32cube.ide.mcu.externaltools.gnu-tools-for-stm32.13.3.rel1.macos64_1.0.0.202411102158/tools/bin/../lib/gcc/arm-none-eabi/13.3.1/thumb/v7e-m+fp/hard/libgcc.a(_aeabi_uldivmod.o)
                0x08000c88                __aeabi_uldivmod
 .text          0x08000cb8       0x30 /Applications/STM32CubeIDE.app/Contents/Eclipse/plugins/com.st.stm32cube.ide.mcu.externaltools.gnu-tools-for-stm32.13.3.rel1.macos64_1.0.0.202411102158/tools/bin/../lib/gcc/arm-none-eabi/13.3.1/thumb/v7e-m+fp/hard/libgcc.a(_fixdfdi.o)
                0x08000cb8                __aeabi_d2lz
                0x08000cb8                __fixdfdi
 .text          0x08000ce8       0x3c /Applications/STM32CubeIDE.app/Contents/Eclipse/plugins/com.st.stm32cube.ide.mcu.externaltools.gnu-tools-for-stm32.13.3.rel1.macos64_1.0.0.202411102158/tools/bin/../lib/gcc/arm-none-eabi/13.3.1/thumb/v7e-m+fp/hard/libgcc.a(_fixunsdfdi.o)
                0x08000ce8                __aeabi_d2ulz
                0x08000ce8                __fixunsdfdi
 .text          0x08000d24      0x2f8 /Applications/STM32CubeIDE.app/Contents/Eclipse/plugins/com.st.stm32cube.ide.mcu.externaltools.gnu-tools-for-stm32.13.3.rel1.macos64_1.0.0.202411102158/tools/bin/../lib/gcc/arm-none-eabi/13.3.1/thumb/v7e-m+fp/hard/libgcc.a(_udivmoddi4.o)
                0x08000d24                __udivmoddi4
 .text          0x0800101c        0x4 /Applications/STM32CubeIDE.app/Contents/Eclipse/plugins/com.st.stm32cube.ide.mcu.externaltools.gnu-tools-for-stm32.13.3.rel1.macos64_1.0.0.202411102158/tools/bin/../lib/gcc/arm-none-eabi/13.3.1/thumb/v7e-m+fp/hard/libgcc.a(_dvmd_tls.o)
                0x0800101c                __aeabi_ldiv0
                0x0800101c                __aeabi_idiv0
 *(.text*)
 .text.MX_ADC1_Init
                0x08001020       0xa4 ./Core/Src/adc.o
                0x08001020                MX_ADC1_Init
 .text.HAL_ADC_MspInit
                0x080010c4       0x88 ./Core/Src/adc.o
                0x080010c4                HAL_ADC_MspInit
 .text.MX_DMA_Init
                0x0800114c       0x40 ./Core/Src/dma.o
                0x0800114c                MX_DMA_Init
 .text.MX_GPIO_Init
                0x0800118c      0x284 ./Core/Src/gpio.o
                0x0800118c                MX_GPIO_Init
 .text.MX_I2C1_Init
                0x08001410       0x5c ./Core/Src/i2c.o
                0x08001410                MX_I2C1_Init
 .text.MX_I2C2_Init
                0x0800146c       0x5c ./Core/Src/i2c.o
                0x0800146c                MX_I2C2_Init
 .text.MX_I2C3_Init
                0x080014c8       0x5c ./Core/Src/i2c.o
                0x080014c8                MX_I2C3_Init
 .text.HAL_I2C_MspInit
                0x08001524      0x1a8 ./Core/Src/i2c.o
                0x08001524                HAL_I2C_MspInit
 .text.HAL_I2C_MspDeInit
                0x080016cc       0xac ./Core/Src/i2c.o
                0x080016cc                HAL_I2C_MspDeInit
 .text.get_max_history
                0x08001778       0x5c ./Core/Src/main.o
                0x08001778                get_max_history
 .text.get_battery_percentage
                0x080017d4      0x154 ./Core/Src/main.o
                0x080017d4                get_battery_percentage
 .text._write   0x08001928       0x28 ./Core/Src/main.o
                0x08001928                _write
 .text.Process_Serial_Input
                0x08001950      0x328 ./Core/Src/main.o
                0x08001950                Process_Serial_Input
 .text.main     0x08001c78      0xb6c ./Core/Src/main.o
                0x08001c78                main
 .text.SystemClock_Config
                0x080027e4       0xd4 ./Core/Src/main.o
                0x080027e4                SystemClock_Config
 .text.HAL_GPIO_EXTI_Callback
                0x080028b8       0x16 ./Core/Src/main.o
                0x080028b8                HAL_GPIO_EXTI_Callback
 *fill*         0x080028ce        0x2 
 .text.HAL_TIM_PeriodElapsedCallback
                0x080028d0       0x70 ./Core/Src/main.o
                0x080028d0                HAL_TIM_PeriodElapsedCallback
 .text.Error_Handler
                0x08002940        0xc ./Core/Src/main.o
                0x08002940                Error_Handler
 .text.MX_SPI1_Init
                0x0800294c       0x6c ./Core/Src/spi.o
                0x0800294c                MX_SPI1_Init
 .text.HAL_SPI_MspInit
                0x080029b8       0xd0 ./Core/Src/spi.o
                0x080029b8                HAL_SPI_MspInit
 .text.HAL_MspInit
                0x08002a88       0x50 ./Core/Src/stm32f4xx_hal_msp.o
                0x08002a88                HAL_MspInit
 .text.NMI_Handler
                0x08002ad8        0x8 ./Core/Src/stm32f4xx_it.o
                0x08002ad8                NMI_Handler
 .text.HardFault_Handler
                0x08002ae0        0x8 ./Core/Src/stm32f4xx_it.o
                0x08002ae0                HardFault_Handler
 .text.MemManage_Handler
                0x08002ae8        0x8 ./Core/Src/stm32f4xx_it.o
                0x08002ae8                MemManage_Handler
 .text.BusFault_Handler
                0x08002af0        0x8 ./Core/Src/stm32f4xx_it.o
                0x08002af0                BusFault_Handler
 .text.UsageFault_Handler
                0x08002af8        0x8 ./Core/Src/stm32f4xx_it.o
                0x08002af8                UsageFault_Handler
 .text.SVC_Handler
                0x08002b00        0xe ./Core/Src/stm32f4xx_it.o
                0x08002b00                SVC_Handler
 .text.DebugMon_Handler
                0x08002b0e        0xe ./Core/Src/stm32f4xx_it.o
                0x08002b0e                DebugMon_Handler
 .text.PendSV_Handler
                0x08002b1c        0xe ./Core/Src/stm32f4xx_it.o
                0x08002b1c                PendSV_Handler
 .text.SysTick_Handler
                0x08002b2a        0xc ./Core/Src/stm32f4xx_it.o
                0x08002b2a                SysTick_Handler
 .text.EXTI0_IRQHandler
                0x08002b36        0xe ./Core/Src/stm32f4xx_it.o
                0x08002b36                EXTI0_IRQHandler
 .text.EXTI3_IRQHandler
                0x08002b44        0xe ./Core/Src/stm32f4xx_it.o
                0x08002b44                EXTI3_IRQHandler
 .text.EXTI4_IRQHandler
                0x08002b52        0xe ./Core/Src/stm32f4xx_it.o
                0x08002b52                EXTI4_IRQHandler
 .text.DMA1_Stream1_IRQHandler
                0x08002b60       0x14 ./Core/Src/stm32f4xx_it.o
                0x08002b60                DMA1_Stream1_IRQHandler
 .text.EXTI9_5_IRQHandler
                0x08002b74       0x22 ./Core/Src/stm32f4xx_it.o
                0x08002b74                EXTI9_5_IRQHandler
 *fill*         0x08002b96        0x2 
 .text.TIM1_BRK_TIM9_IRQHandler
                0x08002b98       0x14 ./Core/Src/stm32f4xx_it.o
                0x08002b98                TIM1_BRK_TIM9_IRQHandler
 .text.TIM1_UP_TIM10_IRQHandler
                0x08002bac       0x14 ./Core/Src/stm32f4xx_it.o
                0x08002bac                TIM1_UP_TIM10_IRQHandler
 .text.TIM1_TRG_COM_TIM11_IRQHandler
                0x08002bc0       0x14 ./Core/Src/stm32f4xx_it.o
                0x08002bc0                TIM1_TRG_COM_TIM11_IRQHandler
 .text.TIM1_CC_IRQHandler
                0x08002bd4       0x14 ./Core/Src/stm32f4xx_it.o
                0x08002bd4                TIM1_CC_IRQHandler
 .text.TIM3_IRQHandler
                0x08002be8       0x14 ./Core/Src/stm32f4xx_it.o
                0x08002be8                TIM3_IRQHandler
 .text.USART2_IRQHandler
                0x08002bfc       0x14 ./Core/Src/stm32f4xx_it.o
                0x08002bfc                USART2_IRQHandler
 .text.USART3_IRQHandler
                0x08002c10       0x14 ./Core/Src/stm32f4xx_it.o
                0x08002c10                USART3_IRQHandler
 .text.EXTI15_10_IRQHandler
                0x08002c24       0x20 ./Core/Src/stm32f4xx_it.o
                0x08002c24                EXTI15_10_IRQHandler
 .text.OTG_FS_IRQHandler
                0x08002c44       0x14 ./Core/Src/stm32f4xx_it.o
                0x08002c44                OTG_FS_IRQHandler
 .text._getpid  0x08002c58       0x10 ./Core/Src/syscalls.o
                0x08002c58                _getpid
 .text._kill    0x08002c68       0x20 ./Core/Src/syscalls.o
                0x08002c68                _kill
 .text._exit    0x08002c88       0x16 ./Core/Src/syscalls.o
                0x08002c88                _exit
 .text._read    0x08002c9e       0x3a ./Core/Src/syscalls.o
                0x08002c9e                _read
 .text._close   0x08002cd8       0x18 ./Core/Src/syscalls.o
                0x08002cd8                _close
 .text._fstat   0x08002cf0       0x20 ./Core/Src/syscalls.o
                0x08002cf0                _fstat
 .text._isatty  0x08002d10       0x16 ./Core/Src/syscalls.o
                0x08002d10                _isatty
 .text._lseek   0x08002d26       0x1a ./Core/Src/syscalls.o
                0x08002d26                _lseek
 .text._sbrk    0x08002d40       0x6c ./Core/Src/sysmem.o
                0x08002d40                _sbrk
 .text.SystemInit
                0x08002dac       0x24 ./Core/Src/system_stm32f4xx.o
                0x08002dac                SystemInit
 .text.MX_TIM1_Init
                0x08002dd0      0x188 ./Core/Src/tim.o
                0x08002dd0                MX_TIM1_Init
 .text.MX_TIM3_Init
                0x08002f58      0x130 ./Core/Src/tim.o
                0x08002f58                MX_TIM3_Init
 .text.MX_TIM12_Init
                0x08003088       0xa0 ./Core/Src/tim.o
                0x08003088                MX_TIM12_Init
 .text.HAL_TIM_Base_MspInit
                0x08003128       0xbc ./Core/Src/tim.o
                0x08003128                HAL_TIM_Base_MspInit
 .text.HAL_TIM_PWM_MspInit
                0x080031e4       0x44 ./Core/Src/tim.o
                0x080031e4                HAL_TIM_PWM_MspInit
 .text.HAL_TIM_MspPostInit
                0x08003228      0x154 ./Core/Src/tim.o
                0x08003228                HAL_TIM_MspPostInit
 .text.MX_UART4_Init
                0x0800337c       0x54 ./Core/Src/usart.o
                0x0800337c                MX_UART4_Init
 .text.MX_USART2_UART_Init
                0x080033d0       0x54 ./Core/Src/usart.o
                0x080033d0                MX_USART2_UART_Init
 .text.MX_USART3_UART_Init
                0x08003424       0x54 ./Core/Src/usart.o
                0x08003424                MX_USART3_UART_Init
 .text.MX_USART6_UART_Init
                0x08003478       0x54 ./Core/Src/usart.o
                0x08003478                MX_USART6_UART_Init
 .text.HAL_UART_MspInit
                0x080034cc      0x254 ./Core/Src/usart.o
                0x080034cc                HAL_UART_MspInit
 .text.SelectPage
                0x08003720       0x44 ./Core/Src/library/BNO055.o
                0x08003720                SelectPage
 .text.ResetBNO055
                0x08003764       0x8c ./Core/Src/library/BNO055.o
                0x08003764                ResetBNO055
 .text.ReadData
                0x080037f0      0x668 ./Core/Src/library/BNO055.o
                0x080037f0                ReadData
 .text.Set_Operation_Mode
                0x08003e58       0x6c ./Core/Src/library/BNO055.o
                0x08003e58                Set_Operation_Mode
 .text.SetPowerMODE
                0x08003ec4       0x50 ./Core/Src/library/BNO055.o
                0x08003ec4                SetPowerMODE
 .text.BNO055_Axis
                0x08003f14       0x58 ./Core/Src/library/BNO055.o
                0x08003f14                BNO055_Axis
 .text.BNO055_Init
                0x08003f6c       0x98 ./Core/Src/library/BNO055.o
                0x08003f6c                BNO055_Init
 .text.getCalibration
                0x08004004       0x98 ./Core/Src/library/BNO055.o
                0x08004004                getCalibration
 .text.getSensorOffsets
                0x0800409c       0x60 ./Core/Src/library/BNO055.o
                0x0800409c                getSensorOffsets
 .text.setSensorOffsets
                0x080040fc       0x60 ./Core/Src/library/BNO055.o
                0x080040fc                setSensorOffsets
 .text.isFullyCalibrated
                0x0800415c       0xf0 ./Core/Src/library/BNO055.o
                0x0800415c                isFullyCalibrated
 .text.getCurrentMode
                0x0800424c       0x2c ./Core/Src/library/BNO055.o
                0x0800424c                getCurrentMode
 .text.Calibrate_BNO055
                0x08004278      0x180 ./Core/Src/library/BNO055.o
                0x08004278                Calibrate_BNO055
 .text.bytestowrite
                0x080043f8       0x32 ./Core/Src/library/EEPROM.o
                0x080043f8                bytestowrite
 *fill*         0x0800442a        0x2 
 .text.EEPROM_Write
                0x0800442c       0xcc ./Core/Src/library/EEPROM.o
                0x0800442c                EEPROM_Write
 .text.EEPROM_Read
                0x080044f8       0xc4 ./Core/Src/library/EEPROM.o
                0x080044f8                EEPROM_Read
 .text.Read16   0x080045bc       0x46 ./Core/Src/library/INA219.o
                0x080045bc                Read16
 .text.Write16  0x08004602       0x4a ./Core/Src/library/INA219.o
                0x08004602                Write16
 .text.INA219_ReadBusVoltage
                0x0800464c       0x26 ./Core/Src/library/INA219.o
                0x0800464c                INA219_ReadBusVoltage
 .text.INA219_ReadCurrent_raw
                0x08004672       0x20 ./Core/Src/library/INA219.o
                0x08004672                INA219_ReadCurrent_raw
 *fill*         0x08004692        0x2 
 .text.INA219_ReadCurrent
                0x08004694       0x30 ./Core/Src/library/INA219.o
                0x08004694                INA219_ReadCurrent
 .text.INA219_HealthCheck
                0x080046c4       0x90 ./Core/Src/library/INA219.o
                0x080046c4                INA219_HealthCheck
 .text.INA219_Reset
                0x08004754       0x22 ./Core/Src/library/INA219.o
                0x08004754                INA219_Reset
 .text.INA219_setCalibration
                0x08004776       0x20 ./Core/Src/library/INA219.o
                0x08004776                INA219_setCalibration
 .text.INA219_setConfig
                0x08004796       0x20 ./Core/Src/library/INA219.o
                0x08004796                INA219_setConfig
 *fill*         0x080047b6        0x2 
 .text.INA219_setCalibration_32V_2A
                0x080047b8       0x4c ./Core/Src/library/INA219.o
                0x080047b8                INA219_setCalibration_32V_2A
 .text.INA219_Init
                0x08004804       0x8c ./Core/Src/library/INA219.o
                0x08004804                INA219_Init
 .text.nmea_checksum_ok
                0x08004890       0xf8 ./Core/Src/library/gps.o
 .text.rstrip_crlf
                0x08004988       0x4c ./Core/Src/library/gps.o
 .text.append_bytes
                0x080049d4       0x52 ./Core/Src/library/gps.o
 .text.append_str
                0x08004a26       0x34 ./Core/Src/library/gps.o
 *fill*         0x08004a5a        0x2 
 .text.append_int32
                0x08004a5c       0x8c ./Core/Src/library/gps.o
 .text.append_ftoa_fixed
                0x08004ae8      0x204 ./Core/Src/library/gps.o
 .text.parse_lat_ddmm
                0x08004cec       0xe0 ./Core/Src/library/gps.o
 .text.parse_lon_dddmm
                0x08004dcc       0xe0 ./Core/Src/library/gps.o
 .text.split_fields
                0x08004eac       0x88 ./Core/Src/library/gps.o
 .text.summary_init
                0x08004f34       0x42 ./Core/Src/library/gps.o
 *fill*         0x08004f76        0x2 
 .text.parse_sentence
                0x08004f78      0x4cc ./Core/Src/library/gps.o
 .text.format_summary
                0x08005444      0x49c ./Core/Src/library/gps.o
 .text.get_gps_data
                0x080058e0      0x1f8 ./Core/Src/library/gps.o
                0x080058e0                get_gps_data
 .text.HAL_UARTEx_RxEventCallback
                0x08005ad8       0x90 ./Core/Src/library/gps.o
                0x08005ad8                HAL_UARTEx_RxEventCallback
 .text.Motor_Init
                0x08005b68       0x60 ./Core/Src/library/motorDriver.o
                0x08005b68                Motor_Init
 .text.Motor_Move
                0x08005bc8      0x1f4 ./Core/Src/library/motorDriver.o
                0x08005bc8                Motor_Move
 .text.Sensirion_CalcCRC
                0x08005dbc       0x72 ./Core/Src/library/sps30.o
 .text.BytesToFloat
                0x08005e2e       0x5a ./Core/Src/library/sps30.o
 .text.SPS30_Init
                0x08005e88       0x3a ./Core/Src/library/sps30.o
                0x08005e88                SPS30_Init
 .text.SPS30_StartMeasurement
                0x08005ec2       0x46 ./Core/Src/library/sps30.o
                0x08005ec2                SPS30_StartMeasurement
 .text.SPS30_ReadDataReady
                0x08005f08       0x5a ./Core/Src/library/sps30.o
                0x08005f08                SPS30_ReadDataReady
 .text.SPS30_ReadMeasurement
                0x08005f62      0x118 ./Core/Src/library/sps30.o
                0x08005f62                SPS30_ReadMeasurement
 .text.SPS30_WakeUp
                0x0800607a       0x42 ./Core/Src/library/sps30.o
                0x0800607a                SPS30_WakeUp
 .text.bme68x_init
                0x080060bc       0x68 ./Core/Src/library/bme68x/bme68x.o
                0x080060bc                bme68x_init
 .text.bme68x_set_regs
                0x08006124      0x11e ./Core/Src/library/bme68x/bme68x.o
                0x08006124                bme68x_set_regs
 .text.bme68x_get_regs
                0x08006242       0x88 ./Core/Src/library/bme68x/bme68x.o
                0x08006242                bme68x_get_regs
 .text.bme68x_soft_reset
                0x080062ca       0x86 ./Core/Src/library/bme68x/bme68x.o
                0x080062ca                bme68x_soft_reset
 .text.bme68x_set_conf
                0x08006350      0x214 ./Core/Src/library/bme68x/bme68x.o
                0x08006350                bme68x_set_conf
 .text.bme68x_set_op_mode
                0x08006564       0xc2 ./Core/Src/library/bme68x/bme68x.o
                0x08006564                bme68x_set_op_mode
 .text.bme68x_get_op_mode
                0x08006626       0x40 ./Core/Src/library/bme68x/bme68x.o
                0x08006626                bme68x_get_op_mode
 *fill*         0x08006666        0x2 
 .text.bme68x_get_meas_dur
                0x08006668       0xe8 ./Core/Src/library/bme68x/bme68x.o
                0x08006668                bme68x_get_meas_dur
 .text.bme68x_get_data
                0x08006750      0x1fc ./Core/Src/library/bme68x/bme68x.o
                0x08006750                bme68x_get_data
 .text.bme68x_set_heatr_conf
                0x0800694c      0x114 ./Core/Src/library/bme68x/bme68x.o
                0x0800694c                bme68x_set_heatr_conf
 .text.calc_temperature
                0x08006a60      0x10c ./Core/Src/library/bme68x/bme68x.o
 .text.calc_pressure
                0x08006b6c      0x284 ./Core/Src/library/bme68x/bme68x.o
 .text.calc_humidity
                0x08006df0      0x198 ./Core/Src/library/bme68x/bme68x.o
 .text.calc_gas_resistance_low
                0x08006f88      0x144 ./Core/Src/library/bme68x/bme68x.o
 .text.calc_gas_resistance_high
                0x080070cc       0x74 ./Core/Src/library/bme68x/bme68x.o
 .text.calc_res_heat
                0x08007140      0x160 ./Core/Src/library/bme68x/bme68x.o
 .text.calc_gas_wait
                0x080072a0       0x4a ./Core/Src/library/bme68x/bme68x.o
 .text.read_field_data
                0x080072ea      0x286 ./Core/Src/library/bme68x/bme68x.o
 .text.read_all_field_data
                0x08007570      0x44a ./Core/Src/library/bme68x/bme68x.o
 .text.set_mem_page
                0x080079ba       0xca ./Core/Src/library/bme68x/bme68x.o
 .text.get_mem_page
                0x08007a84       0x5e ./Core/Src/library/bme68x/bme68x.o
 .text.boundary_check
                0x08007ae2       0x5a ./Core/Src/library/bme68x/bme68x.o
 .text.null_ptr_check
                0x08007b3c       0x3e ./Core/Src/library/bme68x/bme68x.o
 .text.set_conf
                0x08007b7a      0x2a6 ./Core/Src/library/bme68x/bme68x.o
 .text.calc_heatr_dur_shared
                0x08007e20       0x6c ./Core/Src/library/bme68x/bme68x.o
 .text.sort_sensor_data
                0x08007e8c       0xac ./Core/Src/library/bme68x/bme68x.o
 .text.swap_fields
                0x08007f38       0x48 ./Core/Src/library/bme68x/bme68x.o
 .text.get_calib_data
                0x08007f80      0x21e ./Core/Src/library/bme68x/bme68x.o
 .text.read_variant_id
                0x0800819e       0x3a ./Core/Src/library/bme68x/bme68x.o
 .text.bme68x_start
                0x080081d8       0x98 ./Core/Src/library/bme68x/bme68x_necessary_functions.o
                0x080081d8                bme68x_start
 .text.bme68x_trigger_measure
                0x08008270       0x18 ./Core/Src/library/bme68x/bme68x_necessary_functions.o
                0x08008270                bme68x_trigger_measure
 .text.bme68x_get_delay_ms
                0x08008288       0x4c ./Core/Src/library/bme68x/bme68x_necessary_functions.o
                0x08008288                bme68x_get_delay_ms
 .text.bme68x_read_measure
                0x080082d4       0x38 ./Core/Src/library/bme68x/bme68x_necessary_functions.o
                0x080082d4                bme68x_read_measure
 .text.bme68x_i2c_write
                0x0800830c       0x54 ./Core/Src/library/bme68x/bme68x_necessary_functions.o
                0x0800830c                bme68x_i2c_write
 .text.bme68x_i2c_read
                0x08008360       0x54 ./Core/Src/library/bme68x/bme68x_necessary_functions.o
                0x08008360                bme68x_i2c_read
 .text.bme68x_delay_us
                0x080083b4       0x54 ./Core/Src/library/bme68x/bme68x_necessary_functions.o
                0x080083b4                bme68x_delay_us
 .text.bme68x_interface_init
                0x08008408       0x70 ./Core/Src/library/bme68x/bme68x_necessary_functions.o
                0x08008408                bme68x_interface_init
 .text.bme68x_GetGasReference
                0x08008478       0x88 ./Core/Src/library/bme68x/bme68x_necessary_functions.o
                0x08008478                bme68x_GetGasReference
 .text.bme68x_GetHumidityScore
                0x08008500      0x178 ./Core/Src/library/bme68x/bme68x_necessary_functions.o
                0x08008500                bme68x_GetHumidityScore
 .text.bme68x_GetGasScore
                0x08008678      0x134 ./Core/Src/library/bme68x/bme68x_necessary_functions.o
                0x08008678                bme68x_GetGasScore
 .text.bme68x_iaq
                0x080087ac       0x8c ./Core/Src/library/bme68x/bme68x_necessary_functions.o
                0x080087ac                bme68x_iaq
 .text.Reset_Handler
                0x08008838       0x50 ./Core/Startup/startup_stm32f407vetx.o
                0x08008838                Reset_Handler
 .text.Default_Handler
                0x08008888        0x2 ./Core/Startup/startup_stm32f407vetx.o
                0x08008888                DMA1_Stream3_IRQHandler
                0x08008888                HASH_RNG_IRQHandler
                0x08008888                EXTI2_IRQHandler
                0x08008888                TIM8_CC_IRQHandler
                0x08008888                DMA2_Stream5_IRQHandler
                0x08008888                DMA1_Stream5_IRQHandler
                0x08008888                PVD_IRQHandler
                0x08008888                SDIO_IRQHandler
                0x08008888                TAMP_STAMP_IRQHandler
                0x08008888                CAN2_RX1_IRQHandler
                0x08008888                TIM8_TRG_COM_TIM14_IRQHandler
                0x08008888                TIM8_UP_TIM13_IRQHandler
                0x08008888                I2C3_ER_IRQHandler
                0x08008888                I2C2_EV_IRQHandler
                0x08008888                DMA1_Stream2_IRQHandler
                0x08008888                CAN1_RX0_IRQHandler
                0x08008888                FPU_IRQHandler
                0x08008888                OTG_HS_WKUP_IRQHandler
                0x08008888                CAN2_SCE_IRQHandler
                0x08008888                DMA2_Stream2_IRQHandler
                0x08008888                SPI1_IRQHandler
                0x08008888                TIM6_DAC_IRQHandler
                0x08008888                DCMI_IRQHandler
                0x08008888                CAN2_RX0_IRQHandler
                0x08008888                DMA2_Stream3_IRQHandler
                0x08008888                USART6_IRQHandler
                0x08008888                CAN1_RX1_IRQHandler
                0x08008888                UART5_IRQHandler
                0x08008888                DMA2_Stream0_IRQHandler
                0x08008888                TIM4_IRQHandler
                0x08008888                I2C1_EV_IRQHandler
                0x08008888                DMA1_Stream6_IRQHandler
                0x08008888                UART4_IRQHandler
                0x08008888                RCC_IRQHandler
                0x08008888                TIM8_BRK_TIM12_IRQHandler
                0x08008888                Default_Handler
                0x08008888                ADC_IRQHandler
                0x08008888                DMA1_Stream7_IRQHandler
                0x08008888                TIM7_IRQHandler
                0x08008888                CAN2_TX_IRQHandler
                0x08008888                TIM5_IRQHandler
                0x08008888                DMA2_Stream7_IRQHandler
                0x08008888                I2C3_EV_IRQHandler
                0x08008888                RTC_WKUP_IRQHandler
                0x08008888                ETH_WKUP_IRQHandler
                0x08008888                SPI2_IRQHandler
                0x08008888                OTG_HS_EP1_IN_IRQHandler
                0x08008888                DMA1_Stream0_IRQHandler
                0x08008888                CAN1_TX_IRQHandler
                0x08008888                FSMC_IRQHandler
                0x08008888                ETH_IRQHandler
                0x08008888                OTG_HS_EP1_OUT_IRQHandler
                0x08008888                WWDG_IRQHandler
                0x08008888                TIM2_IRQHandler
                0x08008888                OTG_FS_WKUP_IRQHandler
                0x08008888                OTG_HS_IRQHandler
                0x08008888                EXTI1_IRQHandler
                0x08008888                I2C2_ER_IRQHandler
                0x08008888                DMA2_Stream1_IRQHandler
                0x08008888                CAN1_SCE_IRQHandler
                0x08008888                FLASH_IRQHandler
                0x08008888                DMA2_Stream4_IRQHandler
                0x08008888                USART1_IRQHandler
                0x08008888                SPI3_IRQHandler
                0x08008888                DMA1_Stream4_IRQHandler
                0x08008888                I2C1_ER_IRQHandler
                0x08008888                DMA2_Stream6_IRQHandler
                0x08008888                RTC_Alarm_IRQHandler
 *fill*         0x0800888a        0x2 
 .text.HAL_Init
                0x0800888c       0x44 ./Drivers/STM32F4xx_HAL_Driver/Src/stm32f4xx_hal.o
                0x0800888c                HAL_Init
 .text.HAL_InitTick
                0x080088d0       0x60 ./Drivers/STM32F4xx_HAL_Driver/Src/stm32f4xx_hal.o
                0x080088d0                HAL_InitTick
 .text.HAL_IncTick
                0x08008930       0x28 ./Drivers/STM32F4xx_HAL_Driver/Src/stm32f4xx_hal.o
                0x08008930                HAL_IncTick
 .text.HAL_GetTick
                0x08008958       0x18 ./Drivers/STM32F4xx_HAL_Driver/Src/stm32f4xx_hal.o
                0x08008958                HAL_GetTick
 .text.HAL_Delay
                0x08008970       0x48 ./Drivers/STM32F4xx_HAL_Driver/Src/stm32f4xx_hal.o
                0x08008970                HAL_Delay
 .text.HAL_ADC_Init
                0x080089b8       0x86 ./Drivers/STM32F4xx_HAL_Driver/Src/stm32f4xx_hal_adc.o
                0x080089b8                HAL_ADC_Init
 *fill*         0x08008a3e        0x2 
 .text.HAL_ADC_ConfigChannel
                0x08008a40      0x244 ./Drivers/STM32F4xx_HAL_Driver/Src/stm32f4xx_hal_adc.o
                0x08008a40                HAL_ADC_ConfigChannel
 .text.ADC_Init
                0x08008c84      0x1f8 ./Drivers/STM32F4xx_HAL_Driver/Src/stm32f4xx_hal_adc.o
 .text.__NVIC_SetPriorityGrouping
                0x08008e7c       0x48 ./Drivers/STM32F4xx_HAL_Driver/Src/stm32f4xx_hal_cortex.o
 .text.__NVIC_GetPriorityGrouping
                0x08008ec4       0x1c ./Drivers/STM32F4xx_HAL_Driver/Src/stm32f4xx_hal_cortex.o
 .text.__NVIC_EnableIRQ
                0x08008ee0       0x3c ./Drivers/STM32F4xx_HAL_Driver/Src/stm32f4xx_hal_cortex.o
 .text.__NVIC_SetPriority
                0x08008f1c       0x54 ./Drivers/STM32F4xx_HAL_Driver/Src/stm32f4xx_hal_cortex.o
 .text.NVIC_EncodePriority
                0x08008f70       0x66 ./Drivers/STM32F4xx_HAL_Driver/Src/stm32f4xx_hal_cortex.o
 *fill*         0x08008fd6        0x2 
 .text.SysTick_Config
                0x08008fd8       0x44 ./Drivers/STM32F4xx_HAL_Driver/Src/stm32f4xx_hal_cortex.o
 .text.HAL_NVIC_SetPriorityGrouping
                0x0800901c       0x16 ./Drivers/STM32F4xx_HAL_Driver/Src/stm32f4xx_hal_cortex.o
                0x0800901c                HAL_NVIC_SetPriorityGrouping
 .text.HAL_NVIC_SetPriority
                0x08009032       0x38 ./Drivers/STM32F4xx_HAL_Driver/Src/stm32f4xx_hal_cortex.o
                0x08009032                HAL_NVIC_SetPriority
 .text.HAL_NVIC_EnableIRQ
                0x0800906a       0x1c ./Drivers/STM32F4xx_HAL_Driver/Src/stm32f4xx_hal_cortex.o
                0x0800906a                HAL_NVIC_EnableIRQ
 .text.HAL_SYSTICK_Config
                0x08009086       0x18 ./Drivers/STM32F4xx_HAL_Driver/Src/stm32f4xx_hal_cortex.o
                0x08009086                HAL_SYSTICK_Config
 *fill*         0x0800909e        0x2 
 .text.HAL_DMA_Init
                0x080090a0      0x15c ./Drivers/STM32F4xx_HAL_Driver/Src/stm32f4xx_hal_dma.o
                0x080090a0                HAL_DMA_Init
 .text.HAL_DMA_Start_IT
                0x080091fc       0xb0 ./Drivers/STM32F4xx_HAL_Driver/Src/stm32f4xx_hal_dma.o
                0x080091fc                HAL_DMA_Start_IT
 .text.HAL_DMA_Abort
                0x080092ac       0xe0 ./Drivers/STM32F4xx_HAL_Driver/Src/stm32f4xx_hal_dma.o
                0x080092ac                HAL_DMA_Abort
 .text.HAL_DMA_Abort_IT
                0x0800938c       0x44 ./Drivers/STM32F4xx_HAL_Driver/Src/stm32f4xx_hal_dma.o
                0x0800938c                HAL_DMA_Abort_IT
 .text.HAL_DMA_IRQHandler
                0x080093d0      0x314 ./Drivers/STM32F4xx_HAL_Driver/Src/stm32f4xx_hal_dma.o
                0x080093d0                HAL_DMA_IRQHandler
 .text.DMA_SetConfig
                0x080096e4       0x5c ./Drivers/STM32F4xx_HAL_Driver/Src/stm32f4xx_hal_dma.o
 .text.DMA_CalcBaseAndBitshift
                0x08009740       0x6c ./Drivers/STM32F4xx_HAL_Driver/Src/stm32f4xx_hal_dma.o
 .text.DMA_CheckFifoParam
                0x080097ac       0xf8 ./Drivers/STM32F4xx_HAL_Driver/Src/stm32f4xx_hal_dma.o
 .text.HAL_GPIO_Init
                0x080098a4      0x338 ./Drivers/STM32F4xx_HAL_Driver/Src/stm32f4xx_hal_gpio.o
                0x080098a4                HAL_GPIO_Init
 .text.HAL_GPIO_DeInit
                0x08009bdc      0x1f8 ./Drivers/STM32F4xx_HAL_Driver/Src/stm32f4xx_hal_gpio.o
                0x08009bdc                HAL_GPIO_DeInit
 .text.HAL_GPIO_WritePin
                0x08009dd4       0x32 ./Drivers/STM32F4xx_HAL_Driver/Src/stm32f4xx_hal_gpio.o
                0x08009dd4                HAL_GPIO_WritePin
 *fill*         0x08009e06        0x2 
 .text.HAL_GPIO_EXTI_IRQHandler
                0x08009e08       0x30 ./Drivers/STM32F4xx_HAL_Driver/Src/stm32f4xx_hal_gpio.o
                0x08009e08                HAL_GPIO_EXTI_IRQHandler
 .text.HAL_I2C_Init
                0x08009e38      0x288 ./Drivers/STM32F4xx_HAL_Driver/Src/stm32f4xx_hal_i2c.o
                0x08009e38                HAL_I2C_Init
 .text.HAL_I2C_DeInit
                0x0800a0c0       0x5e ./Drivers/STM32F4xx_HAL_Driver/Src/stm32f4xx_hal_i2c.o
                0x0800a0c0                HAL_I2C_DeInit
 *fill*         0x0800a11e        0x2 
 .text.HAL_I2C_Master_Transmit
                0x0800a120      0x1fc ./Drivers/STM32F4xx_HAL_Driver/Src/stm32f4xx_hal_i2c.o
                0x0800a120                HAL_I2C_Master_Transmit
 .text.HAL_I2C_Master_Receive
                0x0800a31c      0x464 ./Drivers/STM32F4xx_HAL_Driver/Src/stm32f4xx_hal_i2c.o
                0x0800a31c                HAL_I2C_Master_Receive
 .text.HAL_I2C_Mem_Write
                0x0800a780      0x1f4 ./Drivers/STM32F4xx_HAL_Driver/Src/stm32f4xx_hal_i2c.o
                0x0800a780                HAL_I2C_Mem_Write
 .text.HAL_I2C_Mem_Read
                0x0800a974      0x464 ./Drivers/STM32F4xx_HAL_Driver/Src/stm32f4xx_hal_i2c.o
                0x0800a974                HAL_I2C_Mem_Read
 .text.HAL_I2C_IsDeviceReady
                0x0800add8      0x25c ./Drivers/STM32F4xx_HAL_Driver/Src/stm32f4xx_hal_i2c.o
                0x0800add8                HAL_I2C_IsDeviceReady
 .text.I2C_MasterRequestWrite
                0x0800b034      0x104 ./Drivers/STM32F4xx_HAL_Driver/Src/stm32f4xx_hal_i2c.o
 .text.I2C_MasterRequestRead
                0x0800b138      0x19c ./Drivers/STM32F4xx_HAL_Driver/Src/stm32f4xx_hal_i2c.o
 .text.I2C_RequestMemoryWrite
                0x0800b2d4      0x12c ./Drivers/STM32F4xx_HAL_Driver/Src/stm32f4xx_hal_i2c.o
 .text.I2C_RequestMemoryRead
                0x0800b400      0x1d0 ./Drivers/STM32F4xx_HAL_Driver/Src/stm32f4xx_hal_i2c.o
 .text.I2C_WaitOnFlagUntilTimeout
                0x0800b5d0       0xf4 ./Drivers/STM32F4xx_HAL_Driver/Src/stm32f4xx_hal_i2c.o
 .text.I2C_WaitOnMasterAddressFlagUntilTimeout
                0x0800b6c4      0x140 ./Drivers/STM32F4xx_HAL_Driver/Src/stm32f4xx_hal_i2c.o
 .text.I2C_WaitOnTXEFlagUntilTimeout
                0x0800b804       0x90 ./Drivers/STM32F4xx_HAL_Driver/Src/stm32f4xx_hal_i2c.o
 .text.I2C_WaitOnBTFFlagUntilTimeout
                0x0800b894       0x90 ./Drivers/STM32F4xx_HAL_Driver/Src/stm32f4xx_hal_i2c.o
 .text.I2C_WaitOnRXNEFlagUntilTimeout
                0x0800b924       0xba ./Drivers/STM32F4xx_HAL_Driver/Src/stm32f4xx_hal_i2c.o
 .text.I2C_IsAcknowledgeFailed
                0x0800b9de       0x5e ./Drivers/STM32F4xx_HAL_Driver/Src/stm32f4xx_hal_i2c.o
 .text.HAL_PCD_Init
                0x0800ba3c      0x21e ./Drivers/STM32F4xx_HAL_Driver/Src/stm32f4xx_hal_pcd.o
                0x0800ba3c                HAL_PCD_Init
 .text.HAL_PCD_Start
                0x0800bc5a       0x6a ./Drivers/STM32F4xx_HAL_Driver/Src/stm32f4xx_hal_pcd.o
                0x0800bc5a                HAL_PCD_Start
 .text.HAL_PCD_IRQHandler
                0x0800bcc4      0x942 ./Drivers/STM32F4xx_HAL_Driver/Src/stm32f4xx_hal_pcd.o
                0x0800bcc4                HAL_PCD_IRQHandler
 .text.HAL_PCD_SetAddress
                0x0800c606       0x48 ./Drivers/STM32F4xx_HAL_Driver/Src/stm32f4xx_hal_pcd.o
                0x0800c606                HAL_PCD_SetAddress
 .text.HAL_PCD_EP_Open
                0x0800c64e       0xd4 ./Drivers/STM32F4xx_HAL_Driver/Src/stm32f4xx_hal_pcd.o
                0x0800c64e                HAL_PCD_EP_Open
 .text.HAL_PCD_EP_Close
                0x0800c722       0x94 ./Drivers/STM32F4xx_HAL_Driver/Src/stm32f4xx_hal_pcd.o
                0x0800c722                HAL_PCD_EP_Close
 .text.HAL_PCD_EP_Receive
                0x0800c7b6       0x76 ./Drivers/STM32F4xx_HAL_Driver/Src/stm32f4xx_hal_pcd.o
                0x0800c7b6                HAL_PCD_EP_Receive
 .text.HAL_PCD_EP_GetRxCount
                0x0800c82c       0x30 ./Drivers/STM32F4xx_HAL_Driver/Src/stm32f4xx_hal_pcd.o
                0x0800c82c                HAL_PCD_EP_GetRxCount
 .text.HAL_PCD_EP_Transmit
                0x0800c85c       0x74 ./Drivers/STM32F4xx_HAL_Driver/Src/stm32f4xx_hal_pcd.o
                0x0800c85c                HAL_PCD_EP_Transmit
 .text.HAL_PCD_EP_SetStall
                0x0800c8d0       0xc6 ./Drivers/STM32F4xx_HAL_Driver/Src/stm32f4xx_hal_pcd.o
                0x0800c8d0                HAL_PCD_EP_SetStall
 .text.HAL_PCD_EP_ClrStall
                0x0800c996       0xac ./Drivers/STM32F4xx_HAL_Driver/Src/stm32f4xx_hal_pcd.o
                0x0800c996                HAL_PCD_EP_ClrStall
 .text.HAL_PCD_EP_Abort
                0x0800ca42       0x62 ./Drivers/STM32F4xx_HAL_Driver/Src/stm32f4xx_hal_pcd.o
                0x0800ca42                HAL_PCD_EP_Abort
 .text.PCD_WriteEmptyTxFifo
                0x0800caa4      0x118 ./Drivers/STM32F4xx_HAL_Driver/Src/stm32f4xx_hal_pcd.o
 .text.PCD_EP_OutXfrComplete_int
                0x0800cbbc      0x1d0 ./Drivers/STM32F4xx_HAL_Driver/Src/stm32f4xx_hal_pcd.o
 .text.PCD_EP_OutSetupPacket_int
                0x0800cd8c       0x8c ./Drivers/STM32F4xx_HAL_Driver/Src/stm32f4xx_hal_pcd.o
 .text.HAL_PCDEx_SetTxFiFo
                0x0800ce18       0x8e ./Drivers/STM32F4xx_HAL_Driver/Src/stm32f4xx_hal_pcd_ex.o
                0x0800ce18                HAL_PCDEx_SetTxFiFo
 .text.HAL_PCDEx_SetRxFiFo
                0x0800cea6       0x22 ./Drivers/STM32F4xx_HAL_Driver/Src/stm32f4xx_hal_pcd_ex.o
                0x0800cea6                HAL_PCDEx_SetRxFiFo
 .text.HAL_PCDEx_LPM_Callback
                0x0800cec8       0x18 ./Drivers/STM32F4xx_HAL_Driver/Src/stm32f4xx_hal_pcd_ex.o
                0x0800cec8                HAL_PCDEx_LPM_Callback
 .text.HAL_RCC_OscConfig
                0x0800cee0      0x4f0 ./Drivers/STM32F4xx_HAL_Driver/Src/stm32f4xx_hal_rcc.o
                0x0800cee0                HAL_RCC_OscConfig
 .text.HAL_RCC_ClockConfig
                0x0800d3d0      0x1cc ./Drivers/STM32F4xx_HAL_Driver/Src/stm32f4xx_hal_rcc.o
                0x0800d3d0                HAL_RCC_ClockConfig
 .text.HAL_RCC_GetSysClockFreq
                0x0800d59c      0x18c ./Drivers/STM32F4xx_HAL_Driver/Src/stm32f4xx_hal_rcc.o
                0x0800d59c                HAL_RCC_GetSysClockFreq
 .text.HAL_RCC_GetHCLKFreq
                0x0800d728       0x18 ./Drivers/STM32F4xx_HAL_Driver/Src/stm32f4xx_hal_rcc.o
                0x0800d728                HAL_RCC_GetHCLKFreq
 .text.HAL_RCC_GetPCLK1Freq
                0x0800d740       0x28 ./Drivers/STM32F4xx_HAL_Driver/Src/stm32f4xx_hal_rcc.o
                0x0800d740                HAL_RCC_GetPCLK1Freq
 .text.HAL_RCC_GetPCLK2Freq
                0x0800d768       0x28 ./Drivers/STM32F4xx_HAL_Driver/Src/stm32f4xx_hal_rcc.o
                0x0800d768                HAL_RCC_GetPCLK2Freq
 .text.HAL_SPI_Init
                0x0800d790      0x112 ./Drivers/STM32F4xx_HAL_Driver/Src/stm32f4xx_hal_spi.o
                0x0800d790                HAL_SPI_Init
 .text.HAL_TIM_Base_Init
                0x0800d8a2       0x9e ./Drivers/STM32F4xx_HAL_Driver/Src/stm32f4xx_hal_tim.o
                0x0800d8a2                HAL_TIM_Base_Init
 .text.HAL_TIM_Base_Start_IT
                0x0800d940       0xe0 ./Drivers/STM32F4xx_HAL_Driver/Src/stm32f4xx_hal_tim.o
                0x0800d940                HAL_TIM_Base_Start_IT
 .text.HAL_TIM_PWM_Init
                0x0800da20       0x9e ./Drivers/STM32F4xx_HAL_Driver/Src/stm32f4xx_hal_tim.o
                0x0800da20                HAL_TIM_PWM_Init
 *fill*         0x0800dabe        0x2 
 .text.HAL_TIM_PWM_Start
                0x0800dac0      0x190 ./Drivers/STM32F4xx_HAL_Driver/Src/stm32f4xx_hal_tim.o
                0x0800dac0                HAL_TIM_PWM_Start
 .text.HAL_TIM_IRQHandler
                0x0800dc50      0x1e0 ./Drivers/STM32F4xx_HAL_Driver/Src/stm32f4xx_hal_tim.o
                0x0800dc50                HAL_TIM_IRQHandler
 .text.HAL_TIM_PWM_ConfigChannel
                0x0800de30      0x184 ./Drivers/STM32F4xx_HAL_Driver/Src/stm32f4xx_hal_tim.o
                0x0800de30                HAL_TIM_PWM_ConfigChannel
 .text.HAL_TIM_ConfigClockSource
                0x0800dfb4      0x18e ./Drivers/STM32F4xx_HAL_Driver/Src/stm32f4xx_hal_tim.o
                0x0800dfb4                HAL_TIM_ConfigClockSource
 .text.HAL_TIM_OC_DelayElapsedCallback
                0x0800e142       0x14 ./Drivers/STM32F4xx_HAL_Driver/Src/stm32f4xx_hal_tim.o
                0x0800e142                HAL_TIM_OC_DelayElapsedCallback
 .text.HAL_TIM_IC_CaptureCallback
                0x0800e156       0x14 ./Drivers/STM32F4xx_HAL_Driver/Src/stm32f4xx_hal_tim.o
                0x0800e156                HAL_TIM_IC_CaptureCallback
 .text.HAL_TIM_PWM_PulseFinishedCallback
                0x0800e16a       0x14 ./Drivers/STM32F4xx_HAL_Driver/Src/stm32f4xx_hal_tim.o
                0x0800e16a                HAL_TIM_PWM_PulseFinishedCallback
 .text.HAL_TIM_TriggerCallback
                0x0800e17e       0x14 ./Drivers/STM32F4xx_HAL_Driver/Src/stm32f4xx_hal_tim.o
                0x0800e17e                HAL_TIM_TriggerCallback
 *fill*         0x0800e192        0x2 
 .text.TIM_Base_SetConfig
                0x0800e194      0x14c ./Drivers/STM32F4xx_HAL_Driver/Src/stm32f4xx_hal_tim.o
                0x0800e194                TIM_Base_SetConfig
 .text.TIM_OC1_SetConfig
                0x0800e2e0       0xe0 ./Drivers/STM32F4xx_HAL_Driver/Src/stm32f4xx_hal_tim.o
 .text.TIM_OC2_SetConfig
                0x0800e3c0       0xec ./Drivers/STM32F4xx_HAL_Driver/Src/stm32f4xx_hal_tim.o
                0x0800e3c0                TIM_OC2_SetConfig
 .text.TIM_OC3_SetConfig
                0x0800e4ac       0xe8 ./Drivers/STM32F4xx_HAL_Driver/Src/stm32f4xx_hal_tim.o
 .text.TIM_OC4_SetConfig
                0x0800e594       0xac ./Drivers/STM32F4xx_HAL_Driver/Src/stm32f4xx_hal_tim.o
 .text.TIM_TI1_ConfigInputStage
                0x0800e640       0x5e ./Drivers/STM32F4xx_HAL_Driver/Src/stm32f4xx_hal_tim.o
 .text.TIM_TI2_ConfigInputStage
                0x0800e69e       0x60 ./Drivers/STM32F4xx_HAL_Driver/Src/stm32f4xx_hal_tim.o
 .text.TIM_ITRx_SetConfig
                0x0800e6fe       0x36 ./Drivers/STM32F4xx_HAL_Driver/Src/stm32f4xx_hal_tim.o
 .text.TIM_ETR_SetConfig
                0x0800e734       0x40 ./Drivers/STM32F4xx_HAL_Driver/Src/stm32f4xx_hal_tim.o
                0x0800e734                TIM_ETR_SetConfig
 .text.TIM_CCxChannelCmd
                0x0800e774       0x4a ./Drivers/STM32F4xx_HAL_Driver/Src/stm32f4xx_hal_tim.o
                0x0800e774                TIM_CCxChannelCmd
 *fill*         0x0800e7be        0x2 
 .text.HAL_TIMEx_MasterConfigSynchronization
                0x0800e7c0       0xf8 ./Drivers/STM32F4xx_HAL_Driver/Src/stm32f4xx_hal_tim_ex.o
                0x0800e7c0                HAL_TIMEx_MasterConfigSynchronization
 .text.HAL_TIMEx_ConfigBreakDeadTime
                0x0800e8b8       0xa4 ./Drivers/STM32F4xx_HAL_Driver/Src/stm32f4xx_hal_tim_ex.o
                0x0800e8b8                HAL_TIMEx_ConfigBreakDeadTime
 .text.HAL_TIMEx_CommutCallback
                0x0800e95c       0x14 ./Drivers/STM32F4xx_HAL_Driver/Src/stm32f4xx_hal_tim_ex.o
                0x0800e95c                HAL_TIMEx_CommutCallback
 .text.HAL_TIMEx_BreakCallback
                0x0800e970       0x14 ./Drivers/STM32F4xx_HAL_Driver/Src/stm32f4xx_hal_tim_ex.o
                0x0800e970                HAL_TIMEx_BreakCallback
 .text.HAL_UART_Init
                0x0800e984       0xa0 ./Drivers/STM32F4xx_HAL_Driver/Src/stm32f4xx_hal_uart.o
                0x0800e984                HAL_UART_Init
 .text.HAL_UART_Transmit
                0x0800ea24      0x116 ./Drivers/STM32F4xx_HAL_Driver/Src/stm32f4xx_hal_uart.o
                0x0800ea24                HAL_UART_Transmit
 .text.HAL_UARTEx_ReceiveToIdle_DMA
                0x0800eb3a       0xb2 ./Drivers/STM32F4xx_HAL_Driver/Src/stm32f4xx_hal_uart.o
                0x0800eb3a                HAL_UARTEx_ReceiveToIdle_DMA
 .text.HAL_UART_IRQHandler
                0x0800ebec      0x554 ./Drivers/STM32F4xx_HAL_Driver/Src/stm32f4xx_hal_uart.o
                0x0800ebec                HAL_UART_IRQHandler
 .text.HAL_UART_TxCpltCallback
                0x0800f140       0x14 ./Drivers/STM32F4xx_HAL_Driver/Src/stm32f4xx_hal_uart.o
                0x0800f140                HAL_UART_TxCpltCallback
 .text.HAL_UART_RxCpltCallback
                0x0800f154       0x14 ./Drivers/STM32F4xx_HAL_Driver/Src/stm32f4xx_hal_uart.o
                0x0800f154                HAL_UART_RxCpltCallback
 .text.HAL_UART_RxHalfCpltCallback
                0x0800f168       0x14 ./Drivers/STM32F4xx_HAL_Driver/Src/stm32f4xx_hal_uart.o
                0x0800f168                HAL_UART_RxHalfCpltCallback
 .text.HAL_UART_ErrorCallback
                0x0800f17c       0x14 ./Drivers/STM32F4xx_HAL_Driver/Src/stm32f4xx_hal_uart.o
                0x0800f17c                HAL_UART_ErrorCallback
 .text.UART_DMAReceiveCplt
                0x0800f190      0x12c ./Drivers/STM32F4xx_HAL_Driver/Src/stm32f4xx_hal_uart.o
 .text.UART_DMARxHalfCplt
                0x0800f2bc       0x3c ./Drivers/STM32F4xx_HAL_Driver/Src/stm32f4xx_hal_uart.o
 .text.UART_DMAError
                0x0800f2f8       0x94 ./Drivers/STM32F4xx_HAL_Driver/Src/stm32f4xx_hal_uart.o
 .text.UART_WaitOnFlagUntilTimeout
                0x0800f38c       0xb2 ./Drivers/STM32F4xx_HAL_Driver/Src/stm32f4xx_hal_uart.o
 *fill*         0x0800f43e        0x2 
 .text.UART_Start_Receive_DMA
                0x0800f440      0x14c ./Drivers/STM32F4xx_HAL_Driver/Src/stm32f4xx_hal_uart.o
                0x0800f440                UART_Start_Receive_DMA
 .text.UART_EndTxTransfer
                0x0800f58c       0x50 ./Drivers/STM32F4xx_HAL_Driver/Src/stm32f4xx_hal_uart.o
 .text.UART_EndRxTransfer
                0x0800f5dc       0xc6 ./Drivers/STM32F4xx_HAL_Driver/Src/stm32f4xx_hal_uart.o
 .text.UART_DMAAbortOnError
                0x0800f6a2       0x22 ./Drivers/STM32F4xx_HAL_Driver/Src/stm32f4xx_hal_uart.o
 .text.UART_Transmit_IT
                0x0800f6c4       0xa0 ./Drivers/STM32F4xx_HAL_Driver/Src/stm32f4xx_hal_uart.o
 .text.UART_EndTransmit_IT
                0x0800f764       0x30 ./Drivers/STM32F4xx_HAL_Driver/Src/stm32f4xx_hal_uart.o
 .text.UART_Receive_IT
                0x0800f794      0x17c ./Drivers/STM32F4xx_HAL_Driver/Src/stm32f4xx_hal_uart.o
 .text.UART_SetConfig
                0x0800f910      0x4e8 ./Drivers/STM32F4xx_HAL_Driver/Src/stm32f4xx_hal_uart.o
 .text.USB_CoreInit
                0x0800fdf8       0xc8 ./Drivers/STM32F4xx_HAL_Driver/Src/stm32f4xx_ll_usb.o
                0x0800fdf8                USB_CoreInit
 .text.USB_SetTurnaroundTime
                0x0800fec0      0x144 ./Drivers/STM32F4xx_HAL_Driver/Src/stm32f4xx_ll_usb.o
                0x0800fec0                USB_SetTurnaroundTime
 .text.USB_EnableGlobalInt
                0x08010004       0x22 ./Drivers/STM32F4xx_HAL_Driver/Src/stm32f4xx_ll_usb.o
                0x08010004                USB_EnableGlobalInt
 .text.USB_DisableGlobalInt
                0x08010026       0x22 ./Drivers/STM32F4xx_HAL_Driver/Src/stm32f4xx_ll_usb.o
                0x08010026                USB_DisableGlobalInt
 .text.USB_SetCurrentMode
                0x08010048       0x98 ./Drivers/STM32F4xx_HAL_Driver/Src/stm32f4xx_ll_usb.o
                0x08010048                USB_SetCurrentMode
 .text.USB_DevInit
                0x080100e0      0x2c8 ./Drivers/STM32F4xx_HAL_Driver/Src/stm32f4xx_ll_usb.o
                0x080100e0                USB_DevInit
 .text.USB_FlushTxFifo
                0x080103a8       0x64 ./Drivers/STM32F4xx_HAL_Driver/Src/stm32f4xx_ll_usb.o
                0x080103a8                USB_FlushTxFifo
 .text.USB_FlushRxFifo
                0x0801040c       0x5c ./Drivers/STM32F4xx_HAL_Driver/Src/stm32f4xx_ll_usb.o
                0x0801040c                USB_FlushRxFifo
 .text.USB_SetDevSpeed
                0x08010468       0x32 ./Drivers/STM32F4xx_HAL_Driver/Src/stm32f4xx_ll_usb.o
                0x08010468                USB_SetDevSpeed
 .text.USB_GetDevSpeed
                0x0801049a       0x4a ./Drivers/STM32F4xx_HAL_Driver/Src/stm32f4xx_ll_usb.o
                0x0801049a                USB_GetDevSpeed
 .text.USB_ActivateEndpoint
                0x080104e4      0x10e ./Drivers/STM32F4xx_HAL_Driver/Src/stm32f4xx_ll_usb.o
                0x080104e4                USB_ActivateEndpoint
 *fill*         0x080105f2        0x2 
 .text.USB_DeactivateEndpoint
                0x080105f4      0x1b8 ./Drivers/STM32F4xx_HAL_Driver/Src/stm32f4xx_ll_usb.o
                0x080105f4                USB_DeactivateEndpoint
 .text.USB_EPStartXfer
                0x080107ac      0x53c ./Drivers/STM32F4xx_HAL_Driver/Src/stm32f4xx_ll_usb.o
                0x080107ac                USB_EPStartXfer
 .text.USB_EPStopXfer
                0x08010ce8      0x154 ./Drivers/STM32F4xx_HAL_Driver/Src/stm32f4xx_ll_usb.o
                0x08010ce8                USB_EPStopXfer
 .text.USB_WritePacket
                0x08010e3c       0x7c ./Drivers/STM32F4xx_HAL_Driver/Src/stm32f4xx_ll_usb.o
                0x08010e3c                USB_WritePacket
 .text.USB_ReadPacket
                0x08010eb8       0xb0 ./Drivers/STM32F4xx_HAL_Driver/Src/stm32f4xx_ll_usb.o
                0x08010eb8                USB_ReadPacket
 .text.USB_EPSetStall
                0x08010f68       0xdc ./Drivers/STM32F4xx_HAL_Driver/Src/stm32f4xx_ll_usb.o
                0x08010f68                USB_EPSetStall
 .text.USB_EPClearStall
                0x08011044       0xcc ./Drivers/STM32F4xx_HAL_Driver/Src/stm32f4xx_ll_usb.o
                0x08011044                USB_EPClearStall
 .text.USB_SetDevAddress
                0x08011110       0x4c ./Drivers/STM32F4xx_HAL_Driver/Src/stm32f4xx_ll_usb.o
                0x08011110                USB_SetDevAddress
 .text.USB_DevConnect
                0x0801115c       0x42 ./Drivers/STM32F4xx_HAL_Driver/Src/stm32f4xx_ll_usb.o
                0x0801115c                USB_DevConnect
 .text.USB_DevDisconnect
                0x0801119e       0x42 ./Drivers/STM32F4xx_HAL_Driver/Src/stm32f4xx_ll_usb.o
                0x0801119e                USB_DevDisconnect
 .text.USB_ReadInterrupts
                0x080111e0       0x26 ./Drivers/STM32F4xx_HAL_Driver/Src/stm32f4xx_ll_usb.o
                0x080111e0                USB_ReadInterrupts
 .text.USB_ReadDevAllOutEpInterrupt
                0x08011206       0x34 ./Drivers/STM32F4xx_HAL_Driver/Src/stm32f4xx_ll_usb.o
                0x08011206                USB_ReadDevAllOutEpInterrupt
 .text.USB_ReadDevAllInEpInterrupt
                0x0801123a       0x34 ./Drivers/STM32F4xx_HAL_Driver/Src/stm32f4xx_ll_usb.o
                0x0801123a                USB_ReadDevAllInEpInterrupt
 .text.USB_ReadDevOutEPInterrupt
                0x0801126e       0x3c ./Drivers/STM32F4xx_HAL_Driver/Src/stm32f4xx_ll_usb.o
                0x0801126e                USB_ReadDevOutEPInterrupt
 .text.USB_ReadDevInEPInterrupt
                0x080112aa       0x5c ./Drivers/STM32F4xx_HAL_Driver/Src/stm32f4xx_ll_usb.o
                0x080112aa                USB_ReadDevInEPInterrupt
 .text.USB_GetMode
                0x08011306       0x1c ./Drivers/STM32F4xx_HAL_Driver/Src/stm32f4xx_ll_usb.o
                0x08011306                USB_GetMode
 .text.USB_ActivateSetup
                0x08011322       0x46 ./Drivers/STM32F4xx_HAL_Driver/Src/stm32f4xx_ll_usb.o
                0x08011322                USB_ActivateSetup
 .text.USB_EP0_OutStart
                0x08011368       0xbc ./Drivers/STM32F4xx_HAL_Driver/Src/stm32f4xx_ll_usb.o
                0x08011368                USB_EP0_OutStart
 .text.USB_CoreReset
                0x08011424       0x70 ./Drivers/STM32F4xx_HAL_Driver/Src/stm32f4xx_ll_usb.o
 .text.USBD_CDC_Init
                0x08011494      0x1f0 ./Middlewares/ST/STM32_USB_Device_Library/Class/CDC/Src/usbd_cdc.o
 .text.USBD_CDC_DeInit
                0x08011684      0x104 ./Middlewares/ST/STM32_USB_Device_Library/Class/CDC/Src/usbd_cdc.o
 .text.USBD_CDC_Setup
                0x08011788      0x1b8 ./Middlewares/ST/STM32_USB_Device_Library/Class/CDC/Src/usbd_cdc.o
 .text.USBD_CDC_DataIn
                0x08011940       0xfe ./Middlewares/ST/STM32_USB_Device_Library/Class/CDC/Src/usbd_cdc.o
 .text.USBD_CDC_DataOut
                0x08011a3e       0x70 ./Middlewares/ST/STM32_USB_Device_Library/Class/CDC/Src/usbd_cdc.o
 .text.USBD_CDC_EP0_RxReady
                0x08011aae       0x74 ./Middlewares/ST/STM32_USB_Device_Library/Class/CDC/Src/usbd_cdc.o
 *fill*         0x08011b22        0x2 
 .text.USBD_CDC_GetFSCfgDesc
                0x08011b24       0x70 ./Middlewares/ST/STM32_USB_Device_Library/Class/CDC/Src/usbd_cdc.o
 .text.USBD_CDC_GetHSCfgDesc
                0x08011b94       0x70 ./Middlewares/ST/STM32_USB_Device_Library/Class/CDC/Src/usbd_cdc.o
 .text.USBD_CDC_GetOtherSpeedCfgDesc
                0x08011c04       0x70 ./Middlewares/ST/STM32_USB_Device_Library/Class/CDC/Src/usbd_cdc.o
 .text.USBD_CDC_GetDeviceQualifierDescriptor
                0x08011c74       0x20 ./Middlewares/ST/STM32_USB_Device_Library/Class/CDC/Src/usbd_cdc.o
                0x08011c74                USBD_CDC_GetDeviceQualifierDescriptor
 .text.USBD_CDC_RegisterInterface
                0x08011c94       0x34 ./Middlewares/ST/STM32_USB_Device_Library/Class/CDC/Src/usbd_cdc.o
                0x08011c94                USBD_CDC_RegisterInterface
 .text.USBD_CDC_SetTxBuffer
                0x08011cc8       0x44 ./Middlewares/ST/STM32_USB_Device_Library/Class/CDC/Src/usbd_cdc.o
                0x08011cc8                USBD_CDC_SetTxBuffer
 .text.USBD_CDC_SetRxBuffer
                0x08011d0c       0x3a ./Middlewares/ST/STM32_USB_Device_Library/Class/CDC/Src/usbd_cdc.o
                0x08011d0c                USBD_CDC_SetRxBuffer
 *fill*         0x08011d46        0x2 
 .text.USBD_CDC_TransmitPacket
                0x08011d48       0x80 ./Middlewares/ST/STM32_USB_Device_Library/Class/CDC/Src/usbd_cdc.o
                0x08011d48                USBD_CDC_TransmitPacket
 .text.USBD_CDC_ReceivePacket
                0x08011dc8       0x6c ./Middlewares/ST/STM32_USB_Device_Library/Class/CDC/Src/usbd_cdc.o
                0x08011dc8                USBD_CDC_ReceivePacket
 .text.USBD_Init
                0x08011e34       0x60 ./Middlewares/ST/STM32_USB_Device_Library/Core/Src/usbd_core.o
                0x08011e34                USBD_Init
 .text.USBD_RegisterClass
                0x08011e94       0x6c ./Middlewares/ST/STM32_USB_Device_Library/Core/Src/usbd_core.o
                0x08011e94                USBD_RegisterClass
 .text.USBD_Start
                0x08011f00       0x18 ./Middlewares/ST/STM32_USB_Device_Library/Core/Src/usbd_core.o
                0x08011f00                USBD_Start
 .text.USBD_RunTestMode
                0x08011f18       0x16 ./Middlewares/ST/STM32_USB_Device_Library/Core/Src/usbd_core.o
                0x08011f18                USBD_RunTestMode
 .text.USBD_SetClassConfig
                0x08011f2e       0x38 ./Middlewares/ST/STM32_USB_Device_Library/Core/Src/usbd_core.o
                0x08011f2e                USBD_SetClassConfig
 .text.USBD_ClrClassConfig
                0x08011f66       0x34 ./Middlewares/ST/STM32_USB_Device_Library/Core/Src/usbd_core.o
                0x08011f66                USBD_ClrClassConfig
 .text.USBD_LL_SetupStage
                0x08011f9a       0xaa ./Middlewares/ST/STM32_USB_Device_Library/Core/Src/usbd_core.o
                0x08011f9a                USBD_LL_SetupStage
 .text.USBD_LL_DataOutStage
                0x08012044      0x178 ./Middlewares/ST/STM32_USB_Device_Library/Core/Src/usbd_core.o
                0x08012044                USBD_LL_DataOutStage
 .text.USBD_LL_DataInStage
                0x080121bc      0x176 ./Middlewares/ST/STM32_USB_Device_Library/Core/Src/usbd_core.o
                0x080121bc                USBD_LL_DataInStage
 .text.USBD_LL_Reset
                0x08012332       0xa6 ./Middlewares/ST/STM32_USB_Device_Library/Core/Src/usbd_core.o
                0x08012332                USBD_LL_Reset
 .text.USBD_LL_SetSpeed
                0x080123d8       0x20 ./Middlewares/ST/STM32_USB_Device_Library/Core/Src/usbd_core.o
                0x080123d8                USBD_LL_SetSpeed
 .text.USBD_LL_Suspend
                0x080123f8       0x38 ./Middlewares/ST/STM32_USB_Device_Library/Core/Src/usbd_core.o
                0x080123f8                USBD_LL_Suspend
 .text.USBD_LL_Resume
                0x08012430       0x30 ./Middlewares/ST/STM32_USB_Device_Library/Core/Src/usbd_core.o
                0x08012430                USBD_LL_Resume
 .text.USBD_LL_SOF
                0x08012460       0x40 ./Middlewares/ST/STM32_USB_Device_Library/Core/Src/usbd_core.o
                0x08012460                USBD_LL_SOF
 .text.USBD_LL_IsoINIncomplete
                0x080124a0       0x64 ./Middlewares/ST/STM32_USB_Device_Library/Core/Src/usbd_core.o
                0x080124a0                USBD_LL_IsoINIncomplete
 .text.USBD_LL_IsoOUTIncomplete
                0x08012504       0x64 ./Middlewares/ST/STM32_USB_Device_Library/Core/Src/usbd_core.o
                0x08012504                USBD_LL_IsoOUTIncomplete
 .text.USBD_LL_DevConnected
                0x08012568       0x16 ./Middlewares/ST/STM32_USB_Device_Library/Core/Src/usbd_core.o
                0x08012568                USBD_LL_DevConnected
 .text.USBD_LL_DevDisconnected
                0x0801257e       0x46 ./Middlewares/ST/STM32_USB_Device_Library/Core/Src/usbd_core.o
                0x0801257e                USBD_LL_DevDisconnected
 .text.USBD_CoreFindIF
                0x080125c4       0x1a ./Middlewares/ST/STM32_USB_Device_Library/Core/Src/usbd_core.o
                0x080125c4                USBD_CoreFindIF
 .text.USBD_CoreFindEP
                0x080125de       0x1a ./Middlewares/ST/STM32_USB_Device_Library/Core/Src/usbd_core.o
                0x080125de                USBD_CoreFindEP
 .text.USBD_GetEpDesc
                0x080125f8       0x70 ./Middlewares/ST/STM32_USB_Device_Library/Core/Src/usbd_core.o
                0x080125f8                USBD_GetEpDesc
 .text.USBD_GetNextDesc
                0x08012668       0x38 ./Middlewares/ST/STM32_USB_Device_Library/Core/Src/usbd_core.o
                0x08012668                USBD_GetNextDesc
 .text.SWAPBYTE
                0x080126a0       0x3e ./Middlewares/ST/STM32_USB_Device_Library/Core/Src/usbd_ctlreq.o
 *fill*         0x080126de        0x2 
 .text.USBD_StdDevReq
                0x080126e0       0xe4 ./Middlewares/ST/STM32_USB_Device_Library/Core/Src/usbd_ctlreq.o
                0x080126e0                USBD_StdDevReq
 .text.USBD_StdItfReq
                0x080127c4       0xd8 ./Middlewares/ST/STM32_USB_Device_Library/Core/Src/usbd_ctlreq.o
                0x080127c4                USBD_StdItfReq
 .text.USBD_StdEPReq
                0x0801289c      0x33e ./Middlewares/ST/STM32_USB_Device_Library/Core/Src/usbd_ctlreq.o
                0x0801289c                USBD_StdEPReq
 *fill*         0x08012bda        0x2 
 .text.USBD_GetDescriptor
                0x08012bdc      0x2d4 ./Middlewares/ST/STM32_USB_Device_Library/Core/Src/usbd_ctlreq.o
 .text.USBD_SetAddress
                0x08012eb0       0x88 ./Middlewares/ST/STM32_USB_Device_Library/Core/Src/usbd_ctlreq.o
 .text.USBD_SetConfig
                0x08012f38      0x154 ./Middlewares/ST/STM32_USB_Device_Library/Core/Src/usbd_ctlreq.o
 .text.USBD_GetConfig
                0x0801308c       0x6c ./Middlewares/ST/STM32_USB_Device_Library/Core/Src/usbd_ctlreq.o
 .text.USBD_GetStatus
                0x080130f8       0x68 ./Middlewares/ST/STM32_USB_Device_Library/Core/Src/usbd_ctlreq.o
 .text.USBD_SetFeature
                0x08013160       0x52 ./Middlewares/ST/STM32_USB_Device_Library/Core/Src/usbd_ctlreq.o
 .text.USBD_ClrFeature
                0x080131b2       0x44 ./Middlewares/ST/STM32_USB_Device_Library/Core/Src/usbd_ctlreq.o
 .text.USBD_ParseSetupRequest
                0x080131f6       0x74 ./Middlewares/ST/STM32_USB_Device_Library/Core/Src/usbd_ctlreq.o
                0x080131f6                USBD_ParseSetupRequest
 .text.USBD_CtlError
                0x0801326a       0x22 ./Middlewares/ST/STM32_USB_Device_Library/Core/Src/usbd_ctlreq.o
                0x0801326a                USBD_CtlError
 .text.USBD_GetString
                0x0801328c       0xa4 ./Middlewares/ST/STM32_USB_Device_Library/Core/Src/usbd_ctlreq.o
                0x0801328c                USBD_GetString
 .text.USBD_GetLen
                0x08013330       0x34 ./Middlewares/ST/STM32_USB_Device_Library/Core/Src/usbd_ctlreq.o
 .text.USBD_CtlSendData
                0x08013364       0x3c ./Middlewares/ST/STM32_USB_Device_Library/Core/Src/usbd_ioreq.o
                0x08013364                USBD_CtlSendData
 .text.USBD_CtlContinueSendData
                0x080133a0       0x22 ./Middlewares/ST/STM32_USB_Device_Library/Core/Src/usbd_ioreq.o
                0x080133a0                USBD_CtlContinueSendData
 .text.USBD_CtlPrepareRx
                0x080133c2       0x42 ./Middlewares/ST/STM32_USB_Device_Library/Core/Src/usbd_ioreq.o
                0x080133c2                USBD_CtlPrepareRx
 .text.USBD_CtlContinueRx
                0x08013404       0x22 ./Middlewares/ST/STM32_USB_Device_Library/Core/Src/usbd_ioreq.o
                0x08013404                USBD_CtlContinueRx
 .text.USBD_CtlSendStatus
                0x08013426       0x26 ./Middlewares/ST/STM32_USB_Device_Library/Core/Src/usbd_ioreq.o
                0x08013426                USBD_CtlSendStatus
 .text.USBD_CtlReceiveStatus
                0x0801344c       0x26 ./Middlewares/ST/STM32_USB_Device_Library/Core/Src/usbd_ioreq.o
                0x0801344c                USBD_CtlReceiveStatus
 *fill*         0x08013472        0x2 
 .text.MX_USB_DEVICE_Init
                0x08013474       0x60 ./USB_DEVICE/App/usb_device.o
                0x08013474                MX_USB_DEVICE_Init
 .text.CDC_Init_FS
                0x080134d4       0x28 ./USB_DEVICE/App/usbd_cdc_if.o
 .text.CDC_DeInit_FS
                0x080134fc       0x10 ./USB_DEVICE/App/usbd_cdc_if.o
 .text.CDC_Control_FS
                0x0801350c       0xbc ./USB_DEVICE/App/usbd_cdc_if.o
 .text.CDC_Receive_FS
                0x080135c8       0x70 ./USB_DEVICE/App/usbd_cdc_if.o
                0x080135c8                CDC_Receive_FS
 .text.CDC_Transmit_FS
                0x08013638       0x4c ./USB_DEVICE/App/usbd_cdc_if.o
                0x08013638                CDC_Transmit_FS
 .text.CDC_TransmitCplt_FS
                0x08013684       0x22 ./USB_DEVICE/App/usbd_cdc_if.o
 *fill*         0x080136a6        0x2 
 .text.VCP_read
                0x080136a8       0x58 ./USB_DEVICE/App/usbd_cdc_if.o
                0x080136a8                VCP_read
 .text.VCP_available
                0x08013700       0x48 ./USB_DEVICE/App/usbd_cdc_if.o
                0x08013700                VCP_available
 .text.VCP_is_tx_busy
                0x08013748       0x30 ./USB_DEVICE/App/usbd_cdc_if.o
                0x08013748                VCP_is_tx_busy
 .text.VCP_read_buffer
                0x08013778       0x42 ./USB_DEVICE/App/usbd_cdc_if.o
                0x08013778                VCP_read_buffer
 *fill*         0x080137ba        0x2 
 .text.USBD_FS_DeviceDescriptor
                0x080137bc       0x24 ./USB_DEVICE/App/usbd_desc.o
                0x080137bc                USBD_FS_DeviceDescriptor
 .text.USBD_FS_LangIDStrDescriptor
                0x080137e0       0x24 ./USB_DEVICE/App/usbd_desc.o
                0x080137e0                USBD_FS_LangIDStrDescriptor
 .text.USBD_FS_ProductStrDescriptor
                0x08013804       0x3c ./USB_DEVICE/App/usbd_desc.o
                0x08013804                USBD_FS_ProductStrDescriptor
 .text.USBD_FS_ManufacturerStrDescriptor
                0x08013840       0x28 ./USB_DEVICE/App/usbd_desc.o
                0x08013840                USBD_FS_ManufacturerStrDescriptor
 .text.USBD_FS_SerialStrDescriptor
                0x08013868       0x24 ./USB_DEVICE/App/usbd_desc.o
                0x08013868                USBD_FS_SerialStrDescriptor
 .text.USBD_FS_ConfigStrDescriptor
                0x0801388c       0x3c ./USB_DEVICE/App/usbd_desc.o
                0x0801388c                USBD_FS_ConfigStrDescriptor
 .text.USBD_FS_InterfaceStrDescriptor
                0x080138c8       0x3c ./USB_DEVICE/App/usbd_desc.o
                0x080138c8                USBD_FS_InterfaceStrDescriptor
 .text.Get_SerialNum
                0x08013904       0x58 ./USB_DEVICE/App/usbd_desc.o
 .text.IntToUnicode
                0x0801395c       0x7e ./USB_DEVICE/App/usbd_desc.o
 *fill*         0x080139da        0x2 
 .text.HAL_PCD_MspInit
                0x080139dc       0xa8 ./USB_DEVICE/Target/usbd_conf.o
                0x080139dc                HAL_PCD_MspInit
 .text.HAL_PCD_SetupStageCallback
                0x08013a84       0x24 ./USB_DEVICE/Target/usbd_conf.o
                0x08013a84                HAL_PCD_SetupStageCallback
 .text.HAL_PCD_DataOutStageCallback
                0x08013aa8       0x36 ./USB_DEVICE/Target/usbd_conf.o
                0x08013aa8                HAL_PCD_DataOutStageCallback
 .text.HAL_PCD_DataInStageCallback
                0x08013ade       0x34 ./USB_DEVICE/Target/usbd_conf.o
                0x08013ade                HAL_PCD_DataInStageCallback
 .text.HAL_PCD_SOFCallback
                0x08013b12       0x1c ./USB_DEVICE/Target/usbd_conf.o
                0x08013b12                HAL_PCD_SOFCallback
 .text.HAL_PCD_ResetCallback
                0x08013b2e       0x50 ./USB_DEVICE/Target/usbd_conf.o
                0x08013b2e                HAL_PCD_ResetCallback
 *fill*         0x08013b7e        0x2 
 .text.HAL_PCD_SuspendCallback
                0x08013b80       0x4c ./USB_DEVICE/Target/usbd_conf.o
                0x08013b80                HAL_PCD_SuspendCallback
 .text.HAL_PCD_ResumeCallback
                0x08013bcc       0x1c ./USB_DEVICE/Target/usbd_conf.o
                0x08013bcc                HAL_PCD_ResumeCallback
 .text.HAL_PCD_ISOOUTIncompleteCallback
                0x08013be8       0x24 ./USB_DEVICE/Target/usbd_conf.o
                0x08013be8                HAL_PCD_ISOOUTIncompleteCallback
 .text.HAL_PCD_ISOINIncompleteCallback
                0x08013c0c       0x24 ./USB_DEVICE/Target/usbd_conf.o
                0x08013c0c                HAL_PCD_ISOINIncompleteCallback
 .text.HAL_PCD_ConnectCallback
                0x08013c30       0x1c ./USB_DEVICE/Target/usbd_conf.o
                0x08013c30                HAL_PCD_ConnectCallback
 .text.HAL_PCD_DisconnectCallback
                0x08013c4c       0x1c ./USB_DEVICE/Target/usbd_conf.o
                0x08013c4c                HAL_PCD_DisconnectCallback
 .text.USBD_LL_Init
                0x08013c68       0x98 ./USB_DEVICE/Target/usbd_conf.o
                0x08013c68                USBD_LL_Init
 .text.USBD_LL_Start
                0x08013d00       0x36 ./USB_DEVICE/Target/usbd_conf.o
                0x08013d00                USBD_LL_Start
 .text.USBD_LL_OpenEP
                0x08013d36       0x4c ./USB_DEVICE/Target/usbd_conf.o
                0x08013d36                USBD_LL_OpenEP
 .text.USBD_LL_CloseEP
                0x08013d82       0x3e ./USB_DEVICE/Target/usbd_conf.o
                0x08013d82                USBD_LL_CloseEP
 .text.USBD_LL_StallEP
                0x08013dc0       0x3e ./USB_DEVICE/Target/usbd_conf.o
                0x08013dc0                USBD_LL_StallEP
 .text.USBD_LL_ClearStallEP
                0x08013dfe       0x3e ./USB_DEVICE/Target/usbd_conf.o
                0x08013dfe                USBD_LL_ClearStallEP
 .text.USBD_LL_IsStallEP
                0x08013e3c       0x58 ./USB_DEVICE/Target/usbd_conf.o
                0x08013e3c                USBD_LL_IsStallEP
 .text.USBD_LL_SetUSBAddress
                0x08013e94       0x3e ./USB_DEVICE/Target/usbd_conf.o
                0x08013e94                USBD_LL_SetUSBAddress
 .text.USBD_LL_Transmit
                0x08013ed2       0x42 ./USB_DEVICE/Target/usbd_conf.o
                0x08013ed2                USBD_LL_Transmit
 .text.USBD_LL_PrepareReceive
                0x08013f14       0x42 ./USB_DEVICE/Target/usbd_conf.o
                0x08013f14                USBD_LL_PrepareReceive
 .text.USBD_LL_GetRxDataSize
                0x08013f56       0x26 ./USB_DEVICE/Target/usbd_conf.o
                0x08013f56                USBD_LL_GetRxDataSize
 .text.USBD_static_malloc
                0x08013f7c       0x1c ./USB_DEVICE/Target/usbd_conf.o
                0x08013f7c                USBD_static_malloc
 .text.USBD_static_free
                0x08013f98       0x14 ./USB_DEVICE/Target/usbd_conf.o
                0x08013f98                USBD_static_free
 .text.USBD_Get_USB_Status
                0x08013fac       0x58 ./USB_DEVICE/Target/usbd_conf.o
                0x08013fac                USBD_Get_USB_Status
 .text.atof     0x08014004        0x6 /Applications/STM32CubeIDE.app/Contents/Eclipse/plugins/com.st.stm32cube.ide.mcu.externaltools.gnu-tools-for-stm32.13.3.rel1.macos64_1.0.0.202411102158/tools/bin/../lib/gcc/arm-none-eabi/13.3.1/../../../../arm-none-eabi/lib/thumb/v7e-m+fp/hard/libc_nano.a(libc_a-atof.o)
                0x08014004                atof
 .text.atoi     0x0801400a        0x8 /Applications/STM32CubeIDE.app/Contents/Eclipse/plugins/com.st.stm32cube.ide.mcu.externaltools.gnu-tools-for-stm32.13.3.rel1.macos64_1.0.0.202411102158/tools/bin/../lib/gcc/arm-none-eabi/13.3.1/../../../../arm-none-eabi/lib/thumb/v7e-m+fp/hard/libc_nano.a(libc_a-atoi.o)
                0x0801400a                atoi
 .text.__cvt    0x08014012       0xca /Applications/STM32CubeIDE.app/Contents/Eclipse/plugins/com.st.stm32cube.ide.mcu.externaltools.gnu-tools-for-stm32.13.3.rel1.macos64_1.0.0.202411102158/tools/bin/../lib/gcc/arm-none-eabi/13.3.1/../../../../arm-none-eabi/lib/thumb/v7e-m+fp/hard/libc_nano.a(libc_a-nano-vfprintf_float.o)
                0x08014012                __cvt
 .text.__exponent
                0x080140dc       0x74 /Applications/STM32CubeIDE.app/Contents/Eclipse/plugins/com.st.stm32cube.ide.mcu.externaltools.gnu-tools-for-stm32.13.3.rel1.macos64_1.0.0.202411102158/tools/bin/../lib/gcc/arm-none-eabi/13.3.1/../../../../arm-none-eabi/lib/thumb/v7e-m+fp/hard/libc_nano.a(libc_a-nano-vfprintf_float.o)
                0x080140dc                __exponent
 .text._printf_float
                0x08014150      0x454 /Applications/STM32CubeIDE.app/Contents/Eclipse/plugins/com.st.stm32cube.ide.mcu.externaltools.gnu-tools-for-stm32.13.3.rel1.macos64_1.0.0.202411102158/tools/bin/../lib/gcc/arm-none-eabi/13.3.1/../../../../arm-none-eabi/lib/thumb/v7e-m+fp/hard/libc_nano.a(libc_a-nano-vfprintf_float.o)
                0x08014150                _printf_float
 .text._printf_common
                0x080145a4       0xda /Applications/STM32CubeIDE.app/Contents/Eclipse/plugins/com.st.stm32cube.ide.mcu.externaltools.gnu-tools-for-stm32.13.3.rel1.macos64_1.0.0.202411102158/tools/bin/../lib/gcc/arm-none-eabi/13.3.1/../../../../arm-none-eabi/lib/thumb/v7e-m+fp/hard/libc_nano.a(libc_a-nano-vfprintf_i.o)
                0x080145a4                _printf_common
 *fill*         0x0801467e        0x2 
 .text._printf_i
                0x08014680      0x23c /Applications/STM32CubeIDE.app/Contents/Eclipse/plugins/com.st.stm32cube.ide.mcu.externaltools.gnu-tools-for-stm32.13.3.rel1.macos64_1.0.0.202411102158/tools/bin/../lib/gcc/arm-none-eabi/13.3.1/../../../../arm-none-eabi/lib/thumb/v7e-m+fp/hard/libc_nano.a(libc_a-nano-vfprintf_i.o)
                0x08014680                _printf_i
 .text._scanf_float
                0x080148bc      0x41c /Applications/STM32CubeIDE.app/Contents/Eclipse/plugins/com.st.stm32cube.ide.mcu.externaltools.gnu-tools-for-stm32.13.3.rel1.macos64_1.0.0.202411102158/tools/bin/../lib/gcc/arm-none-eabi/13.3.1/../../../../arm-none-eabi/lib/thumb/v7e-m+fp/hard/libc_nano.a(libc_a-nano-vfscanf_float.o)
                0x080148bc                _scanf_float
 .text.snprintf
                0x08014cd8       0x6c /Applications/STM32CubeIDE.app/Contents/Eclipse/plugins/com.st.stm32cube.ide.mcu.externaltools.gnu-tools-for-stm32.13.3.rel1.macos64_1.0.0.202411102158/tools/bin/../lib/gcc/arm-none-eabi/13.3.1/../../../../arm-none-eabi/lib/thumb/v7e-m+fp/hard/libc_nano.a(libc_a-snprintf.o)
                0x08014cd8                snprintf
                0x08014cd8                sniprintf
 .text.sprintf  0x08014d44       0x44 /Applications/STM32CubeIDE.app/Contents/Eclipse/plugins/com.st.stm32cube.ide.mcu.externaltools.gnu-tools-for-stm32.13.3.rel1.macos64_1.0.0.202411102158/tools/bin/../lib/gcc/arm-none-eabi/13.3.1/../../../../arm-none-eabi/lib/thumb/v7e-m+fp/hard/libc_nano.a(libc_a-sprintf.o)
                0x08014d44                sprintf
                0x08014d44                siprintf
 .text.sscanf   0x08014d88       0x58 /Applications/STM32CubeIDE.app/Contents/Eclipse/plugins/com.st.stm32cube.ide.mcu.externaltools.gnu-tools-for-stm32.13.3.rel1.macos64_1.0.0.202411102158/tools/bin/../lib/gcc/arm-none-eabi/13.3.1/../../../../arm-none-eabi/lib/thumb/v7e-m+fp/hard/libc_nano.a(libc_a-sscanf.o)
                0x08014d88                sscanf
                0x08014d88                siscanf
 .text.__sread  0x08014de0       0x22 /Applications/STM32CubeIDE.app/Contents/Eclipse/plugins/com.st.stm32cube.ide.mcu.externaltools.gnu-tools-for-stm32.13.3.rel1.macos64_1.0.0.202411102158/tools/bin/../lib/gcc/arm-none-eabi/13.3.1/../../../../arm-none-eabi/lib/thumb/v7e-m+fp/hard/libc_nano.a(libc_a-stdio.o)
                0x08014de0                __sread
 .text.__seofread
                0x08014e02        0x4 /Applications/STM32CubeIDE.app/Contents/Eclipse/plugins/com.st.stm32cube.ide.mcu.externaltools.gnu-tools-for-stm32.13.3.rel1.macos64_1.0.0.202411102158/tools/bin/../lib/gcc/arm-none-eabi/13.3.1/../../../../arm-none-eabi/lib/thumb/v7e-m+fp/hard/libc_nano.a(libc_a-stdio.o)
                0x08014e02                __seofread
 .text.__swrite
                0x08014e06       0x38 /Applications/STM32CubeIDE.app/Contents/Eclipse/plugins/com.st.stm32cube.ide.mcu.externaltools.gnu-tools-for-stm32.13.3.rel1.macos64_1.0.0.202411102158/tools/bin/../lib/gcc/arm-none-eabi/13.3.1/../../../../arm-none-eabi/lib/thumb/v7e-m+fp/hard/libc_nano.a(libc_a-stdio.o)
                0x08014e06                __swrite
 .text.__sseek  0x08014e3e       0x24 /Applications/STM32CubeIDE.app/Contents/Eclipse/plugins/com.st.stm32cube.ide.mcu.externaltools.gnu-tools-for-stm32.13.3.rel1.macos64_1.0.0.202411102158/tools/bin/../lib/gcc/arm-none-eabi/13.3.1/../../../../arm-none-eabi/lib/thumb/v7e-m+fp/hard/libc_nano.a(libc_a-stdio.o)
                0x08014e3e                __sseek
 .text.__sclose
                0x08014e62        0x8 /Applications/STM32CubeIDE.app/Contents/Eclipse/plugins/com.st.stm32cube.ide.mcu.externaltools.gnu-tools-for-stm32.13.3.rel1.macos64_1.0.0.202411102158/tools/bin/../lib/gcc/arm-none-eabi/13.3.1/../../../../arm-none-eabi/lib/thumb/v7e-m+fp/hard/libc_nano.a(libc_a-stdio.o)
                0x08014e62                __sclose
 *fill*         0x08014e6a        0x2 
 .text.std      0x08014e6c       0x6c /Applications/STM32CubeIDE.app/Contents/Eclipse/plugins/com.st.stm32cube.ide.mcu.externaltools.gnu-tools-for-stm32.13.3.rel1.macos64_1.0.0.202411102158/tools/bin/../lib/gcc/arm-none-eabi/13.3.1/../../../../arm-none-eabi/lib/thumb/v7e-m+fp/hard/libc_nano.a(libc_a-findfp.o)
 .text.stdio_exit_handler
                0x08014ed8       0x18 /Applications/STM32CubeIDE.app/Contents/Eclipse/plugins/com.st.stm32cube.ide.mcu.externaltools.gnu-tools-for-stm32.13.3.rel1.macos64_1.0.0.202411102158/tools/bin/../lib/gcc/arm-none-eabi/13.3.1/../../../../arm-none-eabi/lib/thumb/v7e-m+fp/hard/libc_nano.a(libc_a-findfp.o)
 .text.cleanup_stdio
                0x08014ef0       0x40 /Applications/STM32CubeIDE.app/Contents/Eclipse/plugins/com.st.stm32cube.ide.mcu.externaltools.gnu-tools-for-stm32.13.3.rel1.macos64_1.0.0.202411102158/tools/bin/../lib/gcc/arm-none-eabi/13.3.1/../../../../arm-none-eabi/lib/thumb/v7e-m+fp/hard/libc_nano.a(libc_a-findfp.o)
 .text.global_stdio_init.part.0
                0x08014f30       0x3c /Applications/STM32CubeIDE.app/Contents/Eclipse/plugins/com.st.stm32cube.ide.mcu.externaltools.gnu-tools-for-stm32.13.3.rel1.macos64_1.0.0.202411102158/tools/bin/../lib/gcc/arm-none-eabi/13.3.1/../../../../arm-none-eabi/lib/thumb/v7e-m+fp/hard/libc_nano.a(libc_a-findfp.o)
 .text.__sfp_lock_acquire
                0x08014f6c        0xc /Applications/STM32CubeIDE.app/Contents/Eclipse/plugins/com.st.stm32cube.ide.mcu.externaltools.gnu-tools-for-stm32.13.3.rel1.macos64_1.0.0.202411102158/tools/bin/../lib/gcc/arm-none-eabi/13.3.1/../../../../arm-none-eabi/lib/thumb/v7e-m+fp/hard/libc_nano.a(libc_a-findfp.o)
                0x08014f6c                __sfp_lock_acquire
 .text.__sfp_lock_release
                0x08014f78        0xc /Applications/STM32CubeIDE.app/Contents/Eclipse/plugins/com.st.stm32cube.ide.mcu.externaltools.gnu-tools-for-stm32.13.3.rel1.macos64_1.0.0.202411102158/tools/bin/../lib/gcc/arm-none-eabi/13.3.1/../../../../arm-none-eabi/lib/thumb/v7e-m+fp/hard/libc_nano.a(libc_a-findfp.o)
                0x08014f78                __sfp_lock_release
 .text.__sinit  0x08014f84       0x30 /Applications/STM32CubeIDE.app/Contents/Eclipse/plugins/com.st.stm32cube.ide.mcu.externaltools.gnu-tools-for-stm32.13.3.rel1.macos64_1.0.0.202411102158/tools/bin/../lib/gcc/arm-none-eabi/13.3.1/../../../../arm-none-eabi/lib/thumb/v7e-m+fp/hard/libc_nano.a(libc_a-findfp.o)
                0x08014f84                __sinit
 .text.sulp     0x08014fb4       0x3c /Applications/STM32CubeIDE.app/Contents/Eclipse/plugins/com.st.stm32cube.ide.mcu.externaltools.gnu-tools-for-stm32.13.3.rel1.macos64_1.0.0.202411102158/tools/bin/../lib/gcc/arm-none-eabi/13.3.1/../../../../arm-none-eabi/lib/thumb/v7e-m+fp/hard/libc_nano.a(libc_a-strtod.o)
 .text._strtod_l
                0x08014ff0      0xbc8 /Applications/STM32CubeIDE.app/Contents/Eclipse/plugins/com.st.stm32cube.ide.mcu.externaltools.gnu-tools-for-stm32.13.3.rel1.macos64_1.0.0.202411102158/tools/bin/../lib/gcc/arm-none-eabi/13.3.1/../../../../arm-none-eabi/lib/thumb/v7e-m+fp/hard/libc_nano.a(libc_a-strtod.o)
                0x08014ff0                _strtod_l
 .text._strtod_r
                0x08015bb8        0xc /Applications/STM32CubeIDE.app/Contents/Eclipse/plugins/com.st.stm32cube.ide.mcu.externaltools.gnu-tools-for-stm32.13.3.rel1.macos64_1.0.0.202411102158/tools/bin/../lib/gcc/arm-none-eabi/13.3.1/../../../../arm-none-eabi/lib/thumb/v7e-m+fp/hard/libc_nano.a(libc_a-strtod.o)
                0x08015bb8                _strtod_r
 .text.strtod   0x08015bc4       0x18 /Applications/STM32CubeIDE.app/Contents/Eclipse/plugins/com.st.stm32cube.ide.mcu.externaltools.gnu-tools-for-stm32.13.3.rel1.macos64_1.0.0.202411102158/tools/bin/../lib/gcc/arm-none-eabi/13.3.1/../../../../arm-none-eabi/lib/thumb/v7e-m+fp/hard/libc_nano.a(libc_a-strtod.o)
                0x08015bc4                strtod
 .text._strtol_l.isra.0
                0x08015bdc       0xf4 /Applications/STM32CubeIDE.app/Contents/Eclipse/plugins/com.st.stm32cube.ide.mcu.externaltools.gnu-tools-for-stm32.13.3.rel1.macos64_1.0.0.202411102158/tools/bin/../lib/gcc/arm-none-eabi/13.3.1/../../../../arm-none-eabi/lib/thumb/v7e-m+fp/hard/libc_nano.a(libc_a-strtol.o)
 .text._strtol_r
                0x08015cd0        0x4 /Applications/STM32CubeIDE.app/Contents/Eclipse/plugins/com.st.stm32cube.ide.mcu.externaltools.gnu-tools-for-stm32.13.3.rel1.macos64_1.0.0.202411102158/tools/bin/../lib/gcc/arm-none-eabi/13.3.1/../../../../arm-none-eabi/lib/thumb/v7e-m+fp/hard/libc_nano.a(libc_a-strtol.o)
                0x08015cd0                _strtol_r
 .text.strtol   0x08015cd4       0x14 /Applications/STM32CubeIDE.app/Contents/Eclipse/plugins/com.st.stm32cube.ide.mcu.externaltools.gnu-tools-for-stm32.13.3.rel1.macos64_1.0.0.202411102158/tools/bin/../lib/gcc/arm-none-eabi/13.3.1/../../../../arm-none-eabi/lib/thumb/v7e-m+fp/hard/libc_nano.a(libc_a-strtol.o)
                0x08015cd4                strtol
 .text._fwalk_sglue
                0x08015ce8       0x3c /Applications/STM32CubeIDE.app/Contents/Eclipse/plugins/com.st.stm32cube.ide.mcu.externaltools.gnu-tools-for-stm32.13.3.rel1.macos64_1.0.0.202411102158/tools/bin/../lib/gcc/arm-none-eabi/13.3.1/../../../../arm-none-eabi/lib/thumb/v7e-m+fp/hard/libc_nano.a(libc_a-fwalk.o)
                0x08015ce8                _fwalk_sglue
 .text.printf   0x08015d24       0x24 /Applications/STM32CubeIDE.app/Contents/Eclipse/plugins/com.st.stm32cube.ide.mcu.externaltools.gnu-tools-for-stm32.13.3.rel1.macos64_1.0.0.202411102158/tools/bin/../lib/gcc/arm-none-eabi/13.3.1/../../../../arm-none-eabi/lib/thumb/v7e-m+fp/hard/libc_nano.a(libc_a-printf.o)
                0x08015d24                printf
                0x08015d24                iprintf
 .text._puts_r  0x08015d48       0xaa /Applications/STM32CubeIDE.app/Contents/Eclipse/plugins/com.st.stm32cube.ide.mcu.externaltools.gnu-tools-for-stm32.13.3.rel1.macos64_1.0.0.202411102158/tools/bin/../lib/gcc/arm-none-eabi/13.3.1/../../../../arm-none-eabi/lib/thumb/v7e-m+fp/hard/libc_nano.a(libc_a-puts.o)
                0x08015d48                _puts_r
 *fill*         0x08015df2        0x2 
 .text.puts     0x08015df4       0x10 /Applications/STM32CubeIDE.app/Contents/Eclipse/plugins/com.st.stm32cube.ide.mcu.externaltools.gnu-tools-for-stm32.13.3.rel1.macos64_1.0.0.202411102158/tools/bin/../lib/gcc/arm-none-eabi/13.3.1/../../../../arm-none-eabi/lib/thumb/v7e-m+fp/hard/libc_nano.a(libc_a-puts.o)
                0x08015df4                puts