../Core/Src/library/bme68x/bme68x_necessary_functions.c:58:8:bme68x_start	16	static
../Core/Src/library/bme68x/bme68x_necessary_functions.c:95:8:bme68x_single_measure	16	static
../Core/Src/library/bme68x/bme68x_necessary_functions.c:110:8:bme68x_trigger_measure	8	static
../Core/Src/library/bme68x/bme68x_necessary_functions.c:114:10:bme68x_get_delay_ms	8	static
../Core/Src/library/bme68x/bme68x_necessary_functions.c:120:8:bme68x_read_measure	16	static
../Core/Src/library/bme68x/bme68x_necessary_functions.c:127:22:bme68x_i2c_write	56	static
../Core/Src/library/bme68x/bme68x_necessary_functions.c:139:22:bme68x_i2c_read	56	static
../Core/Src/library/bme68x/bme68x_necessary_functions.c:154:6:bme68x_delay_us	24	static
../Core/Src/library/bme68x/bme68x_necessary_functions.c:175:8:bme68x_interface_init	24	static
../Core/Src/library/bme68x/bme68x_necessary_functions.c:223:6:bme68x_GetGasReference	4	static
../Core/Src/library/bme68x/bme68x_necessary_functions.c:238:8:bme68x_GetHumidityScore	24	static
../Core/Src/library/bme68x/bme68x_necessary_functions.c:255:8:bme68x_GetGasScore	32	static
../Core/Src/library/bme68x/bme68x_necessary_functions.c:268:7:bme68x_iaq	24	static
