../Core/Src/stm32f4xx_it.c:75:6:NMI_Handler	4	static
../Core/Src/stm32f4xx_it.c:90:6:HardFault_Handler	4	static
../Core/Src/stm32f4xx_it.c:105:6:MemManage_Handler	4	static
../Core/Src/stm32f4xx_it.c:120:6:BusFault_Handler	4	static
../Core/Src/stm32f4xx_it.c:135:6:UsageFault_Handler	4	static
../Core/Src/stm32f4xx_it.c:150:6:SVC_Handler	4	static
../Core/Src/stm32f4xx_it.c:163:6:DebugMon_Handler	4	static
../Core/Src/stm32f4xx_it.c:176:6:PendSV_Handler	4	static
../Core/Src/stm32f4xx_it.c:189:6:SysTick_Handler	8	static
../Core/Src/stm32f4xx_it.c:210:6:EXTI0_IRQHandler	8	static
../Core/Src/stm32f4xx_it.c:224:6:EXTI3_IRQHandler	8	static
../Core/Src/stm32f4xx_it.c:238:6:EXTI4_IRQHandler	8	static
../Core/Src/stm32f4xx_it.c:252:6:DMA1_Stream1_IRQHandler	8	static
../Core/Src/stm32f4xx_it.c:266:6:EXTI9_5_IRQHandler	8	static
../Core/Src/stm32f4xx_it.c:283:6:TIM1_BRK_TIM9_IRQHandler	8	static
../Core/Src/stm32f4xx_it.c:297:6:TIM1_UP_TIM10_IRQHandler	8	static
../Core/Src/stm32f4xx_it.c:311:6:TIM1_TRG_COM_TIM11_IRQHandler	8	static
../Core/Src/stm32f4xx_it.c:325:6:TIM1_CC_IRQHandler	8	static
../Core/Src/stm32f4xx_it.c:339:6:TIM3_IRQHandler	8	static
../Core/Src/stm32f4xx_it.c:353:6:TIM6_DAC_IRQHandler	8	static
../Core/Src/stm32f4xx_it.c:367:6:USART2_IRQHandler	8	static
../Core/Src/stm32f4xx_it.c:381:6:USART3_IRQHandler	8	static
../Core/Src/stm32f4xx_it.c:395:6:EXTI15_10_IRQHandler	8	static
../Core/Src/stm32f4xx_it.c:411:6:OTG_FS_IRQHandler	8	static
