../USB_DEVICE/App/usbd_cdc_if.c:154:15:CDC_Init_FS	8	static
../USB_DEVICE/App/usbd_cdc_if.c:168:15:CDC_DeInit_FS	4	static
../USB_DEVICE/App/usbd_cdc_if.c:182:15:CDC_Control_FS	16	static
../USB_DEVICE/App/usbd_cdc_if.c:263:9:CDC_Receive_FS	24	static
../USB_DEVICE/App/usbd_cdc_if.c:290:9:CDC_Transmit_FS	24	static
../USB_DEVICE/App/usbd_cdc_if.c:316:15:CDC_TransmitCplt_FS	32	static
../USB_DEVICE/App/usbd_cdc_if.c:328:9:VCP_read	16	static
../USB_DEVICE/App/usbd_cdc_if.c:336:9:VCP_available	16	static
../USB_DEVICE/App/usbd_cdc_if.c:344:9:VCP_is_tx_busy	16	static
../USB_DEVICE/App/usbd_cdc_if.c:353:10:VCP_read_buffer	32	static
